sysbench 1.0.20 (using system LuaJIT 2.1.1761786044)

Running the test with following options:
Number of threads: 2
Initializing random number generator from current time


Initializing worker threads...

Threads started!

SQL statistics:
    queries performed:
        read:                            204806
        write:                           212708
        other:                           31356
        total:                           448870
    transactions:                        15672  (261.17 per sec.)
    queries:                             448870 (7480.22 per sec.)
    ignored errors:                      68     (1.13 per sec.)
    reconnects:                          0      (0.00 per sec.)

General statistics:
    total time:                          60.0069s
    total number of events:              15672

Latency (ms):
         min:                                    0.46
         avg:                                    7.66
         max:                                  386.56
         95th percentile:                       21.50
         sum:                               119985.14

Threads fairness:
    events (avg/stddev):           7836.0000/48.00
    execution time (avg/stddev):   59.9926/0.00

