sysbench 1.0.20 (using system LuaJIT 2.1.1761786044)

Running the test with following options:
Number of threads: 4
Initializing random number generator from current time


Initializing worker threads...

Threads started!

SQL statistics:
    queries performed:
        read:                            195874
        write:                           202656
        other:                           30494
        total:                           429024
    transactions:                        15238  (253.93 per sec.)
    queries:                             429024 (7149.48 per sec.)
    ignored errors:                      76     (1.27 per sec.)
    reconnects:                          0      (0.00 per sec.)

General statistics:
    total time:                          60.0070s
    total number of events:              15238

Latency (ms):
         min:                                    0.42
         avg:                                   15.75
         max:                                  544.10
         95th percentile:                       48.34
         sum:                               239993.54

Threads fairness:
    events (avg/stddev):           3809.5000/16.93
    execution time (avg/stddev):   59.9984/0.00

