sysbench 1.0.20 (using system LuaJIT 2.1.1761786044)

Running the test with following options:
Number of threads: 1
Initializing random number generator from current time


Initializing worker threads...

Threads started!

SQL statistics:
    queries performed:
        read:                            139255
        write:                           144468
        other:                           21567
        total:                           305290
    transactions:                        10782  (179.68 per sec.)
    queries:                             305290 (5087.59 per sec.)
    ignored errors:                      58     (0.97 per sec.)
    reconnects:                          0      (0.00 per sec.)

General statistics:
    total time:                          60.0060s
    total number of events:              10782

Latency (ms):
         min:                                    0.44
         avg:                                    5.56
         max:                                  318.91
         95th percentile:                       10.46
         sum:                                59990.70

Threads fairness:
    events (avg/stddev):           10782.0000/0.00
    execution time (avg/stddev):   59.9907/0.00

