sysbench 1.0.20 (using system LuaJIT 2.1.1761786044)

Running the test with following options:
Number of threads: 2
Initializing random number generator from current time


Initializing worker threads...

Threads started!

SQL statistics:
    queries performed:
        read:                            128499
        write:                           133368
        other:                           19774
        total:                           281641
    transactions:                        9884   (164.54 per sec.)
    queries:                             281641 (4688.63 per sec.)
    ignored errors:                      37     (0.62 per sec.)
    reconnects:                          0      (0.00 per sec.)

General statistics:
    total time:                          60.0655s
    total number of events:              9884

Latency (ms):
         min:                                    0.49
         avg:                                   12.15
         max:                                  367.43
         95th percentile:                       38.94
         sum:                               120104.36

Threads fairness:
    events (avg/stddev):           4942.0000/4.00
    execution time (avg/stddev):   60.0522/0.00

