sysbench 1.0.20 (using system LuaJIT 2.1.1761786044)

Running the test with following options:
Number of threads: 4
Initializing random number generator from current time


Initializing worker threads...

Threads started!

SQL statistics:
    queries performed:
        read:                            352133
        write:                           365638
        other:                           54061
        total:                           771832
    transactions:                        27014  (450.19 per sec.)
    queries:                             771832 (12862.65 per sec.)
    ignored errors:                      104    (1.73 per sec.)
    reconnects:                          0      (0.00 per sec.)

General statistics:
    total time:                          60.0050s
    total number of events:              27014

Latency (ms):
         min:                                    0.49
         avg:                                    8.88
         max:                                   82.05
         95th percentile:                       18.95
         sum:                               239971.35

Threads fairness:
    events (avg/stddev):           6753.5000/19.09
    execution time (avg/stddev):   59.9928/0.00

