sysbench 1.0.20 (using system LuaJIT 2.1.1761786044)

Running the test with following options:
Number of threads: 4
Initializing random number generator from current time


Initializing worker threads...

Threads started!

SQL statistics:
    queries performed:
        read:                            354815
        write:                           367732
        other:                           55086
        total:                           777633
    transactions:                        27522  (458.60 per sec.)
    queries:                             777633 (12957.74 per sec.)
    ignored errors:                      114    (1.90 per sec.)
    reconnects:                          0      (0.00 per sec.)

General statistics:
    total time:                          60.0123s
    total number of events:              27522

Latency (ms):
         min:                                    0.44
         avg:                                    8.72
         max:                                  169.13
         95th percentile:                       18.95
         sum:                               239984.61

Threads fairness:
    events (avg/stddev):           6880.5000/11.52
    execution time (avg/stddev):   59.9962/0.00

