sysbench 1.0.20 (using system LuaJIT 2.1.1761786044)

Running the test with following options:
Number of threads: 1
Initializing random number generator from current time


Initializing worker threads...

Threads started!

SQL statistics:
    queries performed:
        read:                            135078
        write:                           140052
        other:                           20915
        total:                           296045
    transactions:                        10456  (174.26 per sec.)
    queries:                             296045 (4933.80 per sec.)
    ignored errors:                      36     (0.60 per sec.)
    reconnects:                          0      (0.00 per sec.)

General statistics:
    total time:                          60.0027s
    total number of events:              10456

Latency (ms):
         min:                                    0.45
         avg:                                    5.74
         max:                                  295.02
         95th percentile:                       11.04
         sum:                                59987.45

Threads fairness:
    events (avg/stddev):           10456.0000/0.00
    execution time (avg/stddev):   59.9875/0.00

