sysbench 1.0.20 (using system LuaJIT 2.1.1761786044)

Running the test with following options:
Number of threads: 2
Initializing random number generator from current time


Initializing worker threads...

Threads started!

SQL statistics:
    queries performed:
        read:                            204637
        write:                           212554
        other:                           31418
        total:                           448609
    transactions:                        15706  (261.75 per sec.)
    queries:                             448609 (7476.30 per sec.)
    ignored errors:                      68     (1.13 per sec.)
    reconnects:                          0      (0.00 per sec.)

General statistics:
    total time:                          60.0034s
    total number of events:              15706

Latency (ms):
         min:                                    0.29
         avg:                                    7.64
         max:                                  394.05
         95th percentile:                       16.12
         sum:                               119983.47

Threads fairness:
    events (avg/stddev):           7853.0000/13.00
    execution time (avg/stddev):   59.9917/0.00

