sysbench 1.0.20 (using system LuaJIT 2.1.1761786044)

Running the test with following options:
Number of threads: 4
Initializing random number generator from current time


Initializing worker threads...

Threads started!

SQL statistics:
    queries performed:
        read:                            247711
        write:                           257108
        other:                           38061
        total:                           542880
    transactions:                        19020  (316.49 per sec.)
    queries:                             542880 (9033.41 per sec.)
    ignored errors:                      71     (1.18 per sec.)
    reconnects:                          0      (0.00 per sec.)

General statistics:
    total time:                          60.0951s
    total number of events:              19020

Latency (ms):
         min:                                    0.50
         avg:                                   12.63
         max:                                  389.40
         95th percentile:                       33.72
         sum:                               240290.40

Threads fairness:
    events (avg/stddev):           4755.0000/32.90
    execution time (avg/stddev):   60.0726/0.02

