sysbench 1.0.20 (using system LuaJIT 2.1.1761786044)

Running the test with following options:
Number of threads: 1
Initializing random number generator from current time


Initializing worker threads...

Threads started!

SQL statistics:
    queries performed:
        read:                            143654
        write:                           148981
        other:                           22319
        total:                           314954
    transactions:                        11158  (185.63 per sec.)
    queries:                             314954 (5239.59 per sec.)
    ignored errors:                      55     (0.91 per sec.)
    reconnects:                          0      (0.00 per sec.)

General statistics:
    total time:                          60.1082s
    total number of events:              11158

Latency (ms):
         min:                                    0.44
         avg:                                    5.39
         max:                                  197.49
         95th percentile:                       10.65
         sum:                                60089.71

Threads fairness:
    events (avg/stddev):           11158.0000/0.00
    execution time (avg/stddev):   60.0897/0.00

