sysbench 1.0.20 (using system LuaJIT 2.1.1761786044)

Running the test with following options:
Number of threads: 2
Initializing random number generator from current time


Initializing worker threads...

Threads started!

SQL statistics:
    queries performed:
        read:                            144928
        write:                           150425
        other:                           22404
        total:                           317757
    transactions:                        11197  (186.59 per sec.)
    queries:                             317757 (5295.10 per sec.)
    ignored errors:                      50     (0.83 per sec.)
    reconnects:                          0      (0.00 per sec.)

General statistics:
    total time:                          60.0088s
    total number of events:              11197

Latency (ms):
         min:                                    0.48
         avg:                                   10.72
         max:                                  347.28
         95th percentile:                       34.33
         sum:                               119990.94

Threads fairness:
    events (avg/stddev):           5598.5000/35.50
    execution time (avg/stddev):   59.9955/0.00

