sysbench 1.0.20 (using system LuaJIT 2.1.1761786044)

Running the test with following options:
Number of threads: 1
Initializing random number generator from current time


Initializing worker threads...

Threads started!

SQL statistics:
    queries performed:
        read:                            95904
        write:                           99597
        other:                           14609
        total:                           210110
    transactions:                        7303   (121.71 per sec.)
    queries:                             210110 (3501.63 per sec.)
    ignored errors:                      29     (0.48 per sec.)
    reconnects:                          0      (0.00 per sec.)

General statistics:
    total time:                          60.0028s
    total number of events:              7303

Latency (ms):
         min:                                    0.45
         avg:                                    8.21
         max:                                  317.72
         95th percentile:                       26.20
         sum:                                59987.96

Threads fairness:
    events (avg/stddev):           7303.0000/0.00
    execution time (avg/stddev):   59.9880/0.00

