sysbench 1.0.20 (using system LuaJIT 2.1.1761786044)

Running the test with following options:
Number of threads: 1
Initializing random number generator from current time


Initializing worker threads...

Threads started!

SQL statistics:
    queries performed:
        read:                            143134
        write:                           148581
        other:                           22135
        total:                           313850
    transactions:                        11066  (183.94 per sec.)
    queries:                             313850 (5216.87 per sec.)
    ignored errors:                      51     (0.85 per sec.)
    reconnects:                          0      (0.00 per sec.)

General statistics:
    total time:                          60.1570s
    total number of events:              11066

Latency (ms):
         min:                                    0.33
         avg:                                    5.43
         max:                                  207.60
         95th percentile:                       10.65
         sum:                                60138.58

Threads fairness:
    events (avg/stddev):           11066.0000/0.00
    execution time (avg/stddev):   60.1386/0.00

