=== tier=0 2026-08-22T07:05:34+00:00 host=wai ===
WARN: aesni_intel present, unloading
[sudo: authenticate] Password: 
--- cbc(aes) impls (top = highest priority, chosen by kernel) ---
name         : cbc(aes)
driver       : virtio_crypto_aes_cbc
priority     : 150
name         : cbc(aes)
driver       : cbc(ecb(aes-lib))
priority     : 100
--- lsmod virtio/aesni ---
virtio_crypto          45056  0
crypto_engine          28672  1 virtio_crypto
=== RUN 1 07:05:35 ===
Engine "afalg" set.
You have chosen to measure elapsed time instead of user CPU time.
Doing aes-128-cbc ops for 3s on 16 size blocks: 109375 aes-128-cbc ops in 3.00s
Doing aes-128-cbc ops for 3s on 64 size blocks: 109309 aes-128-cbc ops in 3.00s
Doing aes-128-cbc ops for 3s on 256 size blocks: 110716 aes-128-cbc ops in 3.00s
Doing aes-128-cbc ops for 3s on 1024 size blocks: 108775 aes-128-cbc ops in 3.00s
Doing aes-128-cbc ops for 3s on 8192 size blocks: 90972 aes-128-cbc ops in 3.00s
Doing aes-128-cbc ops for 3s on 16384 size blocks: 72023 aes-128-cbc ops in 3.00s
version: 3.5.5
built on: Wed Jul 29 16:50:53 2026 UTC
options: bn(64,64)
compiler: gcc -fPIC -pthread -m64 -Wa,--noexecstack -Wall -fzero-call-used-regs=used-gpr -Wa,--noexecstack -g -O2 -Werror=implicit-function-declaration -fno-omit-frame-pointer -mno-omit-leaf-frame-pointer -ffile-prefix-map=/build/openssl-zpw3BG/openssl-3.5.5=. -fstack-protector-strong -fstack-clash-protection -Wformat -Werror=format-security -fcf-protection -fdebug-prefix-map=/build/openssl-zpw3BG/openssl-3.5.5=/usr/src/openssl-3.5.5-1ubuntu3.3 -DOPENSSL_USE_NODELETE -DL_ENDIAN -DOPENSSL_PIC -DOPENSSL_BUILDING_OPENSSL -DZLIB -DZSTD -DNDEBUG -Wdate-time -D_FORTIFY_SOURCE=3
CPUINFO: OPENSSL_ia32cap=0xfffa32234f8bffff:0x184007bc219c27eb:0x00000810bc104410:0x0000000000000000:0x0000000000000000
The 'numbers' are in 1000s of bytes per second processed.
type             16 bytes     64 bytes    256 bytes   1024 bytes   8192 bytes  16384 bytes
aes-128-cbc        583.33k     2331.93k     9447.77k    37128.53k   248414.21k   393341.61k
=== RUN 2 07:05:53 ===
Engine "afalg" set.
You have chosen to measure elapsed time instead of user CPU time.
Doing aes-128-cbc ops for 3s on 16 size blocks: 104272 aes-128-cbc ops in 3.00s
Doing aes-128-cbc ops for 3s on 64 size blocks: 109381 aes-128-cbc ops in 3.00s
Doing aes-128-cbc ops for 3s on 256 size blocks: 117020 aes-128-cbc ops in 3.00s
Doing aes-128-cbc ops for 3s on 1024 size blocks: 111449 aes-128-cbc ops in 3.00s
Doing aes-128-cbc ops for 3s on 8192 size blocks: 88207 aes-128-cbc ops in 3.00s
Doing aes-128-cbc ops for 3s on 16384 size blocks: 85111 aes-128-cbc ops in 3.00s
version: 3.5.5
built on: Wed Jul 29 16:50:53 2026 UTC
options: bn(64,64)
compiler: gcc -fPIC -pthread -m64 -Wa,--noexecstack -Wall -fzero-call-used-regs=used-gpr -Wa,--noexecstack -g -O2 -Werror=implicit-function-declaration -fno-omit-frame-pointer -mno-omit-leaf-frame-pointer -ffile-prefix-map=/build/openssl-zpw3BG/openssl-3.5.5=. -fstack-protector-strong -fstack-clash-protection -Wformat -Werror=format-security -fcf-protection -fdebug-prefix-map=/build/openssl-zpw3BG/openssl-3.5.5=/usr/src/openssl-3.5.5-1ubuntu3.3 -DOPENSSL_USE_NODELETE -DL_ENDIAN -DOPENSSL_PIC -DOPENSSL_BUILDING_OPENSSL -DZLIB -DZSTD -DNDEBUG -Wdate-time -D_FORTIFY_SOURCE=3
CPUINFO: OPENSSL_ia32cap=0xfffa32234f8bffff:0x184007bc219c27eb:0x00000810bc104410:0x0000000000000000:0x0000000000000000
The 'numbers' are in 1000s of bytes per second processed.
type             16 bytes     64 bytes    256 bytes   1024 bytes   8192 bytes  16384 bytes
aes-128-cbc        556.12k     2333.46k     9985.71k    38041.26k   240863.91k   464819.54k
=== RUN 3 07:06:11 ===
Engine "afalg" set.
You have chosen to measure elapsed time instead of user CPU time.
Doing aes-128-cbc ops for 3s on 16 size blocks: 116072 aes-128-cbc ops in 3.00s
Doing aes-128-cbc ops for 3s on 64 size blocks: 119272 aes-128-cbc ops in 3.00s
Doing aes-128-cbc ops for 3s on 256 size blocks: 108371 aes-128-cbc ops in 3.00s
Doing aes-128-cbc ops for 3s on 1024 size blocks: 112534 aes-128-cbc ops in 3.00s
Doing aes-128-cbc ops for 3s on 8192 size blocks: 95208 aes-128-cbc ops in 3.00s
Doing aes-128-cbc ops for 3s on 16384 size blocks: 77757 aes-128-cbc ops in 3.00s
version: 3.5.5
built on: Wed Jul 29 16:50:53 2026 UTC
options: bn(64,64)
compiler: gcc -fPIC -pthread -m64 -Wa,--noexecstack -Wall -fzero-call-used-regs=used-gpr -Wa,--noexecstack -g -O2 -Werror=implicit-function-declaration -fno-omit-frame-pointer -mno-omit-leaf-frame-pointer -ffile-prefix-map=/build/openssl-zpw3BG/openssl-3.5.5=. -fstack-protector-strong -fstack-clash-protection -Wformat -Werror=format-security -fcf-protection -fdebug-prefix-map=/build/openssl-zpw3BG/openssl-3.5.5=/usr/src/openssl-3.5.5-1ubuntu3.3 -DOPENSSL_USE_NODELETE -DL_ENDIAN -DOPENSSL_PIC -DOPENSSL_BUILDING_OPENSSL -DZLIB -DZSTD -DNDEBUG -Wdate-time -D_FORTIFY_SOURCE=3
CPUINFO: OPENSSL_ia32cap=0xfffa32234f8bffff:0x184007bc219c27eb:0x00000810bc104410:0x0000000000000000:0x0000000000000000
The 'numbers' are in 1000s of bytes per second processed.
type             16 bytes     64 bytes    256 bytes   1024 bytes   8192 bytes  16384 bytes
aes-128-cbc        619.05k     2544.47k     9247.66k    38411.61k   259981.31k   424656.90k
ALL DONE tier=0
