=== tier=0 2026-08-22T07:08:00+00:00 host=wai ===
WARN: aesni_intel present, unloading
[sudo: authenticate] Password: 
--- cbc(aes) impls (top = highest priority, chosen by kernel) ---
name         : cbc(aes)
driver       : virtio_crypto_aes_cbc
priority     : 150
name         : cbc(aes)
driver       : cbc(ecb(aes-lib))
priority     : 100
--- lsmod virtio/aesni ---
virtio_crypto          45056  0
crypto_engine          28672  1 virtio_crypto
=== RUN 1 07:08:01 ===
Engine "afalg" set.
You have chosen to measure elapsed time instead of user CPU time.
Doing aes-128-cbc ops for 3s on 16 size blocks: 49568 aes-128-cbc ops in 3.00s
Doing aes-128-cbc ops for 3s on 64 size blocks: 48834 aes-128-cbc ops in 3.00s
Doing aes-128-cbc ops for 3s on 256 size blocks: 49312 aes-128-cbc ops in 3.00s
Doing aes-128-cbc ops for 3s on 1024 size blocks: 49709 aes-128-cbc ops in 3.00s
Doing aes-128-cbc ops for 3s on 8192 size blocks: 39184 aes-128-cbc ops in 3.00s
Doing aes-128-cbc ops for 3s on 16384 size blocks: 32073 aes-128-cbc ops in 3.00s
version: 3.5.5
built on: Wed Jul 29 16:50:53 2026 UTC
options: bn(64,64)
compiler: gcc -fPIC -pthread -m64 -Wa,--noexecstack -Wall -fzero-call-used-regs=used-gpr -Wa,--noexecstack -g -O2 -Werror=implicit-function-declaration -fno-omit-frame-pointer -mno-omit-leaf-frame-pointer -ffile-prefix-map=/build/openssl-zpw3BG/openssl-3.5.5=. -fstack-protector-strong -fstack-clash-protection -Wformat -Werror=format-security -fcf-protection -fdebug-prefix-map=/build/openssl-zpw3BG/openssl-3.5.5=/usr/src/openssl-3.5.5-1ubuntu3.3 -DOPENSSL_USE_NODELETE -DL_ENDIAN -DOPENSSL_PIC -DOPENSSL_BUILDING_OPENSSL -DZLIB -DZSTD -DNDEBUG -Wdate-time -D_FORTIFY_SOURCE=3
CPUINFO: OPENSSL_ia32cap=0xfffa32234f8bffff:0x184007bc219c27eb:0x00000810bc104410:0x0000000000000000:0x0000000000000000
The 'numbers' are in 1000s of bytes per second processed.
type             16 bytes     64 bytes    256 bytes   1024 bytes   8192 bytes  16384 bytes
aes-128-cbc        264.36k     1041.79k     4207.96k    16967.34k   106998.44k   175161.34k
=== RUN 2 07:08:19 ===
Engine "afalg" set.
You have chosen to measure elapsed time instead of user CPU time.
Doing aes-128-cbc ops for 3s on 16 size blocks: 50598 aes-128-cbc ops in 3.00s
Doing aes-128-cbc ops for 3s on 64 size blocks: 47280 aes-128-cbc ops in 3.00s
Doing aes-128-cbc ops for 3s on 256 size blocks: 46747 aes-128-cbc ops in 3.00s
Doing aes-128-cbc ops for 3s on 1024 size blocks: 47152 aes-128-cbc ops in 3.00s
Doing aes-128-cbc ops for 3s on 8192 size blocks: 37930 aes-128-cbc ops in 3.00s
Doing aes-128-cbc ops for 3s on 16384 size blocks: 31193 aes-128-cbc ops in 3.00s
version: 3.5.5
built on: Wed Jul 29 16:50:53 2026 UTC
options: bn(64,64)
compiler: gcc -fPIC -pthread -m64 -Wa,--noexecstack -Wall -fzero-call-used-regs=used-gpr -Wa,--noexecstack -g -O2 -Werror=implicit-function-declaration -fno-omit-frame-pointer -mno-omit-leaf-frame-pointer -ffile-prefix-map=/build/openssl-zpw3BG/openssl-3.5.5=. -fstack-protector-strong -fstack-clash-protection -Wformat -Werror=format-security -fcf-protection -fdebug-prefix-map=/build/openssl-zpw3BG/openssl-3.5.5=/usr/src/openssl-3.5.5-1ubuntu3.3 -DOPENSSL_USE_NODELETE -DL_ENDIAN -DOPENSSL_PIC -DOPENSSL_BUILDING_OPENSSL -DZLIB -DZSTD -DNDEBUG -Wdate-time -D_FORTIFY_SOURCE=3
CPUINFO: OPENSSL_ia32cap=0xfffa32234f8bffff:0x184007bc219c27eb:0x00000810bc104410:0x0000000000000000:0x0000000000000000
The 'numbers' are in 1000s of bytes per second processed.
type             16 bytes     64 bytes    256 bytes   1024 bytes   8192 bytes  16384 bytes
aes-128-cbc        269.86k     1008.64k     3989.08k    16094.55k   103574.19k   170355.37k
=== RUN 3 07:08:37 ===
Engine "afalg" set.
You have chosen to measure elapsed time instead of user CPU time.
Doing aes-128-cbc ops for 3s on 16 size blocks: 51377 aes-128-cbc ops in 3.00s
Doing aes-128-cbc ops for 3s on 64 size blocks: 45343 aes-128-cbc ops in 3.00s
Doing aes-128-cbc ops for 3s on 256 size blocks: 50183 aes-128-cbc ops in 3.00s
Doing aes-128-cbc ops for 3s on 1024 size blocks: 44703 aes-128-cbc ops in 3.00s
Doing aes-128-cbc ops for 3s on 8192 size blocks: 36316 aes-128-cbc ops in 3.00s
Doing aes-128-cbc ops for 3s on 16384 size blocks: 29839 aes-128-cbc ops in 3.00s
version: 3.5.5
built on: Wed Jul 29 16:50:53 2026 UTC
options: bn(64,64)
compiler: gcc -fPIC -pthread -m64 -Wa,--noexecstack -Wall -fzero-call-used-regs=used-gpr -Wa,--noexecstack -g -O2 -Werror=implicit-function-declaration -fno-omit-frame-pointer -mno-omit-leaf-frame-pointer -ffile-prefix-map=/build/openssl-zpw3BG/openssl-3.5.5=. -fstack-protector-strong -fstack-clash-protection -Wformat -Werror=format-security -fcf-protection -fdebug-prefix-map=/build/openssl-zpw3BG/openssl-3.5.5=/usr/src/openssl-3.5.5-1ubuntu3.3 -DOPENSSL_USE_NODELETE -DL_ENDIAN -DOPENSSL_PIC -DOPENSSL_BUILDING_OPENSSL -DZLIB -DZSTD -DNDEBUG -Wdate-time -D_FORTIFY_SOURCE=3
CPUINFO: OPENSSL_ia32cap=0xfffa32234f8bffff:0x184007bc219c27eb:0x00000810bc104410:0x0000000000000000:0x0000000000000000
The 'numbers' are in 1000s of bytes per second processed.
type             16 bytes     64 bytes    256 bytes   1024 bytes   8192 bytes  16384 bytes
aes-128-cbc        274.01k      967.32k     4282.28k    15258.62k    99166.89k   162960.73k
ALL DONE tier=0
