sysbench 1.0.20 (using system LuaJIT 2.1.1761786044)

Running the test with following options:
Number of threads: 4
Initializing random number generator from current time


Initializing worker threads...

Threads started!

SQL statistics:
    queries performed:
        read:                            326944
        write:                           339543
        other:                           50314
        total:                           716801
    transactions:                        25151  (419.14 per sec.)
    queries:                             716801 (11945.52 per sec.)
    ignored errors:                      95     (1.58 per sec.)
    reconnects:                          0      (0.00 per sec.)

General statistics:
    total time:                          60.0051s
    total number of events:              25151

Latency (ms):
         min:                                    0.30
         avg:                                    9.54
         max:                                  785.81
         95th percentile:                       18.28
         sum:                               239983.48

Threads fairness:
    events (avg/stddev):           6287.7500/32.41
    execution time (avg/stddev):   59.9959/0.00

