sysbench 1.0.20 (using system LuaJIT 2.1.1761786044)

Running the test with following options:
Number of threads: 2
Initializing random number generator from current time


Initializing worker threads...

Threads started!

SQL statistics:
    queries performed:
        read:                            358222
        write:                           372064
        other:                           54720
        total:                           785006
    transactions:                        27357  (455.92 per sec.)
    queries:                             785006 (13082.63 per sec.)
    ignored errors:                      110    (1.83 per sec.)
    reconnects:                          0      (0.00 per sec.)

General statistics:
    total time:                          60.0030s
    total number of events:              27357

Latency (ms):
         min:                                    0.32
         avg:                                    4.39
         max:                                  247.19
         95th percentile:                        9.06
         sum:                               119980.39

Threads fairness:
    events (avg/stddev):           13678.5000/66.50
    execution time (avg/stddev):   59.9902/0.00

