sysbench 1.0.20 (using system LuaJIT 2.1.1761786044)

Running the test with following options:
Number of threads: 1
Initializing random number generator from current time


Initializing worker threads...

Threads started!

SQL statistics:
    queries performed:
        read:                            102175
        write:                           105802
        other:                           15901
        total:                           223878
    transactions:                        7949   (132.45 per sec.)
    queries:                             223878 (3730.29 per sec.)
    ignored errors:                      27     (0.45 per sec.)
    reconnects:                          0      (0.00 per sec.)

General statistics:
    total time:                          60.0147s
    total number of events:              7949

Latency (ms):
         min:                                    0.49
         avg:                                    7.55
         max:                                  343.23
         95th percentile:                       16.12
         sum:                                59999.84

Threads fairness:
    events (avg/stddev):           7949.0000/0.00
    execution time (avg/stddev):   59.9998/0.00

