sysbench 1.0.20 (using system LuaJIT 2.1.1761786044)

Running the test with following options:
Number of threads: 2
Initializing random number generator from current time


Initializing worker threads...

Threads started!

SQL statistics:
    queries performed:
        read:                            136675
        write:                           142215
        other:                           20603
        total:                           299493
    transactions:                        10298  (171.62 per sec.)
    queries:                             299493 (4991.04 per sec.)
    ignored errors:                      63     (1.05 per sec.)
    reconnects:                          0      (0.00 per sec.)

General statistics:
    total time:                          60.0053s
    total number of events:              10298

Latency (ms):
         min:                                    0.49
         avg:                                   11.65
         max:                                  333.34
         95th percentile:                       38.94
         sum:                               119991.09

Threads fairness:
    events (avg/stddev):           5149.0000/24.00
    execution time (avg/stddev):   59.9955/0.00

