sysbench 1.0.20 (using system LuaJIT 2.1.1761786044)

Running the test with following options:
Number of threads: 4
Initializing random number generator from current time


Initializing worker threads...

Threads started!

SQL statistics:
    queries performed:
        read:                            193827
        write:                           201455
        other:                           29991
        total:                           425273
    transactions:                        14985  (249.50 per sec.)
    queries:                             425273 (7080.78 per sec.)
    ignored errors:                      66     (1.10 per sec.)
    reconnects:                          0      (0.00 per sec.)

General statistics:
    total time:                          60.0593s
    total number of events:              14985

Latency (ms):
         min:                                    0.46
         avg:                                   16.03
         max:                                  503.67
         95th percentile:                       45.79
         sum:                               240176.51

Threads fairness:
    events (avg/stddev):           3746.2500/8.84
    execution time (avg/stddev):   60.0441/0.01

