sysbench 1.0.20 (using system LuaJIT 2.1.1761786044)

Running the test with following options:
Number of threads: 1
Initializing random number generator from current time


Initializing worker threads...

Threads started!

SQL statistics:
    queries performed:
        read:                            122897
        write:                           127597
        other:                           18997
        total:                           269491
    transactions:                        9497   (158.28 per sec.)
    queries:                             269491 (4491.34 per sec.)
    ignored errors:                      48     (0.80 per sec.)
    reconnects:                          0      (0.00 per sec.)

General statistics:
    total time:                          60.0016s
    total number of events:              9497

Latency (ms):
         min:                                    0.48
         avg:                                    6.32
         max:                                   64.18
         95th percentile:                       13.22
         sum:                                59986.04

Threads fairness:
    events (avg/stddev):           9497.0000/0.00
    execution time (avg/stddev):   59.9860/0.00

