sysbench 1.0.20 (using system LuaJIT 2.1.1761786044)

Running the test with following options:
Number of threads: 1
Initializing random number generator from current time


Initializing worker threads...

Threads started!

SQL statistics:
    queries performed:
        read:                            85143
        write:                           88302
        other:                           13279
        total:                           186724
    transactions:                        6638   (110.63 per sec.)
    queries:                             186724 (3111.95 per sec.)
    ignored errors:                      32     (0.53 per sec.)
    reconnects:                          0      (0.00 per sec.)

General statistics:
    total time:                          60.0016s
    total number of events:              6638

Latency (ms):
         min:                                    0.44
         avg:                                    9.04
         max:                                  271.99
         95th percentile:                       28.16
         sum:                                59988.85

Threads fairness:
    events (avg/stddev):           6638.0000/0.00
    execution time (avg/stddev):   59.9889/0.00

