sysbench 1.0.20 (using system LuaJIT 2.1.1761786044)

Running the test with following options:
Number of threads: 1
Initializing random number generator from current time


Initializing worker threads...

Threads started!

SQL statistics:
    queries performed:
        read:                            125708
        write:                           130209
        other:                           19379
        total:                           275296
    transactions:                        9688   (161.45 per sec.)
    queries:                             275296 (4587.89 per sec.)
    ignored errors:                      47     (0.78 per sec.)
    reconnects:                          0      (0.00 per sec.)

General statistics:
    total time:                          60.0041s
    total number of events:              9688

Latency (ms):
         min:                                    0.46
         avg:                                    6.19
         max:                                   70.24
         95th percentile:                       12.75
         sum:                                59989.29

Threads fairness:
    events (avg/stddev):           9688.0000/0.00
    execution time (avg/stddev):   59.9893/0.00

