sysbench 1.0.20 (using system LuaJIT 2.1.1761786044)

Running the test with following options:
Number of threads: 4
Initializing random number generator from current time


Initializing worker threads...

Threads started!

SQL statistics:
    queries performed:
        read:                            213517
        write:                           221432
        other:                           32870
        total:                           467819
    transactions:                        16429  (273.79 per sec.)
    queries:                             467819 (7796.16 per sec.)
    ignored errors:                      89     (1.48 per sec.)
    reconnects:                          0      (0.00 per sec.)

General statistics:
    total time:                          60.0056s
    total number of events:              16429

Latency (ms):
         min:                                    0.46
         avg:                                   14.61
         max:                                  470.71
         95th percentile:                       37.56
         sum:                               239985.61

Threads fairness:
    events (avg/stddev):           4107.2500/28.03
    execution time (avg/stddev):   59.9964/0.00

