sysbench 1.0.20 (using system LuaJIT 2.1.1761786044)

Running the test with following options:
Number of threads: 2
Initializing random number generator from current time


Initializing worker threads...

Threads started!

SQL statistics:
    queries performed:
        read:                            170971
        write:                           176985
        other:                           26588
        total:                           374544
    transactions:                        13291  (221.50 per sec.)
    queries:                             374544 (6241.95 per sec.)
    ignored errors:                      68     (1.13 per sec.)
    reconnects:                          0      (0.00 per sec.)

General statistics:
    total time:                          60.0036s
    total number of events:              13291

Latency (ms):
         min:                                    0.41
         avg:                                    9.03
         max:                                  364.02
         95th percentile:                       20.74
         sum:                               119984.85

Threads fairness:
    events (avg/stddev):           6645.5000/1.50
    execution time (avg/stddev):   59.9924/0.00

