sysbench 1.0.20 (using system LuaJIT 2.1.1761786044)

Running the test with following options:
Number of threads: 2
Initializing random number generator from current time


Initializing worker threads...

Threads started!

SQL statistics:
    queries performed:
        read:                            168253
        write:                           174894
        other:                           26114
        total:                           369261
    transactions:                        13054  (217.56 per sec.)
    queries:                             369261 (6154.03 per sec.)
    ignored errors:                      52     (0.87 per sec.)
    reconnects:                          0      (0.00 per sec.)

General statistics:
    total time:                          60.0025s
    total number of events:              13054

Latency (ms):
         min:                                    0.49
         avg:                                    9.19
         max:                                  394.12
         95th percentile:                       21.50
         sum:                               119982.98

Threads fairness:
    events (avg/stddev):           6527.0000/15.00
    execution time (avg/stddev):   59.9915/0.00

