sysbench 1.0.20 (using system LuaJIT 2.1.1761786044)

Running the test with following options:
Number of threads: 4
Initializing random number generator from current time


Initializing worker threads...

Threads started!

SQL statistics:
    queries performed:
        read:                            224888
        write:                           233276
        other:                           34898
        total:                           493062
    transactions:                        17443  (290.64 per sec.)
    queries:                             493062 (8215.55 per sec.)
    ignored errors:                      73     (1.22 per sec.)
    reconnects:                          0      (0.00 per sec.)

General statistics:
    total time:                          60.0149s
    total number of events:              17443

Latency (ms):
         min:                                    0.49
         avg:                                   13.76
         max:                                  531.62
         95th percentile:                       34.33
         sum:                               240007.45

Threads fairness:
    events (avg/stddev):           4360.7500/31.67
    execution time (avg/stddev):   60.0019/0.00

