sysbench 1.0.20 (using system LuaJIT 2.1.1761786044)

Running the test with following options:
Number of threads: 1
Initializing random number generator from current time


Initializing worker threads...

Threads started!

SQL statistics:
    queries performed:
        read:                            153974
        write:                           159881
        other:                           23879
        total:                           337734
    transactions:                        11938  (198.96 per sec.)
    queries:                             337734 (5628.73 per sec.)
    ignored errors:                      55     (0.92 per sec.)
    reconnects:                          0      (0.00 per sec.)

General statistics:
    total time:                          60.0011s
    total number of events:              11938

Latency (ms):
         min:                                    0.47
         avg:                                    5.02
         max:                                  330.18
         95th percentile:                        9.56
         sum:                                59985.29

Threads fairness:
    events (avg/stddev):           11938.0000/0.00
    execution time (avg/stddev):   59.9853/0.00

