sysbench 1.0.20 (using system LuaJIT 2.1.1761786044)

Running the test with following options:
Number of threads: 4
Initializing random number generator from current time


Initializing worker threads...

Threads started!

SQL statistics:
    queries performed:
        read:                            195760
        write:                           203180
        other:                           30034
        total:                           428974
    transactions:                        15011  (250.16 per sec.)
    queries:                             428974 (7148.95 per sec.)
    ignored errors:                      62     (1.03 per sec.)
    reconnects:                          0      (0.00 per sec.)

General statistics:
    total time:                          60.0044s
    total number of events:              15011

Latency (ms):
         min:                                    0.49
         avg:                                   15.99
         max:                                  538.14
         95th percentile:                       44.98
         sum:                               239984.21

Threads fairness:
    events (avg/stddev):           3752.7500/18.87
    execution time (avg/stddev):   59.9961/0.00

