sysbench 1.0.20 (using system LuaJIT 2.1.1761786044)

Running the test with following options:
Number of threads: 2
Initializing random number generator from current time


Initializing worker threads...

Threads started!

SQL statistics:
    queries performed:
        read:                            288363
        write:                           299501
        other:                           44546
        total:                           632410
    transactions:                        22270  (371.07 per sec.)
    queries:                             632410 (10537.28 per sec.)
    ignored errors:                      91     (1.52 per sec.)
    reconnects:                          0      (0.00 per sec.)

General statistics:
    total time:                          60.0157s
    total number of events:              22270

Latency (ms):
         min:                                    0.44
         avg:                                    5.39
         max:                                  145.87
         95th percentile:                       11.45
         sum:                               120000.87

Threads fairness:
    events (avg/stddev):           11135.0000/13.00
    execution time (avg/stddev):   60.0004/0.00

