sysbench 1.0.20 (using system LuaJIT 2.1.1761786044)

Running the test with following options:
Number of threads: 2
Initializing random number generator from current time


Initializing worker threads...

Threads started!

SQL statistics:
    queries performed:
        read:                            286377
        write:                           296725
        other:                           44360
        total:                           627462
    transactions:                        22177  (369.57 per sec.)
    queries:                             627462 (10456.50 per sec.)
    ignored errors:                      98     (1.63 per sec.)
    reconnects:                          0      (0.00 per sec.)

General statistics:
    total time:                          60.0062s
    total number of events:              22177

Latency (ms):
         min:                                    0.46
         avg:                                    5.41
         max:                                  222.05
         95th percentile:                       11.65
         sum:                               119982.35

Threads fairness:
    events (avg/stddev):           11088.5000/102.50
    execution time (avg/stddev):   59.9912/0.00

