sysbench 1.0.20 (using system LuaJIT 2.1.1761786044)

Running the test with following options:
Number of threads: 4
Initializing random number generator from current time


Initializing worker threads...

Threads started!

SQL statistics:
    queries performed:
        read:                            195297
        write:                           202789
        other:                           30235
        total:                           428321
    transactions:                        15108  (251.76 per sec.)
    queries:                             428321 (7137.49 per sec.)
    ignored errors:                      72     (1.20 per sec.)
    reconnects:                          0      (0.00 per sec.)

General statistics:
    total time:                          60.0093s
    total number of events:              15108

Latency (ms):
         min:                                    0.48
         avg:                                   15.89
         max:                                  525.20
         95th percentile:                       44.17
         sum:                               239993.93

Threads fairness:
    events (avg/stddev):           3777.0000/25.29
    execution time (avg/stddev):   59.9985/0.00

