sysbench 1.0.20 (using system LuaJIT 2.1.1761786044)

Running the test with following options:
Number of threads: 1
Initializing random number generator from current time


Initializing worker threads...

Threads started!

SQL statistics:
    queries performed:
        read:                            195389
        write:                           202952
        other:                           30281
        total:                           428622
    transactions:                        15139  (252.31 per sec.)
    queries:                             428622 (7143.47 per sec.)
    ignored errors:                      39     (0.65 per sec.)
    reconnects:                          0      (0.00 per sec.)

General statistics:
    total time:                          60.0012s
    total number of events:              15139

Latency (ms):
         min:                                    0.30
         avg:                                    3.96
         max:                                  340.48
         95th percentile:                        7.84
         sum:                                59984.95

Threads fairness:
    events (avg/stddev):           15139.0000/0.00
    execution time (avg/stddev):   59.9850/0.00

