sysbench 1.0.20 (using system LuaJIT 2.1.1761786044)

Running the test with following options:
Number of threads: 2
Initializing random number generator from current time


Initializing worker threads...

Threads started!

SQL statistics:
    queries performed:
        read:                            289068
        write:                           300321
        other:                           44544
        total:                           633933
    transactions:                        22269  (371.12 per sec.)
    queries:                             633933 (10564.80 per sec.)
    ignored errors:                      93     (1.55 per sec.)
    reconnects:                          0      (0.00 per sec.)

General statistics:
    total time:                          60.0034s
    total number of events:              22269

Latency (ms):
         min:                                    0.46
         avg:                                    5.39
         max:                                  393.51
         95th percentile:                       10.65
         sum:                               119980.36

Threads fairness:
    events (avg/stddev):           11134.5000/9.50
    execution time (avg/stddev):   59.9902/0.00

