sysbench 1.0.20 (using system LuaJIT 2.1.1761786044)

Running the test with following options:
Number of threads: 4
Initializing random number generator from current time


Initializing worker threads...

Threads started!

SQL statistics:
    queries performed:
        read:                            329878
        write:                           342219
        other:                           50704
        total:                           722801
    transactions:                        25346  (421.80 per sec.)
    queries:                             722801 (12028.51 per sec.)
    ignored errors:                      113    (1.88 per sec.)
    reconnects:                          0      (0.00 per sec.)

General statistics:
    total time:                          60.0900s
    total number of events:              25346

Latency (ms):
         min:                                    0.41
         avg:                                    9.48
         max:                                  463.03
         95th percentile:                       24.83
         sum:                               240282.20

Threads fairness:
    events (avg/stddev):           6336.5000/36.72
    execution time (avg/stddev):   60.0706/0.01

