sysbench 1.0.20 (using system LuaJIT 2.1.1761786044)

Running the test with following options:
Number of threads: 2
Initializing random number generator from current time


Initializing worker threads...

Threads started!

SQL statistics:
    queries performed:
        read:                            290985
        write:                           301824
        other:                           44620
        total:                           637429
    transactions:                        22307  (371.75 per sec.)
    queries:                             637429 (10622.96 per sec.)
    ignored errors:                      100    (1.67 per sec.)
    reconnects:                          0      (0.00 per sec.)

General statistics:
    total time:                          60.0041s
    total number of events:              22307

Latency (ms):
         min:                                    0.38
         avg:                                    5.38
         max:                                  341.45
         95th percentile:                       10.46
         sum:                               119980.02

Threads fairness:
    events (avg/stddev):           11153.5000/62.50
    execution time (avg/stddev):   59.9900/0.00

