sysbench 1.0.20 (using system LuaJIT 2.1.1761786044)

Running the test with following options:
Number of threads: 2
Initializing random number generator from current time


Initializing worker threads...

Threads started!

SQL statistics:
    queries performed:
        read:                            253987
        write:                           263578
        other:                           39278
        total:                           556843
    transactions:                        19636  (327.25 per sec.)
    queries:                             556843 (9280.11 per sec.)
    ignored errors:                      91     (1.52 per sec.)
    reconnects:                          0      (0.00 per sec.)

General statistics:
    total time:                          60.0032s
    total number of events:              19636

Latency (ms):
         min:                                    0.42
         avg:                                    6.11
         max:                                  361.67
         95th percentile:                       12.08
         sum:                               119981.31

Threads fairness:
    events (avg/stddev):           9818.0000/3.00
    execution time (avg/stddev):   59.9907/0.00

