=== PAGERANK SUMMARY ===
edge_file=/mnt/data/wiki/wiki-Talk-1m.txt
iterations=10 cores=2 links=66623
build_s=4.151 sort_s=0.977
iter_s=1.005,1.687,1.721,1.885,2.000,1.909,1.969,1.991,2.196,2.244
total_s=23.735
33 rank=19.798855
1764 rank=11.219238
4251 rank=9.462049
1113 rank=9.254204
4709 rank=9.069880
952 rank=8.823452
3 rank=8.262297
127 rank=8.056797
1882 rank=7.910007
145 rank=7.794254

---STDERR---
WARNING: Using incubator modules: jdk.incubator.vector
Using Spark's default log4j profile: org/apache/spark/log4j2-defaults.properties
26/08/20 05:17:25 WARN Utils: Your hostname, wai, resolves to a loopback address: 127.0.1.1; using 10.0.2.15 instead (on interface ens4)
26/08/20 05:17:25 WARN Utils: Set SPARK_LOCAL_IP if you need to bind to another address
Using Spark's default log4j profile: org/apache/spark/log4j2-defaults.properties
26/08/20 05:17:25 INFO SparkContext: Running Spark version 4.2.0
26/08/20 05:17:25 INFO SparkContext: OS info Linux, 7.0.0-29-generic, amd64
26/08/20 05:17:25 INFO SparkContext: Java version 17.0.19+10-1-26.04.2-Ubuntu
26/08/20 05:17:25 WARN NativeCodeLoader: Unable to load native-hadoop library for your platform... using builtin-java classes where applicable
26/08/20 05:17:25 WARN SparkConf: Note that spark.local.dir will be overridden by the value set by the cluster manager (via SPARK_LOCAL_DIRS in standalone/kubernetes and LOCAL_DIRS in YARN).
26/08/20 05:17:25 INFO ResourceUtils: ==============================================================
26/08/20 05:17:25 INFO ResourceUtils: No custom resources configured for spark.driver.
26/08/20 05:17:25 INFO ResourceUtils: ==============================================================
26/08/20 05:17:25 INFO SparkContext: Submitted application: WikiPageRank
26/08/20 05:17:26 INFO SecurityManager: Changing view acls to: wai
26/08/20 05:17:26 INFO SecurityManager: Changing modify acls to: wai
26/08/20 05:17:26 INFO SecurityManager: Changing view acls groups to: wai
26/08/20 05:17:26 INFO SecurityManager: Changing modify acls groups to: wai
26/08/20 05:17:26 INFO SecurityManager: SecurityManager: authentication disabled; ui acls disabled; users with view permissions: wai groups with view permissions: EMPTY; users with modify permissions: wai; groups with modify permissions: EMPTY; RPC SSL disabled
26/08/20 05:17:26 INFO Utils: Successfully started service 'sparkDriver' on port 46269.
26/08/20 05:17:26 INFO SparkEnv: Registering MapOutputTracker
26/08/20 05:17:26 INFO SparkEnv: Registering BlockManagerMaster
26/08/20 05:17:26 INFO BlockManagerMasterEndpoint: Using org.apache.spark.storage.DefaultTopologyMapper for getting topology information
26/08/20 05:17:26 INFO BlockManagerMasterEndpoint: BlockManagerMasterEndpoint up
26/08/20 05:17:26 INFO SparkEnv: Registering BlockManagerMasterHeartbeat
26/08/20 05:17:26 INFO DiskBlockManager: Created local directory at /mnt/data/spark-tmp/blockmgr-657f2981-6c12-4bc9-ab6c-0fbce95a5b96
26/08/20 05:17:26 INFO SparkEnv: Registering OutputCommitCoordinator
26/08/20 05:17:26 INFO JettyUtils: Start Jetty 0.0.0.0:4040 for SparkUI
26/08/20 05:17:26 INFO Utils: Successfully started service 'SparkUI' on port 4040.
26/08/20 05:17:26 INFO ResourceProfile: Default ResourceProfile created, executor resources: Map(cores -> name: cores, amount: 1, script: , vendor: , memory -> name: memory, amount: 1024, script: , vendor: , offHeap -> name: offHeap, amount: 0, script: , vendor: ), task resources: Map(cpus -> name: cpus, amount: 1.0)
26/08/20 05:17:26 INFO ResourceProfile: Limiting resource is cpu
26/08/20 05:17:26 INFO ResourceProfileManager: Added ResourceProfile id: 0
26/08/20 05:17:26 INFO SecurityManager: Changing view acls to: wai
26/08/20 05:17:26 INFO SecurityManager: Changing modify acls to: wai
26/08/20 05:17:26 INFO SecurityManager: Changing view acls groups to: wai
26/08/20 05:17:26 INFO SecurityManager: Changing modify acls groups to: wai
26/08/20 05:17:26 INFO SecurityManager: SecurityManager: authentication disabled; ui acls disabled; users with view permissions: wai groups with view permissions: EMPTY; users with modify permissions: wai; groups with modify permissions: EMPTY; RPC SSL disabled
26/08/20 05:17:26 INFO Executor: Starting executor ID driver on host 10.0.2.15
26/08/20 05:17:26 INFO Executor: Running Spark version 4.2.0
26/08/20 05:17:26 INFO Executor: OS info Linux, 7.0.0-29-generic, amd64
26/08/20 05:17:26 INFO Executor: Java version 17.0.19+10-1-26.04.2-Ubuntu
26/08/20 05:17:26 INFO Executor: Starting executor with user classpath (userClassPathFirst = false): ''
26/08/20 05:17:26 INFO Executor: Created or updated repl class loader org.apache.spark.util.MutableURLClassLoader@2fe08018 for default.
26/08/20 05:17:26 INFO Utils: Successfully started service 'org.apache.spark.network.netty.NettyBlockTransferService' on port 34305.
26/08/20 05:17:26 INFO NettyBlockTransferService: Server created on 10.0.2.15:34305
26/08/20 05:17:26 INFO BlockManager: Using org.apache.spark.storage.RandomBlockReplicationPolicy for block replication policy
26/08/20 05:17:26 INFO BlockManagerMaster: Registering BlockManager BlockManagerId(driver, 10.0.2.15, 34305, None)
26/08/20 05:17:26 INFO BlockManagerMasterEndpoint: Registering block manager 10.0.2.15:34305 with 434.4 MiB RAM, BlockManagerId(driver, 10.0.2.15, 34305, None)
26/08/20 05:17:26 INFO BlockManagerMaster: Registered BlockManager BlockManagerId(driver, 10.0.2.15, 34305, None)
26/08/20 05:17:26 INFO BlockManager: Initialized BlockManager: BlockManagerId(driver, 10.0.2.15, 34305, None)
