sysbench 1.0.20 (using system LuaJIT 2.1.1761786044)

Running the test with following options:
Number of threads: 2
Initializing random number generator from current time


Initializing worker threads...

Threads started!

SQL statistics:
    queries performed:
        read:                            255605
        write:                           265488
        other:                           39422
        total:                           560515
    transactions:                        19706  (328.32 per sec.)
    queries:                             560515 (9338.72 per sec.)
    ignored errors:                      84     (1.40 per sec.)
    reconnects:                          0      (0.00 per sec.)

General statistics:
    total time:                          60.0194s
    total number of events:              19706

Latency (ms):
         min:                                    0.48
         avg:                                    6.09
         max:                                  418.21
         95th percentile:                       12.08
         sum:                               120001.67

Threads fairness:
    events (avg/stddev):           9853.0000/52.00
    execution time (avg/stddev):   60.0008/0.00

