sysbench 1.0.20 (using system LuaJIT 2.1.1761786044)

Running the test with following options:
Number of threads: 2
Initializing random number generator from current time


Initializing worker threads...

Threads started!

SQL statistics:
    queries performed:
        read:                            233441
        write:                           242395
        other:                           35904
        total:                           511740
    transactions:                        17949  (298.70 per sec.)
    queries:                             511740 (8516.27 per sec.)
    ignored errors:                      76     (1.26 per sec.)
    reconnects:                          0      (0.00 per sec.)

General statistics:
    total time:                          60.0889s
    total number of events:              17949

Latency (ms):
         min:                                    0.41
         avg:                                    6.69
         max:                                  368.77
         95th percentile:                       13.70
         sum:                               120082.97

Threads fairness:
    events (avg/stddev):           8974.5000/17.50
    execution time (avg/stddev):   60.0415/0.03

