sysbench 1.0.20 (using system LuaJIT 2.1.1761786044)

Running the test with following options:
Number of threads: 1
Initializing random number generator from current time


Initializing worker threads...

Threads started!

SQL statistics:
    queries performed:
        read:                            186162
        write:                           193008
        other:                           28799
        total:                           407969
    transactions:                        14398  (239.96 per sec.)
    queries:                             407969 (6799.27 per sec.)
    ignored errors:                      52     (0.87 per sec.)
    reconnects:                          0      (0.00 per sec.)

General statistics:
    total time:                          60.0012s
    total number of events:              14398

Latency (ms):
         min:                                    0.49
         avg:                                    4.17
         max:                                  177.75
         95th percentile:                        8.13
         sum:                                59984.62

Threads fairness:
    events (avg/stddev):           14398.0000/0.00
    execution time (avg/stddev):   59.9846/0.00

