sysbench 1.0.20 (using system LuaJIT 2.1.1761786044)

Running the test with following options:
Number of threads: 2
Initializing random number generator from current time


Initializing worker threads...

Threads started!

SQL statistics:
    queries performed:
        read:                            244460
        write:                           253801
        other:                           37778
        total:                           536039
    transactions:                        18886  (314.73 per sec.)
    queries:                             536039 (8932.80 per sec.)
    ignored errors:                      85     (1.42 per sec.)
    reconnects:                          0      (0.00 per sec.)

General statistics:
    total time:                          60.0072s
    total number of events:              18886

Latency (ms):
         min:                                    0.39
         avg:                                    6.35
         max:                                  403.78
         95th percentile:                       12.52
         sum:                               119983.42

Threads fairness:
    events (avg/stddev):           9443.0000/16.00
    execution time (avg/stddev):   59.9917/0.00

