sysbench 1.0.20 (using system LuaJIT 2.1.1761786044)

Running the test with following options:
Number of threads: 4
Initializing random number generator from current time


Initializing worker threads...

Threads started!

SQL statistics:
    queries performed:
        read:                            310379
        write:                           321780
        other:                           48109
        total:                           680268
    transactions:                        24021  (400.30 per sec.)
    queries:                             680268 (11336.27 per sec.)
    ignored errors:                      91     (1.52 per sec.)
    reconnects:                          0      (0.00 per sec.)

General statistics:
    total time:                          60.0074s
    total number of events:              24021

Latency (ms):
         min:                                    0.48
         avg:                                    9.99
         max:                                  488.12
         95th percentile:                       25.28
         sum:                               239984.82

Threads fairness:
    events (avg/stddev):           6005.2500/28.81
    execution time (avg/stddev):   59.9962/0.00

