sysbench 1.0.20 (using system LuaJIT 2.1.1761786044)

Running the test with following options:
Number of threads: 1
Initializing random number generator from current time


Initializing worker threads...

Threads started!

SQL statistics:
    queries performed:
        read:                            95586
        write:                           98938
        other:                           14703
        total:                           209227
    transactions:                        7350   (122.47 per sec.)
    queries:                             209227 (3486.39 per sec.)
    ignored errors:                      35     (0.58 per sec.)
    reconnects:                          0      (0.00 per sec.)

General statistics:
    total time:                          60.0116s
    total number of events:              7350

Latency (ms):
         min:                                    0.50
         avg:                                    8.16
         max:                                  413.00
         95th percentile:                       28.16
         sum:                                59997.10

Threads fairness:
    events (avg/stddev):           7350.0000/0.00
    execution time (avg/stddev):   59.9971/0.00

