sysbench 1.0.20 (using system LuaJIT 2.1.1761786044)

Running the test with following options:
Number of threads: 2
Initializing random number generator from current time


Initializing worker threads...

Threads started!

SQL statistics:
    queries performed:
        read:                            183003
        write:                           189797
        other:                           27978
        total:                           400778
    transactions:                        13981  (232.60 per sec.)
    queries:                             400778 (6667.62 per sec.)
    ignored errors:                      47     (0.78 per sec.)
    reconnects:                          0      (0.00 per sec.)

General statistics:
    total time:                          60.1054s
    total number of events:              13981

Latency (ms):
         min:                                    0.46
         avg:                                    8.59
         max:                                  300.15
         95th percentile:                       20.74
         sum:                               120106.54

Threads fairness:
    events (avg/stddev):           6990.5000/24.50
    execution time (avg/stddev):   60.0533/0.04

