sysbench 1.0.20 (using system LuaJIT 2.1.1761786044)

Running the test with following options:
Number of threads: 2
Initializing random number generator from current time


Initializing worker threads...

Threads started!

SQL statistics:
    queries performed:
        read:                            169208
        write:                           176086
        other:                           26010
        total:                           371304
    transactions:                        12999  (216.56 per sec.)
    queries:                             371304 (6185.86 per sec.)
    ignored errors:                      44     (0.73 per sec.)
    reconnects:                          0      (0.00 per sec.)

General statistics:
    total time:                          60.0232s
    total number of events:              12999

Latency (ms):
         min:                                    0.50
         avg:                                    9.23
         max:                                  335.03
         95th percentile:                       28.67
         sum:                               120019.71

Threads fairness:
    events (avg/stddev):           6499.5000/4.50
    execution time (avg/stddev):   60.0099/0.00

