sysbench 1.0.20 (using system LuaJIT 2.1.1761786044)

Running the test with following options:
Number of threads: 4
Initializing random number generator from current time


Initializing worker threads...

Threads started!

SQL statistics:
    queries performed:
        read:                            250127
        write:                           259061
        other:                           38960
        total:                           548148
    transactions:                        19460  (324.16 per sec.)
    queries:                             548148 (9130.93 per sec.)
    ignored errors:                      91     (1.52 per sec.)
    reconnects:                          0      (0.00 per sec.)

General statistics:
    total time:                          60.0313s
    total number of events:              19460

Latency (ms):
         min:                                    0.50
         avg:                                   12.34
         max:                                  484.21
         95th percentile:                       32.53
         sum:                               240067.46

Threads fairness:
    events (avg/stddev):           4865.0000/11.00
    execution time (avg/stddev):   60.0169/0.00

