sysbench 1.0.20 (using system LuaJIT 2.1.1761786044)

Running the test with following options:
Number of threads: 1
Initializing random number generator from current time


Initializing worker threads...

Threads started!

SQL statistics:
    queries performed:
        read:                            82677
        write:                           85537
        other:                           12719
        total:                           180933
    transactions:                        6358   (105.96 per sec.)
    queries:                             180933 (3015.26 per sec.)
    ignored errors:                      22     (0.37 per sec.)
    reconnects:                          0      (0.00 per sec.)

General statistics:
    total time:                          60.0049s
    total number of events:              6358

Latency (ms):
         min:                                    0.45
         avg:                                    9.44
         max:                                  398.92
         95th percentile:                       32.53
         sum:                                59992.36

Threads fairness:
    events (avg/stddev):           6358.0000/0.00
    execution time (avg/stddev):   59.9924/0.00

