sysbench 1.0.20 (using system LuaJIT 2.1.1761786044)

Running the test with following options:
Number of threads: 1
Initializing random number generator from current time


Initializing worker threads...

Threads started!

SQL statistics:
    queries performed:
        read:                            200804
        write:                           208275
        other:                           31137
        total:                           440216
    transactions:                        15567  (259.43 per sec.)
    queries:                             440216 (7336.38 per sec.)
    ignored errors:                      57     (0.95 per sec.)
    reconnects:                          0      (0.00 per sec.)

General statistics:
    total time:                          60.0038s
    total number of events:              15567

Latency (ms):
         min:                                    0.26
         avg:                                    3.85
         max:                                  338.59
         95th percentile:                        7.17
         sum:                                59986.29

Threads fairness:
    events (avg/stddev):           15567.0000/0.00
    execution time (avg/stddev):   59.9863/0.00

