[ #0] iov_cnt=2 total_len=584:
00 04 00 00 01 00 00 00 00 00 00 00 00 00 00 00 00 00 00 00 00 00 00 00 00 02 00 00 00 02 00 00 
00 00 00 00 00 00 00 00 00 00 00 00 00 00 00 00 00 00 00 00 00 00 00 00 00 00 00 00 00 00 00 00 
00 00 00 00 00 00 00 00 c5 0d c3 ce 3e b6 60 6d 0e 29 e6 81 db 3b c7 f6 2e 04 a7 e0 06 21 69 64 
ec 3e 20 72 1d 38 06 ce 61 d8 b2 53 4d ec 3c 60 c1 68 05 cf 6d dd 2b 6d 6f 87 8b d1 d2 61 b6 f9 
37 60 f9 88 8e 61 59 60 cb 0e 90 6b 2d 18 6e 34 53 4d 51 33 3d 3d 68 46 b9 84 aa 9c cd ad fb fc 
c5 85 81 1d 5d 6f c0 a4 85 7c d5 d5 ae fc 2b f1 67 c8 43 c6 f6 02 b1 a5 3a 86 9c f7 e4 c4 43 4b 
16 6d 4f 7b 37 3f c1 48 2a 7c d9 04 5a 3c 75 a3 87 2f d0 2c ed 2d 08 91 d5 90 a5 b2 c1 63 dd a8 
a7 e6 fa e9 e7 ed e7 56 df 92 8a 13 61 55 f7 fb cf f4 7f 71 3a 7a 4d 29 2c 20 be 11 95 1f f3 29 
58 49 9a a6 0d 46 92 36 14 b3 61 9a 1a a7 c8 e9 eb 40 ce 73 92 1e e7 c1 61 1a 9c 96 86 19 92 53 
37 77 88 85 ef fd d1 93 fa 64 b9 55 92 4e 06 3a d2 10 f3 7f b6 f0 91 5d d2 d2 b3 d9 e0 86 60 2c 
f9 9d e1 6d 8c 10 2e ef 16 b5 9c 71 5c 18 62 a8 29 bd a8 57 4c dc bc 3b ae a4 87 94 0c 77 ce 86 
47 80 81 9f f1 27 4a 07 7c 32 17 2b b6 ac cf 16 ff 46 9a 28 3f db 9c 9d e2 71 6c 37 0b 2b 49 2d 
d4 41 29 8a 3a bb 02 5d 00 d7 84 97 eb 7c 4a b8 78 41 8f b0 00 40 57 e4 7f 20 d0 f3 0b c9 4a ee 
87 34 e1 74 f1 1c 4a 29 38 5b ed 9b 33 20 58 1f 2c bf 35 43 1c 40 f4 ff 87 b1 c0 df c9 72 db 48 
67 9f 03 22 39 f9 0a 1b 74 da 25 12 57 2c c9 67 f7 52 7b ec 2a 10 da 95 d7 86 99 8f 58 de 77 98 
08 d4 1c bd 7e c2 69 c7 4e 2f a2 56 a2 59 87 7e 9e 50 9c 34 fe 64 fd 94 3f 69 18 cb 9b 8a c5 cf 
01 d7 c0 6b 69 22 6a fb de 5d 56 04 8f 43 4d ac 80 05 09 1a fb ce 8b 94 2c ef f0 90 92 a9 17 bc 
48 c8 6c 5e fd af 50 02 3d ba cb 8a c7 e8 fc 0d 16 4f d0 17 49 1a ba e4 1c 9f 63 97 e4 2f 79 c8 
f5 2c 4f ab 5e f0 b6 76 
[ #0] iov_cnt=2 total_len=584:
00 04 00 00 01 00 00 00 00 00 00 00 00 00 00 00 00 00 00 00 00 00 00 00 00 02 00 00 00 02 00 00 
00 00 00 00 00 00 00 00 00 00 00 00 00 00 00 00 00 00 00 00 00 00 00 00 00 00 00 00 00 00 00 00 
00 00 00 00 00 00 00 00 50 e1 64 6d db b7 14 f2 84 62 56 7a 9b 46 44 e4 fd a9 77 c1 04 5b cd 6e 
11 4c 42 15 14 f8 e2 ac 61 3e 48 bb 4a 6f e0 39 3e 4f ce ba 74 70 fe 3c 85 08 f7 ad 11 1e 02 6a 
cb ff 1c a0 d9 89 49 99 9a a7 a9 b3 e8 f3 01 3a 82 c5 da db ae 36 a6 76 7f 0f 9b 26 75 ea 5e a6 
45 c3 69 df d2 37 2c 2e e8 ff 33 ca f4 9f 8a b7 25 43 4a 37 56 ae 90 5b 4a 4e 41 4e b5 79 5d 7b 
a7 b0 19 80 80 f7 31 b0 87 18 1f dd d9 d4 bf 53 49 ec cc f9 b8 f5 30 b6 75 dc f9 7d 32 fe b2 d8 
36 13 6e 50 7a be fa 58 87 93 c8 5e 81 b3 69 39 6b f6 9f 3e 8c b1 d4 76 39 57 f0 b2 70 f5 dc 47 
23 38 d4 bd 03 fc fe c5 db 64 ca 27 c5 a6 90 12 c2 f7 76 ef 43 86 cc 1e 5b d2 ca e6 a3 37 71 e9 
d5 5a e7 f4 8f 66 6c 6e e9 dd 0b c5 53 d9 a6 c1 25 30 d9 5e 09 a1 df 49 a5 56 05 72 64 9c bc 61 
35 96 22 53 44 4d af dd 4a 41 1c 25 d8 4d 74 e9 a8 e7 95 43 15 f7 55 59 cb ef e0 30 66 92 c6 4d 
36 8c 7a 9a 13 2d 2a 33 5f e4 30 ff 45 1c f4 8c 9a f3 a2 bd d4 d3 c0 55 57 8e 27 44 56 db d7 d7 
fc 87 4e a4 8a a0 49 5d 2f ee fd 31 ab f0 82 2e 8b 6f 08 fe 5a 36 44 a1 e8 59 ed c5 62 a9 8e ee 
8d f2 e5 80 32 f6 6c 24 e2 8a 3d 1f 7d bd 99 1b 11 c1 08 ce 7a 2e 20 e0 c7 c4 ca 9c 14 3f 82 df 
b9 89 15 b8 e3 67 59 76 39 db aa 16 57 a0 c2 1c 83 12 47 92 f1 c5 51 04 f3 b9 0c 9f 1c 5e 84 26 
e6 c9 17 51 ab 79 64 46 2e 44 57 62 81 83 97 d4 b7 29 fb ea e2 3d c3 bb e1 72 00 fd f7 09 bb 7f 
99 52 aa 7b 0a d7 5f ee 1d a3 6f 80 d4 7e 90 c4 b6 3e 3e fa b1 8d c4 16 b0 b1 b0 1f b8 3a b9 b1 
88 49 f9 4b da 0d 89 54 25 62 a5 08 b3 c1 1c 3b 73 b0 ad f5 64 c6 fc 41 00 8e be 3c 1a da b9 e6 
6d a3 08 41 7e 5f f2 c2 
[ #0] iov_cnt=2 total_len=584:
00 04 00 00 01 00 00 00 00 00 00 00 00 00 00 00 00 00 00 00 00 00 00 00 00 02 00 00 00 02 00 00 
00 00 00 00 00 00 00 00 00 00 00 00 00 00 00 00 00 00 00 00 00 00 00 00 00 00 00 00 00 00 00 00 
00 00 00 00 00 00 00 00 36 be a8 2b c3 fe 9a 71 b8 3c 0e c3 ba fd 96 4f 38 ff c4 d2 e9 2d 3c e6 
73 6a be 68 96 17 7d be 39 5d 27 c6 42 7a 23 2b 48 ae 5a 29 b8 18 cd 26 c7 77 1a d2 82 f1 c8 82 
9e 46 69 b9 b0 2c 4c 65 2c f2 4e a9 f8 6f 5e 41 e5 49 2b 8a c9 92 6c 06 dd ac 06 93 c5 4d 85 3b 
44 ee 49 f6 42 f7 cd 2a d9 e3 73 1f 4b 80 79 f9 ab 4c d1 64 dd 29 40 5f 48 35 b8 16 54 e5 c7 35 
48 d9 44 8f 01 c2 a0 86 41 17 77 39 48 b0 81 88 c8 9a c3 7a 1f ff d6 82 b5 f3 66 e1 74 27 22 c8 
f9 fc f5 5f ea ad 0d 88 ad 60 8d b5 47 d1 2b 0b 8f d2 29 5e d9 d7 bc bd 71 3f b7 71 f5 9f 83 99 
50 2d c2 a2 48 47 b9 3d 00 93 4d b3 50 39 67 9f 57 68 c4 1b 7a 1c 0f 4b 3d 24 1d fa 47 dd 3b 90 
58 af e3 65 af 9b 9b ab a8 b5 bd e3 d6 9e 93 07 44 86 b2 4f 30 88 5a d0 de 3e ec 6f 73 46 0b 3f 
18 9a 34 f8 16 55 44 28 e0 64 60 44 0b bc 6e 89 63 d7 29 c1 5a 58 41 96 74 6b 51 65 60 49 11 b4 
29 c6 7c d0 c6 16 46 fe 49 fe 5b 73 75 89 39 c9 5a 48 1a 53 8e 27 4c c2 83 30 71 fd 7c e2 7c aa 
f6 34 1c cd 74 7c 2f 26 bb 0c b4 9d e8 c6 9b 2d d6 71 7a fa aa bb af a0 b2 1a 5e c2 3d 65 65 03 
37 ff e2 52 77 f1 c6 cc 1f 4d 30 fa 9b 2c b9 c0 b2 75 b2 bf f9 ab 8e 23 a8 bb 6b 0c d5 66 35 e4 
53 7f ff 1c 93 f5 ac 85 95 80 25 5f 8d 21 17 6d b4 54 16 98 39 0c f0 28 3c dd ed 95 cd 40 53 12 
4a 3d 8c 75 79 0d 29 64 8f 15 3d e3 0c b3 13 fa 7d 8e 6b ae 2e e5 f9 67 30 24 ca ab cc 20 43 f6 
72 2d 37 cc fe b0 7b 63 5f db c7 9e a1 07 90 eb 36 7b 5a 52 bf 20 1d 9d 7a 1d 8e da 24 e2 5c 9e 
7e 0d ca 3f cd 2c 74 bd 74 e6 80 a8 47 0d 4d e0 10 7c 35 22 c0 a1 9d 17 df a0 49 72 18 d0 32 f6 
74 92 cd b8 13 6d 17 d1 
[ #0] iov_cnt=2 total_len=584:
00 04 00 00 01 00 00 00 00 00 00 00 00 00 00 00 00 00 00 00 00 00 00 00 00 02 00 00 00 02 00 00 
00 00 00 00 00 00 00 00 00 00 00 00 00 00 00 00 00 00 00 00 00 00 00 00 00 00 00 00 00 00 00 00 
00 00 00 00 00 00 00 00 af 3b f3 f1 c7 68 df 08 69 c5 44 4a 4f 78 72 9d 7c 15 19 21 b1 b5 68 13 
32 c6 d4 08 1d ac 63 88 f8 5b a7 b4 b3 f2 1b 16 16 75 01 99 8b cd d4 fd f7 d8 b8 27 2c 10 9b 2e 
1a 3e e3 39 56 96 13 35 84 a7 15 26 13 79 e6 58 db d1 ab 50 5d e9 e9 a1 f0 f6 f1 2f 87 44 91 53 
6a 73 48 8d 86 cc b5 5a d4 e0 12 44 4e 83 34 31 7f 69 d9 b5 fe 1b 4e 40 1e 00 46 78 9a 49 14 bc 
a6 e8 81 dd 70 0e b2 39 37 2f 1f 02 cf 22 a5 e8 f9 05 b2 1c f9 fc 0c 7a 11 3b 7b a7 66 91 c7 d6 
2d 68 9b 53 5e 76 dc 1a 27 b5 6f 43 d6 79 99 8e 18 21 c3 ac 6f 25 7c db b9 fe 84 e8 cb 54 22 7c 
ba 33 ff 88 60 a7 6f c9 47 76 a5 c8 ef 9c f1 d5 05 9e 39 48 f6 c0 fc 96 08 c3 8c bf 55 b1 06 d5 
1c 8a 9e 6f 5f 89 22 82 2c 45 66 68 16 df 9c 1b 48 e9 26 eb 17 e3 b3 cc 31 0b 86 57 3f fe 7d 36 
05 61 19 a5 4c 07 92 2f a8 31 9a ca bd 91 9e ef 61 8b 97 ce ad 3d 6c 4f bf 8b d0 1e cf 01 ea b2 
91 7c 79 33 27 a5 53 a0 ae 00 4c bf 59 04 fd 61 b2 28 04 3d 7e 88 74 d5 de b3 2c 71 dd 63 fd 13 
17 37 10 62 30 f6 b2 8c ea 91 23 9a f6 4f 9a 03 c8 47 de 3f 62 c1 d7 be a2 43 ab b0 92 34 aa 2c 
e6 d7 49 33 bc ca b7 d7 37 a6 9e a2 2d ff 10 cc ac 5b 17 29 0e a3 49 9d 65 13 6f 66 cf 0b 63 71 
b3 7d bb a4 78 50 2a e4 c0 15 8c 36 3a 29 fd 2a 02 ef 43 6f 6b af d6 a8 13 6b 22 e1 01 4f 9d 20 
1a 64 63 60 8b 7a b1 ae f0 04 c7 4e 78 ee 76 ff b2 b2 a4 75 49 52 30 d0 aa f7 d9 23 e7 fe a6 34 
14 7f 0a 84 92 ed b8 c5 f8 3e 7d dc 05 76 77 74 e7 a2 1c e5 dd c7 b2 e1 5b 32 bd 48 19 ff 35 6a 
85 7a db 02 e1 5a 46 d3 98 0b 07 67 5e 22 14 b9 7d 66 6b f2 3d 69 8c eb b8 42 df 2e 64 f9 c6 7a 
9d 97 bf 61 30 d6 5c 07 
[ #0] iov_cnt=2 total_len=584:
00 04 00 00 01 00 00 00 00 00 00 00 00 00 00 00 00 00 00 00 00 00 00 00 00 02 00 00 00 02 00 00 
00 00 00 00 00 00 00 00 00 00 00 00 00 00 00 00 00 00 00 00 00 00 00 00 00 00 00 00 00 00 00 00 
00 00 00 00 00 00 00 00 87 10 6d ac 51 f3 a8 5c 09 bb 60 38 c3 b6 dc a9 be 97 3e 3a 20 eb 3c 8f 
15 10 46 92 d0 8a 67 fe 39 d0 d3 2d c4 98 10 bd 05 69 fa 0c bb cf bb c8 c8 33 3e f3 11 b4 09 92 
60 a7 b2 80 f9 de 22 08 27 b3 cc d4 45 22 d3 c9 d8 10 74 ea 79 f0 d9 b4 fa 91 0e 80 f5 5d 4f 85 
03 83 3b 19 f7 2b 9d 6b ae 9b 9e 58 6a 43 ba a2 86 26 b8 71 83 93 d3 ca 2a 0a 3f bd 2e 70 65 f5 
5f 92 4e f8 15 f0 11 06 23 17 ad 3a 23 46 8f 57 79 24 f9 de 4d 45 94 97 67 e7 5e 48 3b aa fe 26 
b2 2a 06 57 76 81 13 12 b1 09 f2 1c ea c4 55 c7 d7 a8 b5 f2 97 6b c4 a3 23 3e c2 11 b9 9c cc e8 
8c f7 c4 72 b2 fd ca 9e 88 07 a8 16 d9 2a 16 e7 20 5b 9e 2c c6 50 04 3e 94 82 35 e1 ff e7 06 71 
f2 97 0b 08 b9 0a e6 98 74 73 51 2f 68 78 af f7 24 a8 73 b2 4a 67 fe c2 07 2a 3a 6e 99 d1 0b a7 
ef 69 76 8f f8 7f 7f 52 26 9a 18 72 6f f3 0d 47 26 a4 85 96 98 4c 6c 13 2a d8 94 6e 90 01 33 e6 
39 b1 f3 0c 9c 21 80 45 24 65 ea c9 4c ed f1 72 00 bc cb 70 a6 05 52 ff fc 7d 88 44 a8 a4 9e 4f 
6a 38 8b ea 2a 8a 27 8d 7f ef 6b e3 b0 85 da 29 eb e3 30 9a c3 95 3d 7d 2f 0b 57 8b 0c 95 e3 44 
35 bf 7c e9 fd 49 83 34 0a f4 5a 51 dd 7f c2 5a b8 84 32 3c 4f ac a6 f2 a0 12 96 95 db f0 56 1b 
07 c6 7b 2e 57 1d 07 6b c0 2f e0 55 98 1f 43 79 70 e5 6b 40 10 8d 78 57 dd 30 1d 15 4f ae 13 9a 
fc 8d af 93 6e cc b5 8b 08 3b ae af 81 4e b1 6a 04 fb 28 e1 48 8e 83 b9 35 02 63 11 48 90 50 bc 
40 26 8a 8e 1f a7 47 ea 61 df 6b 2c 75 58 b6 a3 55 7e a7 c3 04 5e 8c c3 13 e7 81 4a 20 26 61 96 
92 89 1e 1b 70 0e e4 60 58 bf e8 69 4a 0d c2 17 a3 5a a6 97 a4 b9 5a 91 7b a7 74 92 00 b3 84 13 
be 85 07 8b b0 ac 32 b1 
[ #0] iov_cnt=2 total_len=584:
00 04 00 00 01 00 00 00 00 00 00 00 00 00 00 00 00 00 00 00 00 00 00 00 00 02 00 00 00 02 00 00 
00 00 00 00 00 00 00 00 00 00 00 00 00 00 00 00 00 00 00 00 00 00 00 00 00 00 00 00 00 00 00 00 
00 00 00 00 00 00 00 00 b4 21 09 d4 9e 6e 57 52 2f 20 ab c5 46 3d b4 f6 84 78 82 0b 0d a7 e7 a2 
2a df ea 2c f2 21 e1 97 92 b1 e1 15 ec d0 8a c7 29 db 3b dc 92 23 33 ce 8b 17 bf 98 48 73 91 e3 
1f ee b6 dc 34 a9 1b b4 f8 45 cd 58 7c 96 4a 4b c9 05 0b ad 79 7e 1a de 47 05 22 71 60 8e 82 2d 
52 19 36 8d ed f3 7d 14 ea 83 55 9f d8 8e 18 6a a0 47 f6 a1 1b 5e 75 d3 e8 a7 02 9a 2e 76 3e 12 
dd c6 db 23 f6 34 b1 2e fd 60 12 1a e2 b4 31 89 7c fc 5a 86 4e 51 9c 7f 5c cd c7 3b 79 9b c1 ea 
3d 5a 05 36 64 5d 5f ea 8d 75 c6 c2 9e 41 a8 3e e8 bf ff 4d a9 59 3f 6b 29 fe bb 36 5a e9 e7 21 
f5 65 97 ba 9c 6f fd d7 c4 57 f7 e2 8d 15 c7 03 c8 1c 3a 4b fa e4 5d 9d 17 bd 64 3f 15 ad 99 2f 
d2 db 67 22 04 21 ba 13 0b 56 f3 19 a1 5c 23 91 e3 2b f3 4e 19 db 0c 1d 58 68 14 03 60 67 66 d5 
ab b1 26 57 0b 93 14 6c 0a e0 14 73 9b d5 2e 69 00 a3 0e 82 cf 19 d5 59 e8 1e 50 4c 9a ed c9 dc 
bb 85 2b d7 b9 b1 48 bd f1 ca 23 61 8b d8 83 04 32 fb 85 88 de 40 67 29 be ed 7e 7f 80 bd f5 29 
66 02 19 f3 e6 1e 02 1c 0e 0b b9 7e 94 fa 46 41 27 87 36 94 4b 04 68 3b 53 05 c3 39 46 14 50 f2 
3e c4 22 95 6a e4 a9 21 4f 85 4c c5 a5 3f 75 9e 8f 9b c3 66 ea ef 33 e9 39 c4 a6 bb 71 f2 5e e4 
63 6b 02 a6 49 f7 af 1e 97 5c 3b 78 7a b5 80 ae d9 cb b1 d9 75 30 00 49 a0 4f 93 c2 c6 2a e8 3c 
36 c3 a6 73 67 12 bc 77 56 1a 91 da 1c de e3 ae f0 eb cf bb 7b 3b c4 2b a0 db 4e 1d 3d 14 be fa 
8c f0 96 37 f9 ce 5b 64 b6 2d 80 bf a2 6d ba 24 7c 18 d3 69 28 b7 69 94 aa fe 61 25 10 a9 5a 06 
ff 57 17 77 40 f4 ed 53 bf b5 22 1c 24 31 83 65 64 f7 fa 61 14 9d fe 3e bc aa f2 47 2c 9d fc de 
27 09 51 30 3a c1 66 73 
[ #0] iov_cnt=2 total_len=584:
00 04 00 00 01 00 00 00 00 00 00 00 00 00 00 00 00 00 00 00 00 00 00 00 00 02 00 00 00 02 00 00 
00 00 00 00 00 00 00 00 00 00 00 00 00 00 00 00 00 00 00 00 00 00 00 00 00 00 00 00 00 00 00 00 
00 00 00 00 00 00 00 00 ca 46 19 86 f3 9c e1 86 e1 a5 0c 34 f7 5f 96 1d 18 5b 80 ac 30 42 d6 f5 
1a 27 b7 91 10 20 8e 76 56 2b c7 b7 23 b2 a8 07 2d 9d 9b 5a dc a4 14 6a ec 75 eb 5e 1a af 80 01 
00 87 2f 73 a4 14 56 a8 06 04 6d f4 6c 4a b5 0b 10 cb 35 95 78 1b 68 98 e8 b8 42 b0 6a 4a 2b 88 
6a b1 2d c0 b2 e0 77 0e d5 c5 7b a2 40 cb 63 d9 0c a4 57 72 5f 13 f7 6f 7b 76 8d 2d d7 e0 eb cd 
19 7f 04 f8 52 75 4b 9d 65 44 7f 72 c1 2a a6 51 eb 59 89 f6 3a 7a 77 ec e8 18 23 d8 de 84 ec c3 
6a 9e 19 2c d2 18 1f a2 ef 97 82 55 64 bb 4d da 26 d1 c4 83 0b a2 d5 16 e2 9f 8d 64 21 a3 05 2a 
2e fd 98 3f c9 ca 77 ac 4d 4a 8e ca ce 19 79 d7 be 99 ca 33 0a 27 47 4e 4e e3 84 d0 a8 a1 33 fe 
e3 08 98 a3 9e dd f8 40 be 9a 9d eb 83 aa d4 25 d3 dc 2f 98 ee c2 4c af 96 86 b7 2a be 6b be e8 
08 be 67 94 97 1e 35 d2 5f 3d 69 90 b8 61 cc b7 c2 45 40 00 74 c7 3f 16 68 cb 62 0c 74 94 49 a9 
88 21 16 1b 8c e4 03 5c 94 a8 aa d6 66 c9 02 a5 8d 79 eb 0a 60 89 23 21 8e d1 21 00 3b 98 1b b1 
4a 60 cc 0b b0 41 de 38 5b 91 fa 3f 1c fa 74 1b be b6 9e 41 3a 08 ea 55 b5 cd 28 6b 06 3c 6e d3 
21 93 89 8e 6f 0f 37 b4 39 46 17 0c f3 f2 62 ba a9 1a 76 48 2f b8 e8 7d 08 12 2f 90 3e 51 f3 84 
0e 1e ba a4 36 ef 80 91 38 bf 37 e6 f8 e3 6d 10 e2 4f 5c 7a 4d 05 ce 06 45 52 f1 0f 66 ef 6b 7d 
71 56 cb 19 89 ce b9 bb cd a7 60 5f 66 66 5a cb b0 ad 2d e6 4b 79 33 ce d6 0e 4c 1e c1 65 1a 0f 
5e 5d ee 6c 45 ad a2 e7 b3 bb d6 b9 bc f5 74 b5 94 b8 f0 14 8c b1 40 3e 79 d8 d1 f2 d1 1e 1b d2 
d7 72 a3 dd 5b 87 0d 76 5d be 29 da 8d af cd 9b c6 24 16 21 e6 80 69 8d 53 db db c5 df b1 00 6e 
fc 03 86 14 2c 64 8d 64 
[ #0] iov_cnt=2 total_len=584:
00 04 00 00 01 00 00 00 00 00 00 00 00 00 00 00 00 00 00 00 00 00 00 00 00 02 00 00 00 02 00 00 
00 00 00 00 00 00 00 00 00 00 00 00 00 00 00 00 00 00 00 00 00 00 00 00 00 00 00 00 00 00 00 00 
00 00 00 00 00 00 00 00 08 b6 44 5d 2f a2 47 9d d8 23 4e 8f 54 50 76 f6 05 cc 13 89 d9 04 bf 66 
1a 0e 79 5c d8 04 29 b0 45 6c 3d 69 f4 b8 93 38 64 06 ec cb b4 ec dd 0d e9 32 5b a7 67 13 0d 54 
97 3c 1a f9 5a 6a 62 7d d4 34 05 9e 49 11 8f f9 5d 68 f5 40 e6 4d 12 3b fb 2c 3c ce 3d a2 67 b8 
51 88 0d 4c c3 54 6a 98 b2 11 b1 9c ef f3 c4 23 96 3c 95 e7 d4 4c a0 4d 7a c5 16 2c c3 62 ea 2c 
45 b4 91 e7 b0 51 09 08 2a 54 82 56 7e b4 8b de 46 a0 f5 a2 3d 27 3d 53 61 c9 5e c3 cf 54 ed 46 
84 b1 fd cf b0 41 64 a6 7c 16 64 b8 5b 47 d8 13 cd f6 a6 8b 95 2d ba b4 57 1d 92 57 9b 10 bd 8b 
98 a5 ed cb fc 2a de 28 b2 23 bd 0c 5d 0f 47 13 71 97 42 dc a6 fc fb 88 7f 9a 40 20 9c 56 33 49 
8a 38 6c 78 f7 7a 93 d6 1c 57 96 07 16 b8 50 d9 63 59 8d d0 06 17 e5 0f de bd f9 a4 cb d1 02 a0 
59 ac 4b 23 f5 8e 47 e7 16 12 0d 56 89 4e 45 92 6b 2a 0b 89 44 8c 06 a7 1b 7a 97 36 91 60 87 f8 
10 05 30 1b 50 5e ac ad 89 10 80 54 8c ba 75 0d 12 e8 b9 e2 74 c8 93 3b c1 ce 31 56 1e fa d3 58 
59 a6 1d 39 22 1f 6d 11 82 bc e6 07 a4 46 f2 13 9b e4 25 d6 85 04 41 82 99 39 21 0c 78 be f4 1d 
6e 63 e1 a6 fa 69 06 99 2e 55 64 dd ac b9 cc 3c 3c 43 87 bd a5 5a 6f 06 c5 10 5f 2f 8d c6 21 60 
b3 70 8d 16 62 fb 24 81 4c a6 0b 98 d4 4a 92 01 da 3b bf f0 a5 f7 f4 5c d4 a8 e6 1c 0a 4d f0 e1 
79 21 53 b5 94 87 83 e1 a5 e0 b0 b1 e4 45 bb da 3e 56 bf d4 0f 3a 93 04 cb 3c fa f7 19 c5 b6 05 
65 a0 c1 f5 f6 35 c5 2f 2d 77 d4 ea 64 6f 90 ae e0 f5 4b 85 69 10 ce 3e 8f 7f be c3 f0 c7 19 b8 
59 39 77 39 b9 d7 d1 9d c9 ae 75 7d 12 27 83 62 bc 2a 97 c2 52 06 6f fb 74 59 48 80 58 97 10 db 
78 39 5b b7 be 9e 3f 45 
[ #0] iov_cnt=2 total_len=584:
00 04 00 00 01 00 00 00 00 00 00 00 00 00 00 00 00 00 00 00 00 00 00 00 00 02 00 00 00 02 00 00 
00 00 00 00 00 00 00 00 00 00 00 00 00 00 00 00 00 00 00 00 00 00 00 00 00 00 00 00 00 00 00 00 
00 00 00 00 00 00 00 00 6f af a4 78 5d e5 77 fa ac 35 a4 da 32 d8 6c 8a 17 65 42 e6 46 24 ba 25 
78 e8 bc 0e a3 78 fc f0 34 e8 4e b0 2c e7 12 fe 67 dc ee c3 fb 72 6e c6 bc ae 21 47 df f7 4b 0d 
65 4b 3e 5d e5 9d ee 51 c5 b6 28 32 6c 21 43 08 1d 27 4c e8 7c 3b 15 5c 76 05 95 5e 0f 49 33 ce 
10 74 08 6c 30 31 d3 82 c0 77 a8 ac da 13 36 73 07 e8 b5 2e ae f2 26 07 3a 9b 24 41 76 d1 14 b6 
cb e2 31 9f ed 28 1a 3a 76 9b 40 f3 58 d0 ec 18 16 f6 35 eb ca 07 7f ba f7 13 ab b8 b5 10 9c 96 
41 3e f8 77 93 4c aa 25 8b d2 24 40 76 b7 f0 92 e7 f5 3e b2 75 67 66 c6 fc 70 eb 74 f8 c9 c6 77 
8b 1d 37 d7 c4 e0 53 d3 2f d5 ad 9e 76 18 25 35 4a a5 c9 d7 49 db dc c6 64 d6 15 d6 47 49 b8 bd 
ea da df ae 15 56 0b 6d 62 ae 85 ec 1d b3 55 f7 f3 1a 59 d4 f4 72 62 c2 c5 e5 ee 0b b9 06 22 74 
bc fc 51 a8 e0 47 07 1e 11 b1 f5 50 c4 ab 74 d0 60 e1 58 79 7c 0c d7 86 b7 f5 ba 9f 37 b7 55 c1 
26 d2 08 7a 5b ed 31 d7 34 5e f7 cf 9c 32 f7 66 c2 13 e5 7b e4 6d b6 e1 e6 1c f7 a0 76 02 28 79 
f4 7e 58 1e bc 88 fe 07 30 83 c1 9f f1 54 e5 f2 74 a3 98 a6 9a e3 c1 ae 64 01 c1 a6 3d 53 a7 f8 
d1 08 4e 7e d0 d5 33 57 24 fc dc 12 19 91 05 5f 95 a4 55 dd a4 4b ea cf 09 a4 cb e3 73 86 de c8 
33 32 a6 fd 05 16 64 c8 a6 17 94 5c 59 79 44 5c 5f ae 91 9f 9c be c2 62 59 f8 c0 17 76 15 90 77 
0e 02 de 29 53 9e 27 e1 43 c7 ed 48 0e 8a 86 43 76 aa 06 68 83 bc fa eb 0c 72 25 42 32 58 90 42 
23 d8 e1 d9 d1 6c 1f 07 dd 4b 6b 2d 49 05 0f 6d db b1 dc aa 6f f2 77 97 ac 1d d8 da f7 f2 c2 bf 
40 7c 24 4a 6c 95 2a e8 7b 04 c6 8a b9 a5 d6 fb c2 c7 84 dd ff 83 68 96 73 24 a2 dc ff 6b c1 bd 
2c 06 b7 56 82 59 b3 16 
[ #0] iov_cnt=2 total_len=584:
00 04 00 00 01 00 00 00 01 00 00 00 00 00 00 00 00 00 00 00 00 00 00 00 00 02 00 00 00 02 00 00 
00 00 00 00 00 00 00 00 00 00 00 00 00 00 00 00 00 00 00 00 00 00 00 00 00 00 00 00 00 00 00 00 
00 00 00 00 00 00 00 00 b9 2e 0e 9b a6 f0 f3 d2 04 0c ac ce de 4d b1 ef 64 fb a9 99 bc cd 0b 07 
52 26 15 a2 0b 67 69 16 8d 32 9e 24 b7 0d d2 2b c5 ee eb be df b4 44 48 cb cb 2a 92 19 47 28 14 
05 ec 82 af 31 1b 05 9e 42 d4 40 7b d9 ef 3a b5 17 44 9c d6 46 c0 06 d8 fb 9c d9 1f 62 be 62 18 
d9 1d 5b 8c ca 90 91 ab 5e 53 2e 40 e0 45 96 41 b7 10 a5 8e 09 fe 8c 18 f2 70 69 3d f7 e8 11 a1 
31 f2 c7 ab 7f 13 62 a6 e9 27 80 be e7 e8 d8 ac 02 4c cf 62 11 2e 82 fe c2 c8 34 0b 9b bc 64 d3 
cd 3a 4e 15 45 4a 31 34 15 3c 69 0e 4e 3e 9c 9b 20 04 80 9b 14 1e 97 a8 cc 3c ae 64 96 93 29 79 
a5 59 cb 2a c7 83 98 c3 0d 1b 99 f0 35 c1 4f 98 fe fd 61 05 a1 88 df 73 8a 90 e8 58 fd b6 a7 bc 
7c a9 c1 2b 6e 81 18 ff 18 ca 21 ae 89 7d 63 12 32 eb e4 f4 37 3a cf 8e 05 b4 ef ff e3 51 f2 0d 
aa 50 af 7d 10 d9 37 03 1d 3b 25 34 89 a7 3f 5a 5b 7f 53 c3 37 dd b5 62 78 4d 23 d4 2e cb c7 04 
82 9b 6f e8 66 18 d5 3d 7f 70 fb 95 91 03 ef 5f 64 a2 cc f4 1f ca c7 9a b3 f3 d0 e9 0e 93 57 d2 
7d d2 c8 43 ec f6 1b 2d 26 1b 92 5e 08 96 55 a9 f8 4a 84 43 da 8e c1 fe 4a 15 48 0c 4d 40 83 54 
0c 46 e1 2a b2 d9 16 34 0f 49 e3 06 10 08 a0 43 74 59 3a 9f a2 b0 90 ba 90 2d 6e 14 a1 65 1a 9f 
56 30 8d cf 7f 64 0a d4 56 a9 06 e4 03 05 42 94 55 d8 ec d6 bf b4 37 e6 90 a8 16 db 6d 68 e7 1a 
5c 2f 72 15 21 e3 9e e2 6b 1e d0 fd c9 0e c1 2e da 7a 82 5d 4c 78 8d 9b ca 62 d4 a9 da 92 d2 ed 
d8 57 ff da 8f b9 95 db 01 35 6f 39 b0 0e 32 e7 17 e6 42 7f a4 7e 4c 98 f6 b5 97 81 b4 6b 94 03 
97 d9 80 ff bd e6 32 27 c0 6f 21 08 a3 a8 d1 cc d3 e9 35 0b e3 a5 72 8e 1d 44 ec e5 09 eb 87 ac 
98 cf a7 9b 1c e0 86 c6 
[ #0] iov_cnt=2 total_len=584:
00 04 00 00 01 00 00 00 00 00 00 00 00 00 00 00 00 00 00 00 00 00 00 00 00 02 00 00 00 02 00 00 
00 00 00 00 00 00 00 00 00 00 00 00 00 00 00 00 00 00 00 00 00 00 00 00 00 00 00 00 00 00 00 00 
00 00 00 00 00 00 00 00 5b 6c 5a 7e 96 7b 70 7b d2 73 e7 e9 5a a5 0f 88 9f a0 bb 68 e9 53 d1 c1 
6e 44 4f 39 53 4b 0a 38 80 9f 65 93 7e af 20 61 55 32 42 29 a8 fe 2f ff 14 52 bc 05 8d c5 8c 7f 
09 f6 90 6f 7f 44 89 2d 04 2f 53 34 76 1d 35 8f ce 8d 93 82 fa b8 55 a1 b4 6f 66 24 b3 ca 98 bb 
7d 32 a7 81 ff 60 f2 e7 8d 11 e2 53 85 b2 17 af ca b6 c9 31 f3 7b 75 12 a7 d6 0c 6a 21 56 df 7f 
a8 7c d4 98 8e a4 f0 41 39 1c 9d 50 d0 ea 0c a9 06 7c e9 d7 66 c3 80 10 16 bf de 1d 69 8c 0c 3b 
c4 e1 82 c6 15 4d f2 e8 f8 2b 5a ad 50 88 c0 97 ea 4b 1f 33 4d 94 76 d8 d5 fb a4 c2 30 5c 67 4c 
a2 56 57 6b a0 03 96 01 45 84 3f 34 1a 07 c0 b1 eb 25 5c 5f 0b f1 12 f1 ce 28 e5 55 45 4c 24 21 
c1 2f cb d4 19 e8 60 33 79 34 e9 4c c0 d7 c8 2a 1c 36 99 7e 76 3e 7a ee ed 00 b4 fd d2 b3 45 4a 
18 24 e0 d3 8b 52 e5 41 46 ca f9 98 57 40 d9 ef 75 4d cf 2f 00 50 43 c3 69 f9 7c a0 e5 c2 e7 ea 
3f ed bd eb 5b 49 b4 c2 85 f8 d3 0b 71 62 d4 1d d3 eb 04 7f ae 96 02 53 3d 9f 24 52 96 db d8 71 
80 dc 9e 9d 30 1c 17 3d 32 c5 09 3d 4c 50 5b 1d 2f 62 42 b5 31 ab 88 6a b2 aa 00 da c6 ed c1 2c 
f5 31 d5 4e df 8c c1 8f 1d de 0c 7a 5f f0 c5 90 75 99 4e 90 32 c7 bc 1e b5 eb 6d cd 72 f3 19 37 
fb 01 ed a8 8c fd 05 39 c7 5a 29 5a 74 76 17 23 45 bc e7 1f 39 22 46 ee bc 77 35 57 18 5a c9 4e 
f4 a6 83 fc 44 6d 5b 7b 15 91 bf 62 84 75 10 5f 9d 07 ac 93 6c a2 95 a3 a4 57 47 47 01 31 8c 01 
f1 22 cf 30 b1 4f 4f 81 17 d6 23 27 a0 19 b2 f2 16 54 49 27 63 49 44 6d b9 f5 cc ab 13 7a d1 51 
ac f5 73 27 37 64 cb 8e bd 18 9d 91 51 aa d0 6e 1c 5e b2 af d2 1f 80 90 bf 94 41 ed 12 72 1e 95 
e3 ce 22 3d 86 5a 61 97 
[ #0] iov_cnt=2 total_len=584:
00 04 00 00 01 00 00 00 01 00 00 00 00 00 00 00 00 00 00 00 00 00 00 00 00 02 00 00 00 02 00 00 
00 00 00 00 00 00 00 00 00 00 00 00 00 00 00 00 00 00 00 00 00 00 00 00 00 00 00 00 00 00 00 00 
00 00 00 00 00 00 00 00 d2 b9 a2 a4 03 39 18 58 48 35 d8 45 e2 5b fa 6b a9 18 33 ab 8a 8a c0 9a 
3c 9b d7 af ac 7f c5 20 17 97 a1 a4 7e 6e 72 27 f2 33 3f 0f 77 83 81 0e 73 95 e7 0d 17 8a 2a e9 
df d0 9b a0 65 8e 9f ad 23 25 e4 7a 24 89 32 7f 96 fc eb d9 44 d5 60 19 cf e0 3d a8 ec 07 f8 8c 
79 70 b9 0b 93 3b 39 94 f8 f3 a6 6f f8 ed 84 b5 70 9a 91 1f 47 32 40 6e b5 c3 9f 81 b4 af d8 c4 
8a ba c8 f2 55 c3 1a b4 75 c1 32 e8 d2 47 3a ad 53 64 e1 5f c5 68 90 c7 8a 8d 06 72 98 01 7d 3f 
5f b7 87 72 18 7b 84 28 9f e1 e9 d8 28 a9 d5 8d 04 23 23 a2 bb d2 d3 9b ea ce 23 fd bd 9d f5 83 
ef 15 17 22 f0 3b 8f 43 80 b3 d4 61 21 da 51 38 7a ea cf 2f 4e 95 23 e6 b1 c2 0c 4b 7b 31 e3 1b 
16 67 68 2f 25 76 0d b8 89 96 91 9d 40 1f 11 6e 68 4b d1 34 be eb 00 b4 02 19 40 bb fd 62 81 cb 
5e b7 5b ba c0 20 51 9e e4 2d ac a2 ec 87 37 2c d2 08 aa 0e 24 c4 8c 6c 2e 9c b6 d2 27 45 4e 6b 
6a df 98 4b 88 33 ec a8 1c e0 fc 0c 9f 2d e9 6b aa fc 47 f6 09 ba c2 dc 68 ed 2f ea 93 14 dc 92 
c6 aa 06 6a 03 99 f0 9c f9 1e 9f 35 35 a1 01 f7 41 c0 d0 9a 43 b9 11 14 43 3f 66 3d 9b 5a b4 52 
86 aa 8f 0c 78 7b 37 fd 3d 56 cd 81 a2 b2 0f ff 5b 8b 5d a4 d1 51 f9 33 91 01 9c 7b 70 86 e9 1f 
4a a1 9a cd 14 37 e4 04 82 45 98 9e 79 97 4b f7 36 26 9e 82 4b b5 5e d4 94 36 c1 60 77 97 80 cb 
7c 13 bb 44 01 8d ab db d9 33 3d 57 2f e0 fc 0c 3b 98 b6 31 cb a9 75 3d 1c 80 e4 d8 b3 18 3c 58 
e1 97 46 55 05 d2 75 f1 2d d8 ef dc 2a 11 29 eb 9b e4 2e 83 b1 d2 0f 42 80 79 5b 7d 4b a1 40 fe 
b0 c8 76 ea 6d 49 78 99 bb ec 20 ac bf 66 b6 e0 1a f5 41 b3 c2 9f fb c2 d4 8f 13 6f 6a 3b 10 d5 
d6 8c 7f 89 cb 26 68 77 
[ #0] iov_cnt=2 total_len=584:
00 04 00 00 01 00 00 00 00 00 00 00 00 00 00 00 00 00 00 00 00 00 00 00 00 02 00 00 00 02 00 00 
00 00 00 00 00 00 00 00 00 00 00 00 00 00 00 00 00 00 00 00 00 00 00 00 00 00 00 00 00 00 00 00 
00 00 00 00 00 00 00 00 64 71 c9 b2 0f 60 c2 be 29 59 a3 0e e2 62 28 6e 54 d3 5e 73 3c 4d 1c e7 
96 18 f2 8a d8 b3 a4 20 31 c9 b7 6a 71 92 47 98 78 3d 6e 0a c6 b4 f6 15 dc 71 ee d4 8f d0 85 d7 
74 9d ca 97 d1 7f ba 97 aa e1 73 81 d3 98 7e eb 53 28 35 13 5f 91 b6 db 19 86 a2 9e 1d 19 8d ab 
9a e8 5e 45 ce 2c ec 32 49 81 ee 01 26 49 81 07 2a f3 a7 00 95 5e 59 8a c3 c1 2e e0 98 47 90 0e 
c0 80 15 a5 40 15 20 22 f3 c3 fc b2 e3 db 9e 64 db c5 00 03 36 5e 9c 44 9c 5d 30 b5 dc 98 8f 12 
59 bc 4a cf 6e aa fb 83 cc 11 6b 29 68 1d ab fc d0 a1 7f ea 70 65 3c 57 f8 6c ee 3f 0f e4 cb bc 
d4 f6 f6 20 dd 96 79 b6 55 8d aa 81 a7 10 46 50 76 0f 12 ae ba 05 f3 7c 28 d8 e8 9e 8a 42 b1 61 
4f 90 7e e7 05 48 78 fe f9 9a 81 3a 59 71 09 72 1f ba 6c 3c f6 07 09 83 de b1 e0 34 13 8d 6d 14 
84 40 77 67 59 16 ab d8 1a 5f ed a2 0f ae 97 a9 b3 2f de f7 27 25 3f 7c 3b 03 02 b7 b3 36 42 45 
90 fb ce ae 37 33 60 40 0d 89 8c 5f e3 1b f0 c8 fd 97 4f 77 db 0b c1 e7 0d 88 a9 dd 99 f5 89 55 
97 94 4e c1 50 04 f2 1e 26 21 fb 49 c9 db 51 e0 b1 9a 37 72 7a 36 52 1a 85 56 17 b5 0d 2c 76 c2 
61 72 97 57 cf 32 7a cf 2e 9d df 75 4b 12 4b e0 21 99 93 54 16 a1 7e c5 f1 2f 6f 21 57 30 e0 5f 
79 7e 2f c8 86 3d 1e 80 56 fb 54 77 a5 3e 4e 59 41 7e 80 e9 9b 2e 2e c1 d9 25 26 37 fc 16 fd 9b 
67 43 2f 52 01 97 35 4d d0 dc ce 63 ec 6f 36 da 76 5f 4c bf e8 fe 7c 39 2e 2e 2c 5c bb 3a 01 13 
29 63 ba 3d 39 e1 79 fc 4f 31 7d 81 22 a0 d7 aa 89 e5 0b b2 ff a1 d7 a8 f3 62 03 cc 7e f3 5f 71 
c2 d7 07 ec 84 49 60 c7 a1 49 02 04 db ae 14 b4 e6 1b e2 5e 28 46 fd 0e 66 73 db 72 b4 e2 02 3f 
16 30 29 f7 79 52 91 c9 
[ #0] iov_cnt=2 total_len=584:
00 04 00 00 01 00 00 00 00 00 00 00 00 00 00 00 00 00 00 00 00 00 00 00 00 02 00 00 00 02 00 00 
00 00 00 00 00 00 00 00 00 00 00 00 00 00 00 00 00 00 00 00 00 00 00 00 00 00 00 00 00 00 00 00 
00 00 00 00 00 00 00 00 07 d8 d5 1e c4 b6 f3 9f 23 0f 27 7f 4a 59 a8 7b 6d df 01 a6 ed 94 04 32 
60 54 ea 37 11 b6 b9 a0 2c 71 03 a3 70 b1 a7 20 03 60 ee 46 1b b8 66 40 cc 5f 9d 33 ac 12 56 4a 
e4 f5 0e 06 21 e9 63 54 73 b7 d0 65 fe 65 7e 1e 50 f0 96 8b b4 fb 8a 0f e3 f8 0d c2 c4 bc ad ef 
f6 0e e0 4d 9a ca 37 28 d6 26 01 c0 8b 07 d0 5a 50 3c 64 be 71 d0 dd 53 2d b5 ab 8f 53 bf 01 51 
fc c7 92 74 7a 64 1d 17 8a 2f cb b0 50 51 26 7b e5 1d 3d 94 76 64 78 93 f3 aa 24 55 24 ef aa f8 
e7 87 e8 99 3e 65 c2 a3 a6 dc 70 57 08 65 01 2a c9 73 89 b9 01 59 1b 42 26 02 86 2d 7e 41 36 8a 
59 07 d0 46 54 9d 01 c6 46 92 2b 30 59 f9 e6 4c 1b 3d 76 c6 79 85 75 e9 39 6a 35 22 be 6b 17 c5 
09 9c 04 6d 7d 41 7d e7 12 76 b8 f1 4c 81 cb f2 ce 54 04 5b 2b f2 3e a6 82 fa f3 63 3e b0 5d ad 
9a ba 58 d1 bb 8e 02 d3 23 d3 49 17 f2 b6 2f 71 df f7 3a 1b 5a fe 3d a0 99 e0 7d 63 ad b5 81 1c 
a6 05 8a f9 cd 9a ed 41 16 d3 db 96 c8 5a 1f ec bd 0a 92 53 9c 68 be 7e 24 d5 69 25 8c d3 44 66 
65 6e ae d7 9a b4 96 31 59 aa 88 e0 26 e3 ec b2 9f 25 c4 f1 76 b5 5f 87 32 8c 27 d5 61 9f dd 0f 
f4 ac 9e 36 d3 3b 87 1c c2 54 11 8c 0a 5d 47 a6 b1 f6 90 71 52 b6 09 6b 02 ca e7 35 67 b5 e5 be 
ca 44 ad 37 68 c3 24 b1 24 27 39 21 88 1f 22 a8 e3 f7 68 6c 12 bc c8 de 4d 5a ed dd df 01 51 1f 
53 cf 02 7b 39 7f d4 c9 9f 2a 16 ff 7a aa d2 53 a6 0b ae c0 d0 69 71 21 ba cc 9f c3 94 16 fb 07 
c8 d8 66 d6 5b 07 b8 3c b3 0f b8 0f c9 ff 61 2a 5c aa 71 dc 76 17 a6 8f 35 66 18 9a 61 0d 3e d4 
74 97 8e 78 65 47 76 64 a6 1f 79 c6 ca bd f3 17 97 98 c1 01 ce d8 42 45 63 6f c7 f2 ba d0 38 28 
e1 dd 0a db 35 3d 89 2e 
[ #0] iov_cnt=2 total_len=584:
00 04 00 00 01 00 00 00 00 00 00 00 00 00 00 00 00 00 00 00 00 00 00 00 00 02 00 00 00 02 00 00 
00 00 00 00 00 00 00 00 00 00 00 00 00 00 00 00 00 00 00 00 00 00 00 00 00 00 00 00 00 00 00 00 
00 00 00 00 00 00 00 00 00 f4 fc 50 3c c6 02 9f 7b f3 a2 4a de cf 02 ee 1d cc e0 93 b5 db 1e 86 
4d 57 45 b4 db 4d fa fd a6 db e0 ac bb 0c 36 1e dc a6 12 b0 52 b4 52 dd ce 28 87 f0 7a 1c 14 25 
02 d1 e3 6b d0 88 e8 b5 55 05 c1 15 50 81 0f 54 2d 91 60 b0 e8 66 1c db e0 a4 ac 4f cf 4c 01 c1 
20 9b ca 71 14 94 f1 32 aa ce 11 99 1c f4 ca 77 f0 22 ab e6 88 57 6d f7 ba 44 b3 b8 26 b6 d9 86 
fa 81 09 fe e7 b5 c4 08 ba 63 2d 5e 71 36 f8 8b 5b 7d 60 24 be 53 d6 b2 71 00 a8 8e cf ad de 0b 
a4 a9 94 69 b8 4a ec 81 ef 85 98 78 9c b2 3b 67 a6 e9 e8 10 76 83 a7 af bc 9b a2 ab f3 e9 70 a0 
16 79 c4 df ab 43 37 9c 43 34 70 76 8e b6 4a b4 04 4d a1 d6 90 11 0b 45 2e 2e 5b f6 43 9b ce 1c 
84 62 19 28 6b 03 23 a9 b3 8f 04 d1 a2 25 90 89 5b ae 0d 73 fe 0f 18 9e 99 2a 69 4c b8 f3 6d 04 
c2 a9 4c 7e 15 23 94 91 6c e2 ec 06 9a 4b 9f 11 8f 74 92 37 ad 88 4e 59 1a 9e bc 57 6b 6c 4e ee 
85 e1 75 78 9c c5 3c 7f c2 78 a8 cd 02 e5 6b 8d 2a 5f 61 b3 50 29 5e c1 11 83 2a 5a 2c fb 2e fd 
c9 be 54 56 d0 64 f3 c7 3a aa f7 f5 8b 63 6f d3 2f 45 7c 22 a2 d7 e4 60 95 f7 c6 f2 b7 ed 95 99 
2e 18 25 1b 8a f3 f0 1d f7 b7 9d 65 e3 9d 69 a6 f1 c8 7c f6 7e 1a e5 d3 ce 03 c0 9d 35 32 bd 23 
ca 6a d4 76 b5 5d 28 c1 2b b6 ea 11 ef a2 06 b3 d1 e4 7f cf c1 49 54 c4 da 2b 23 93 57 1e 30 7e 
06 0b c9 82 fa c0 6e 87 09 c6 5e d3 16 b4 29 f2 b9 30 64 26 f7 6e 7e da 92 73 76 e5 6b c4 8f 27 
7d 96 f5 4c e5 07 e8 d6 69 d9 47 57 67 0d 14 ae 07 3f b0 5d 24 eb d8 2d a7 4e e9 c5 7a 0e 65 29 
12 2c ed a2 01 33 8e 07 bd 82 2d f2 ff 54 89 37 63 93 3f 37 5a 1a 81 40 a5 63 2f d0 eb 70 3d ab 
cd a5 ce 69 ca 35 f0 bf 
[ #0] iov_cnt=2 total_len=584:
00 04 00 00 01 00 00 00 00 00 00 00 00 00 00 00 00 00 00 00 00 00 00 00 00 02 00 00 00 02 00 00 
00 00 00 00 00 00 00 00 00 00 00 00 00 00 00 00 00 00 00 00 00 00 00 00 00 00 00 00 00 00 00 00 
00 00 00 00 00 00 00 00 c7 4a cd af 68 6f 62 7c f5 ae ff f5 f3 3e e0 26 7d 94 ba b0 eb 05 a8 18 
10 fd 79 10 ed 7d 77 ad 20 d5 36 e6 04 e7 d4 a4 d0 a3 2d 03 ed 80 34 56 11 01 53 55 74 2c e2 ee 
4d 46 1b b5 86 a2 da e6 57 ea 2f 4b b5 a0 38 19 e9 42 28 38 6a ba 63 f0 d9 3e 88 94 01 1a 67 31 
7f 89 2b ac 92 eb 21 a9 e5 60 08 d4 77 85 72 88 bc 31 ab 2a ba 94 c6 ef 60 23 44 ab 99 21 42 3d 
02 5d bb 43 36 d1 aa 3c 23 33 8c 7b 27 79 51 30 91 94 1f 4f 1b ed d7 db 7f 3c 31 ac bc 54 e2 07 
17 34 17 a8 6c f7 e3 22 ee 99 5f 19 e8 ff 18 0a 6d b8 fe 6e 63 95 98 a9 7a 18 84 eb 68 0f 05 f4 
c8 fe d0 9a cc 8f ba f5 62 81 a9 7b c9 c5 7e e3 05 a6 6a fa 90 b6 f0 aa 03 d5 cf 34 37 b6 f2 b1 
55 3a 4d 5a d7 18 18 a8 be c7 44 6d ad 84 cc 87 45 1e 5a 40 2a 4d 52 1d 77 2d d3 4f 49 9d 14 84 
4f df 57 1f a6 42 fc c4 07 58 48 7e 79 d9 13 f5 09 8c ac c5 5c cf 44 40 9b 83 1b ff 70 a5 d7 d5 
98 c1 b1 55 9e 5b a7 0c 04 19 8a 74 33 80 dc d8 74 9f 5c a8 99 36 2d 06 5f af a7 e7 0f fb 37 60 
80 02 43 53 02 c8 ef b6 9b f4 d5 d3 5e 04 67 ab cd 19 61 70 e9 59 ba 10 18 f8 c0 ea 24 a2 bd 58 
22 7e f6 ef 7a 9d 21 0e f9 8e 6a c2 60 0b ef ea be fa 8f 75 0d 55 15 ae af 82 f3 16 67 8a c0 1a 
83 c8 19 a5 0e a9 2e 8e eb 78 a9 86 c2 2c 1d 4a 88 41 c1 3d 6f cb 6a 71 8a 9d b9 6e 51 27 ef 7e 
47 52 2a b7 4e bb cc 5f c9 91 b3 53 8a 53 5a 70 1d 56 e1 0e 68 c0 12 0b c8 c7 b6 38 2b 77 76 dd 
1a 6e 05 78 c4 10 5a 6a 99 ee e0 d9 6c 25 a0 84 50 24 9b c3 5b 26 df bd 8e 3c 38 df 2a 79 53 2a 
7c 6f 5b 28 09 d9 4f 88 f6 8b f9 54 5f 36 42 58 4a dd 4d 4b 8d c9 62 b3 5d 49 d8 ab 51 4e a0 17 
b0 97 94 c5 8a 97 55 5e 
[ #0] iov_cnt=2 total_len=584:
00 04 00 00 01 00 00 00 00 00 00 00 00 00 00 00 00 00 00 00 00 00 00 00 00 02 00 00 00 02 00 00 
00 00 00 00 00 00 00 00 00 00 00 00 00 00 00 00 00 00 00 00 00 00 00 00 00 00 00 00 00 00 00 00 
00 00 00 00 00 00 00 00 1b 79 2d 11 9e 09 96 31 ba 39 3b 97 ba 85 40 7a f0 04 91 de 2a 25 a5 98 
75 ee f2 49 df 05 43 c0 d8 58 10 a0 67 0f 87 9c e9 e9 48 72 ef ab c6 03 2c 6c 2b 90 4e 33 0b 1a 
6d 3a 32 aa 38 8c 7d 32 ce d0 44 5e e3 f7 f2 05 c2 48 32 bd e0 26 05 a4 bb 99 24 18 73 c4 db 46 
e0 ca 08 44 04 18 65 8f 60 f3 49 ae 32 19 e2 79 c1 6d a0 42 00 07 cc a7 40 73 81 1d 83 42 8e 5d 
fa b9 d4 bf e1 3e c9 dc c4 ce 84 5a fa b2 ba 14 ca 14 50 24 c6 32 d3 de 5e 5f 72 9a 3a 2b 09 96 
d2 99 30 53 ee cd 3c 90 85 12 f2 e7 cf 50 3f ed fb 15 99 66 65 06 1a b1 54 3d 37 37 15 e5 ff 05 
84 95 c6 68 36 5f f5 33 cd 62 8b 30 dc 58 6a 0f 57 8a ae c7 26 f1 48 3f 84 f1 9e 99 f5 e6 67 af 
19 ca 72 d9 e7 1c ee f6 60 dd c7 c7 67 d3 63 3a a7 ce 46 42 8d 61 6d bc 46 87 ca 6d 1c ba 61 38 
c3 ca 8f dd 0b 21 18 7c 62 30 bb 0d 40 ca 8d c5 01 bc de a9 56 e7 80 55 70 46 be bb 56 56 c7 20 
1d c7 42 5a 6c be e6 7e 99 f8 90 25 85 a2 62 44 2a f3 05 ee d8 bf 57 98 56 6d 0e e8 07 2b 52 27 
65 2b ab c4 f4 72 81 cd 91 e0 1f 4c f5 41 25 02 31 9d 8b 39 95 7f 1f 44 a2 8e 4c 94 5f ba e9 f1 
c6 56 ff 0b c5 08 81 68 4d bc 80 2f 9a c8 5b 4e f2 28 56 a9 72 77 f7 c4 16 4e 19 60 7e 8b 1f 2c 
9a 26 25 cd 01 d4 96 82 7c f3 95 c5 c2 86 16 af bd a3 06 35 e2 b1 59 10 9e fe 39 8b c5 17 c5 0b 
e5 db fc c4 e1 c1 65 d4 51 8a c3 43 bc c8 93 23 c5 b6 08 b9 5f 56 df 00 d1 29 f2 d7 73 5d 59 55 
1a 67 33 4e 82 e7 a1 f6 f0 4b 0d ff 67 c3 39 39 03 0c ee 4d 59 fa ad d7 30 47 26 d8 54 e5 9d 58 
cd b2 d9 28 12 8e b9 04 45 e6 df b7 e4 be 45 fa c3 d6 f6 04 93 98 ae 9e bc 1f 37 c6 ce c1 b7 dd 
88 7e 5d b1 68 0a fd a5 
[ #0] iov_cnt=2 total_len=584:
00 04 00 00 01 00 00 00 00 00 00 00 00 00 00 00 00 00 00 00 00 00 00 00 00 02 00 00 00 02 00 00 
00 00 00 00 00 00 00 00 00 00 00 00 00 00 00 00 00 00 00 00 00 00 00 00 00 00 00 00 00 00 00 00 
00 00 00 00 00 00 00 00 c8 bb 67 ae a9 da b2 20 ee 33 f2 76 81 21 ac a5 36 50 7e 64 b1 96 54 89 
61 89 20 07 56 08 f5 c9 df 2d 0c e7 23 b1 71 d4 9c 50 33 a5 5b 63 8f dc 55 f4 90 57 c8 f4 d4 d2 
55 31 75 80 55 60 7e 08 09 2a d2 c1 a0 5f 30 cd 52 af 02 9a e7 d5 47 5d 89 b3 83 ae 00 bf 06 f5 
09 d0 76 3b 56 c1 69 56 31 8b fb ac a6 9f 75 85 29 0a c3 b7 a7 47 4d 6a dc 4c 76 08 50 9f e7 3d 
52 e7 c6 df bb c0 0b 77 8f 68 bf aa 84 26 aa ca ce a5 a1 ed 1f 21 20 0b 08 65 d1 b8 63 e1 b7 66 
da 52 a7 97 9c e7 3c b6 3b 24 a4 d4 9d 07 87 f3 fc a8 d8 8d bf d6 c2 a1 3c 0d 9e fc 62 bd e7 56 
fd b3 16 4a 58 87 d3 6b c2 8e 32 69 7c 88 e8 be 56 88 49 50 c0 a0 b8 e4 c5 ca 5f 01 5c d4 4c 36 
96 24 34 dd a1 00 8b 13 fc 5e 8c 48 9d be c4 f8 64 94 0a d0 80 fd d1 31 6d f8 37 81 e0 4c c0 db 
1b bd 6f 1a bf 47 7c 2d 1b 07 d1 eb d9 e8 cc dc 2b 10 15 75 cf 76 a5 0b 91 54 c9 fb 83 84 ae fb 
cb 90 3d 7d 38 bf 7a f1 be ec 15 b3 6b fd f3 23 5e 5f ef 08 08 57 39 ac 77 f6 cd ab 1a 4e f4 9b 
3b d8 ef e2 90 2e 13 c4 47 a7 ca cc b5 0f f9 b3 3a bc 2d 05 ec eb a3 18 1a d5 a1 33 d6 f3 3a b0 
b2 c6 2b a8 4b cd c3 51 ed 05 b8 ce 87 fa 1d 46 91 a5 03 b6 a6 1f 05 98 1d 79 8f f0 77 fe f6 53 
1b ab 76 fa cc 1f 6d 28 b5 b4 20 31 06 5b 03 0b ff d1 b5 40 30 56 cb 22 5e de 98 2b c1 72 4d 6c 
8e ce 8f de 1d 3c 2e 41 c5 93 9c ce 3b f5 7e 98 e5 45 7e 56 50 85 04 52 79 cc bd 08 26 9d 8c 36 
6b b9 e3 7c c3 0c 64 81 87 a9 71 dd 6a 50 d8 4a 80 f1 ee 6c 4e 6f 0a bd 0b 34 26 b9 36 bc fb f7 
b9 14 55 d8 75 bc 72 e2 bc f1 3d 9c ea 39 63 55 cc d4 40 17 8c 85 5a 83 5c 6c 49 3a a0 c3 97 46 
0a 0c 8c d0 e5 dd 47 c6 
[ #0] iov_cnt=2 total_len=584:
00 04 00 00 01 00 00 00 00 00 00 00 00 00 00 00 00 00 00 00 00 00 00 00 00 02 00 00 00 02 00 00 
00 00 00 00 00 00 00 00 00 00 00 00 00 00 00 00 00 00 00 00 00 00 00 00 00 00 00 00 00 00 00 00 
00 00 00 00 00 00 00 00 be 2a 32 c9 c7 7b c9 a7 19 fd 79 f0 d2 18 85 e3 3e 3e ba 37 a8 c8 0b aa 
d1 20 e6 11 d7 ba 00 09 90 59 d0 67 be 72 37 7f 67 df b3 40 99 20 a4 bf 81 7b 88 56 ae 90 b8 75 
0a 5c 56 72 f6 34 cf 61 e7 6a 48 c3 dc b5 5c ef 8e fb 45 e8 0a 4e f1 c8 f6 46 74 30 6c 8a d4 12 
ac d5 03 63 5b 92 4e 27 c0 e0 df f9 3f 16 f4 0e fa 73 45 9d be 81 db 3c 58 9f 6e f8 a1 43 dc 8c 
85 57 00 de 92 fc 1c 92 c7 8d ec 3e 8e a0 be da 29 8c 26 b0 4e 43 f0 b7 f6 df ab dd 14 34 65 09 
84 2c ba 02 4a de a0 4a be d1 92 b3 98 48 5f 37 6c d2 d6 b2 c1 56 1a d4 4b 8d 95 2e fb 9a 0e 2d 
8b fb 99 ec 00 c6 73 1b 82 77 e8 89 9a a1 af 1b 37 ba 2f ea 53 c3 2d 5b 30 e8 d4 c7 91 07 2c 75 
eb 21 dc 53 95 13 4d 88 c7 34 a4 f9 d8 d6 78 af 23 1f 03 4f 65 4c 3a f1 b6 e7 f9 73 30 b2 ba c8 
c3 4c 5a f9 96 0e 6d 69 f2 72 0e 8b 2f e2 b8 6b 91 93 b6 6d 8f 0f 61 12 cf fc 42 ca 17 39 e8 bb 
80 da d3 ad 1f ed b0 75 51 8f f1 72 42 34 68 07 7b cd 2e 6f 43 b7 96 30 a5 4b 96 7a 20 50 14 1c 
6b ab d9 fb a9 04 ad ec be d1 4b 0d cd 5c 6a 5a 78 5c 49 a0 51 a4 6b 1e e2 6b bb 12 a0 0a 7b e1 
4f d7 47 ce 58 5b ad a9 7a 14 6c 42 9a 70 3b 01 8e 89 2a d1 4a 85 d1 a3 4c 1e 3c 0f 70 c2 93 bc 
0e c0 ef 7b 7c ff d7 e4 b2 1b 99 ab e4 eb c7 9c d9 01 75 5c e5 86 af 21 e5 42 a2 19 d7 c8 b5 81 
a0 6a fd d1 13 d1 6c 80 5a d7 55 98 29 20 e3 41 43 ed f5 84 d9 bb 59 76 99 d4 1b 2b 02 b2 c0 32 
ba 34 2e 8c fa 6d 76 8d 7f 3a eb 9a b2 0a 00 ab 29 0a 86 e3 38 d9 72 08 74 65 de 32 1c 46 a8 81 
0e 06 7c 17 05 29 0e 86 00 60 4e 17 05 3f 81 dd bf ef b0 09 ba 33 cb 18 52 b3 88 9e 95 6b bf 32 
0e f7 f6 b2 9c b9 da 49 
[ #0] iov_cnt=2 total_len=584:
00 04 00 00 01 00 00 00 00 00 00 00 00 00 00 00 00 00 00 00 00 00 00 00 00 02 00 00 00 02 00 00 
00 00 00 00 00 00 00 00 00 00 00 00 00 00 00 00 00 00 00 00 00 00 00 00 00 00 00 00 00 00 00 00 
00 00 00 00 00 00 00 00 07 37 1d cd ef f6 04 63 31 e1 2a a9 eb 4f 19 91 72 9f 34 b9 4b 76 5d 64 
d1 2d 8f a1 ad 6d 4e 24 ea 4a 0a 4c a8 c7 46 20 d5 65 60 c7 d7 dd c6 8c c0 64 ff b1 25 bd c0 10 
28 b6 da 8c 37 b1 f4 99 2a 3e dd 23 b9 4a 07 aa 35 e7 c8 d0 23 55 23 49 9a 77 68 d6 40 dc 09 e5 
ea d8 1c 13 53 b4 4d bb da 15 89 6b e3 27 33 c1 8b 0a 69 77 49 f8 f4 2c 1a b7 7b 93 28 0b 28 20 
1f 6c 5a 2a 84 c8 12 16 89 c3 df 00 8d 34 f3 f1 e5 91 de 5a 34 20 9f e8 39 6e 73 36 cf df 93 93 
dd 29 57 93 b8 60 2f 66 38 6e 26 38 44 f4 28 fa e3 d8 14 ab 46 cf 43 bf 24 cf 0e 39 16 3c 8a 81 
20 e5 da 47 86 58 75 d6 6f af b4 19 42 8a c6 f9 63 e0 61 c9 e3 e5 b4 14 c5 dd be d5 ad 66 95 ea 
f0 29 91 34 88 75 c7 d8 b5 d8 64 7f 3e 89 76 8e d5 c9 86 88 fd ab ec 9f c0 ea ed 55 fe 77 c6 1f 
8a 4b 77 83 4e 96 5f 25 a7 00 24 6b 3a 77 31 f4 9c ec 45 59 2a 60 4e 07 db 8b e5 6c 6e ae e7 94 
78 96 fc 16 67 58 0f 88 5e 37 ff ea 18 c2 27 48 e8 16 cf 05 ac 39 3d 25 60 23 bd 68 11 c1 5a 6f 
2e 80 3b 93 7f 67 1d 72 df cc ed d5 2c db 3e 42 38 2c 6c 66 7b 48 c6 bb 49 48 80 ee fe 76 91 78 
11 af 2c 37 54 18 22 1c a5 66 75 fa 4b 59 2e 6f e4 1d 88 ad 49 2f f1 7a 7a 29 c3 26 92 0e ee 92 
ad c1 df 34 fa ac d2 b9 6a 0f 8d b7 64 95 8f ba 13 89 36 14 e0 d1 8d 52 e5 32 49 17 cd 8f 87 b7 
52 95 2a 25 c3 55 49 c3 bf 13 91 98 73 66 cb dd ac fc 95 7d 19 56 17 35 21 3d 0e e5 f1 2e 38 d3 
70 e1 43 fd d4 9d a9 61 20 b0 60 41 01 19 c3 03 78 25 21 29 0d 4e 18 4f ea 42 0f fb bd af 75 40 
07 90 22 cf ce 46 45 96 3e 21 8f 30 d6 b5 e2 29 b0 f2 a2 a8 89 43 af ed 0b f9 d7 97 54 f4 94 c2 
00 a1 bb 5d 5f 17 cf 94 
[ #0] iov_cnt=2 total_len=584:
00 04 00 00 01 00 00 00 00 00 00 00 00 00 00 00 00 00 00 00 00 00 00 00 00 02 00 00 00 02 00 00 
00 00 00 00 00 00 00 00 00 00 00 00 00 00 00 00 00 00 00 00 00 00 00 00 00 00 00 00 00 00 00 00 
00 00 00 00 00 00 00 00 1b 51 82 b7 ad e3 b0 67 0d e7 2c 40 39 da 00 0b 20 8c 81 9c e0 07 e9 77 
d6 87 1e 20 91 98 89 f0 45 c5 0c cf f1 03 ab 32 d7 7b ed ff 39 ff 23 31 64 81 af fe bc 88 76 b9 
87 52 80 66 33 c0 25 c9 5b 18 9f 61 05 97 f1 d3 fb 38 34 86 07 f2 cb 97 ed f2 51 71 25 45 40 76 
8e 15 b2 52 9a 82 85 75 c0 69 42 91 14 ff cb ee e1 37 ea c9 e0 52 94 92 7a 07 51 ac 1c b3 cc c2 
15 70 26 2d 8b 3b 42 0c c8 d7 35 03 ef 3c 6b 15 02 3f 86 b6 68 98 e1 43 17 34 27 cc ed e0 c9 12 
3f 24 14 43 f7 a6 a0 2c 27 58 91 a8 96 5c eb 16 94 31 80 9c c7 df 33 f6 c5 36 29 9c 28 4c 0a 74 
ef a3 80 6c dc 06 0b c8 5d 92 d8 aa bf da dd 86 bd 48 dd 7a c8 d7 71 9b 30 07 52 db d9 21 ba ea 
e2 36 09 28 e2 74 7b 16 58 70 1f 83 c2 ef 26 9e 6f de e9 8c 11 b6 23 32 de ed 1b c2 79 2f ed d1 
7f 18 c2 49 c7 a2 b0 cf 84 36 bf d1 6d 19 03 9b 07 64 5a 66 3b ed ce 45 01 0b 76 b1 3e ef 46 62 
7c 6e 2e 03 a2 da 88 8d 7b f2 a1 88 0e 95 ef 91 7b f9 51 d2 a9 98 71 e7 7e a2 dc 37 89 85 d3 a3 
9f bd 92 d9 73 0e c3 47 e5 70 cc c8 a6 c2 15 e0 69 d6 98 12 7e 1f 91 37 77 af c9 1b b0 ed 4b 72 
73 e3 3c 40 8e d7 43 1e b1 77 61 36 1c 82 d3 4b 68 43 db 7f 90 f7 fb 39 aa 07 fe 9e 47 f4 85 28 
dc f9 25 01 c9 81 41 56 6e b8 cc 9f f2 94 7f 5c 08 d3 d4 0c 51 f6 89 95 08 4f 6e 75 f9 11 72 6b 
93 22 1d e0 e8 95 e7 01 39 c6 78 59 d6 01 32 76 1d 66 a6 29 f7 98 47 09 bc 42 21 13 98 3b d7 7e 
13 bf 9d cb fd 32 b4 37 65 d5 b2 80 cb 58 12 4c 8b fc 78 5e 06 f7 bd 97 da 2c 9d f1 1a ce e5 fb 
c9 ff cf 2c 10 c2 26 1f 57 c4 ee 06 9f fa 40 75 27 52 9e 68 29 ae ad 0e c3 f8 cf bf c7 81 b7 be 
fb 98 88 34 e6 ee 55 15 
[ #0] iov_cnt=2 total_len=584:
00 04 00 00 01 00 00 00 00 00 00 00 00 00 00 00 00 00 00 00 00 00 00 00 00 02 00 00 00 02 00 00 
00 00 00 00 00 00 00 00 00 00 00 00 00 00 00 00 00 00 00 00 00 00 00 00 00 00 00 00 00 00 00 00 
00 00 00 00 00 00 00 00 66 27 12 88 c7 40 d1 23 7d c3 56 8d 3b 8c e8 b0 64 3e 0b 65 c8 98 7b 6c 
8d 2c 0b f8 42 5d ef 49 83 9c 36 1f 6c 8f 33 a3 a7 4f 0d 2a 78 04 af 35 21 1b 2c 92 39 18 fa 0c 
39 70 66 2b 0f 1e 8b e3 cb 48 4d 28 e2 63 11 1c ed 09 51 dc 7c f5 67 a2 9c 29 df 19 59 c0 04 e8 
ca 81 12 55 4c c2 7e 27 6d 2b 6d 6d 42 4b 9f 02 8a 6f 80 67 ae 06 9f 12 db f7 7d 29 f7 4e 30 b2 
b9 97 d8 a3 09 04 bb 6d 5b 0f e5 98 75 65 c2 b9 9e 31 ef d7 69 17 11 70 0d e2 86 01 95 04 93 71 
e3 20 a7 02 63 fa 5a e9 b0 36 01 16 3a 74 d6 42 40 33 08 02 bf 3f 09 1b 66 ac ce bf 3d e3 e0 56 
5d 8b 51 ec fe 4c f4 fa a6 ae 0f 7a cc c6 d0 92 de c6 10 1c fa df b5 de 1f 43 c4 6e 96 c2 7b a8 
fa 72 5d ce a9 02 2f e8 fe ed d7 9c ae 4d 26 45 d1 b8 d4 93 7d 18 88 1a f3 4a b9 fc b9 c0 ff e6 
c5 df fb 2f d2 e4 b6 07 a3 aa f8 41 d1 9f e3 db 33 47 88 19 c8 3f 06 67 05 68 43 39 42 9b 0e de 
70 c0 23 9e 5e 99 35 80 95 be a9 05 1c 81 d0 93 28 fe 62 6a 2a 8a 50 d0 4f e7 d4 7b 1f dc 26 09 
26 50 0c 13 70 c4 f0 2f c4 9c 98 f7 91 e2 1b 37 4e f3 6b 29 55 33 d8 c6 12 fd 08 0e 9f 82 09 e0 
f1 dd 8a 91 21 da c5 d4 53 bf 6f 25 0f 76 26 73 0b 10 a0 f8 33 a2 9b a9 cf 0e be b9 1c 7f d7 78 
ad 84 1a 92 81 b3 e3 cb 22 43 5b bb 41 d8 c2 62 30 a5 a0 55 69 13 62 94 49 5a cc 50 c8 98 3c a2 
27 fd 0a 17 53 ed f4 59 26 ce 9a 6b 8f c0 b6 12 d0 6d 99 89 e4 ea 82 39 84 11 df 2d 88 8b 40 78 
0f 59 35 b1 22 c1 e3 df 76 59 50 36 38 07 9e 94 b5 b1 59 a1 92 0f 0e cb 48 ba 6c 84 2d f0 3b b5 
b2 65 88 dd 79 cc 31 ac c1 1b bd ef bc cf 42 18 d5 7f d9 49 57 26 07 f4 a2 a9 60 5b 85 d6 bc 11 
b8 73 06 bc 6a a4 91 77 
[ #0] iov_cnt=2 total_len=584:
00 04 00 00 01 00 00 00 00 00 00 00 00 00 00 00 00 00 00 00 00 00 00 00 00 02 00 00 00 02 00 00 
00 00 00 00 00 00 00 00 00 00 00 00 00 00 00 00 00 00 00 00 00 00 00 00 00 00 00 00 00 00 00 00 
00 00 00 00 00 00 00 00 7c 50 95 d2 c6 d0 a9 63 41 a8 3d 8c fb 1f 2e ae 7b e5 f4 ce ae e7 b4 2a 
fc de fe d9 55 fb b2 41 f3 94 f7 56 af 47 42 0d 9c 02 0a 12 9e 4a 37 42 b8 1e f5 f0 06 dc 35 95 
53 54 43 a6 26 cb 06 b4 5b b3 3a 93 d0 ae 9c 30 92 a0 4f 9a 3d 14 f8 98 aa 7d 77 4e 8c 1b a8 95 
79 44 dd 71 0f 0a 4c f4 06 b8 5a 4c 94 1f b7 51 95 60 6f fe cc 94 ab c9 f8 04 19 3d f0 c3 59 a9 
99 96 3c 70 ac 1c b5 f9 b2 68 bf 39 1f c0 70 8e fd b5 a3 bb 39 9d 5e 1b 9b 35 30 2a b7 70 f6 0d 
ef f7 96 11 f7 93 27 a9 ce ba aa 94 ad ef 2f 1c 6d 4a 1d 53 c0 ff 1e b7 25 5b 5d 8c a1 28 6a 58 
e7 20 0e ff 71 e0 80 84 81 2e 2d cb f2 33 7a a2 3f 39 0d 7f 07 93 8f 7e 28 14 30 cf 15 57 06 5a 
ec 87 15 f1 87 46 81 a9 e0 e9 d9 48 c1 9e 2d b6 a6 20 b2 a1 ff da f5 5c 2e 89 9a 07 01 41 03 67 
e2 15 f9 e5 3f 3f a4 5d 40 c1 50 0e 62 a5 55 6a 1d cc 09 b9 39 d7 31 6e 27 7d 55 79 a6 d0 ae 49 
0b f8 7b 8c d3 93 3b 84 c0 46 44 25 d8 1d c8 22 3a 92 92 6c 8b a6 0d a8 b8 ad 91 a8 3f dd 91 ae 
2c f8 8a 9e 78 b3 0e 3d 7d 44 4d 5c fa c8 7d af a8 fd f8 b5 21 6d 0b b2 2c ac 20 f1 db 82 9c bc 
de 86 d4 3d 76 35 2d 1c 93 fe ae 9a 03 d1 8a 5d 37 6c 78 55 b7 2c 92 a3 50 ad b5 fe 6b 51 c7 11 
29 9f ab 0b 60 0d 14 1e 23 9d 0f 1e f9 44 d0 ea 4c 64 aa c0 13 da a4 53 16 96 7a 2f 4c 17 ac a3 
9b 58 ef 14 33 2e 6e a2 ff 76 81 e5 2f c1 53 76 6a 27 a6 e3 04 5f 06 b8 11 0f f2 d0 79 e4 cf 71 
55 0c f0 8c a3 86 93 31 17 ca 78 df 13 96 44 4c b1 36 cc f7 72 c0 9b 13 1e 4b 7a f2 9d ca e3 a4 
fc e4 6e b5 c9 c2 1c 90 d0 7e b6 4e 40 19 9b 37 0e b2 fb 15 cc 93 e8 94 7e 1b 8e 35 41 d8 4d b5 
a7 97 64 89 da 87 2c f6 
[ #0] iov_cnt=2 total_len=584:
00 04 00 00 01 00 00 00 00 00 00 00 00 00 00 00 00 00 00 00 00 00 00 00 00 02 00 00 00 02 00 00 
00 00 00 00 00 00 00 00 00 00 00 00 00 00 00 00 00 00 00 00 00 00 00 00 00 00 00 00 00 00 00 00 
00 00 00 00 00 00 00 00 94 a1 57 72 e6 1d c7 d6 16 a5 28 7f df f8 ec f5 47 0b 29 75 04 48 6e c3 
e9 10 3a 08 0f a2 ae fa 44 64 60 da 24 c9 04 3a 8e 5a cf 4c 1d 80 5c 05 db a5 36 bc f0 b9 92 9f 
0e 11 78 60 8e e6 b7 a8 ce b5 13 e8 80 b3 84 80 de fe 57 8d c1 e3 21 7c 77 e4 da ae 64 1f e3 6a 
1b 62 dd ae fa 78 7e da 7d 70 d2 f9 54 9a f1 20 ca d8 f2 fe d8 83 0a 20 8e 84 0b d9 c8 5f 6e 1f 
b0 e2 e2 31 5a 9b f1 f3 74 94 6c 99 83 18 f5 8b c1 29 ab d1 d2 a9 9a 07 17 f4 a5 9e 31 04 f2 4b 
32 ef 1f b3 30 59 1c 4f b7 0b 4d d4 73 0a 45 5a 59 72 7c 61 89 a3 0c 21 6c bb fb bf d5 74 cf 4c 
13 cd 26 3c e6 8a 81 eb a8 b0 90 f8 1a 4d d1 6a c7 72 83 05 df ac 1b e6 15 1c be f5 62 7b e9 29 
fd a6 46 8c b2 c7 a7 ad 63 0e be c6 99 ce cd e3 88 dc 0d 41 06 13 36 0f 0e ff 71 b4 64 77 c9 94 
4b d6 e1 e4 40 eb d6 25 6d 3e 8f e1 58 05 b2 78 2b 87 6f 39 23 8b 23 66 ba 7a 95 6c 84 bb c4 16 
a5 89 5f f3 59 d8 91 ab 8e 64 9f 5f 2d a5 96 a7 5f 16 e1 b5 17 1c c7 2e 73 93 c9 fc 9e ee 10 5a 
2d 48 31 dc eb 48 75 3f 88 f6 3f 7b 6c e2 e6 b5 17 32 c5 ab 35 cc 08 e5 97 f5 c6 6f 9d 30 df cc 
70 28 f6 3b 60 87 d3 f0 3f ee b3 6d 44 86 95 5f 67 27 bf 0e f0 59 ac 74 28 ac 99 ec d1 26 7e 3e 
93 81 7a cb 86 c3 95 e4 af 39 1a 26 6f 24 3e 5e c7 30 ed ab 53 94 31 53 30 2b 24 57 d3 77 b1 27 
7e 17 d3 e4 c3 f3 7e 85 95 4b 99 b6 5f 27 fa 69 f4 a6 1a d3 ce 2a 41 f0 57 f6 29 6c 8d 80 ac 92 
b0 69 3f 0f da 18 77 fd e1 7e 52 ef 77 a4 05 45 89 4e e8 fb 42 76 06 55 4b f7 ad 1d 78 37 8a d6 
c3 b1 47 9f 7d 5b 35 dd 30 c2 c3 1a 81 fe 23 2f 2a 38 dc f5 ed c3 97 73 a3 79 0c 8f ab be 22 75 
8f 04 81 7f c2 6a fd b7 
[ #0] iov_cnt=2 total_len=584:
00 04 00 00 01 00 00 00 00 00 00 00 00 00 00 00 00 00 00 00 00 00 00 00 00 02 00 00 00 02 00 00 
00 00 00 00 00 00 00 00 00 00 00 00 00 00 00 00 00 00 00 00 00 00 00 00 00 00 00 00 00 00 00 00 
00 00 00 00 00 00 00 00 b5 0e 52 13 37 2f cb 25 e4 c8 8d c6 69 30 87 d1 6b 05 7b 3b cd 9a ce f1 
df 9c 9d ab bb d7 82 ec 66 12 04 9e 16 1c c6 65 30 aa d3 d1 2f cd ae f2 3a af fd e3 5f 3f 85 e4 
ce d0 e2 2a 47 c5 bf 4e 35 8a 9e 83 ee 5d d4 2c b3 c1 96 b8 4a cf a1 5f 6a b1 70 18 00 0f 43 35 
9d 16 75 75 dc e1 18 01 f4 c7 75 05 e2 54 93 7f 75 aa 72 6c 90 4d 19 ce fa 69 7a 23 38 27 cd a5 
d8 1e f5 29 c1 d6 1b f2 5c 20 65 02 59 94 d4 18 0e 4a 4a 43 6c 1f 49 51 08 59 91 65 7d 20 08 a9 
d8 e8 ba 73 af 7c 74 1e f8 9b cd 31 65 56 42 c9 3b f8 f8 b7 ec ce 49 60 16 82 3f e4 8a 5f 1f 35 
e8 bd 13 f8 21 e2 24 f5 2c 1c 01 9c e3 bf f1 62 24 2d 37 0a b3 f0 9f c8 0f fe 10 0e c5 a8 db a4 
e8 08 6a 6c cf 15 8e bc 18 50 af 02 19 cf a8 e7 16 86 c5 6a 7d 86 9e ec 43 5e 82 bc e6 7d 79 44 
e8 00 60 96 81 3c bf 0a 10 f4 c6 f2 7e d2 2f 7c 79 dc 28 15 8a d2 84 56 6a db d7 be 31 31 a0 84 
a4 2a 65 5b 63 9a 02 6b ca d8 2f d1 7a e2 13 ca 54 c4 61 8f 2c 21 6a 8e cd d4 ba 90 e3 b9 21 bb 
a1 bc d0 2a 6e 9d 01 d1 2f ac ff 86 b6 3b 92 8b c0 90 6b 9b 08 45 23 95 58 8f 30 a7 89 81 a1 76 
c8 b3 d6 96 d4 3e 99 30 69 d1 ea 22 c3 c0 71 ed 8d a8 12 e7 46 97 d8 f7 8a 20 56 98 f2 c8 b6 31 
42 dc d4 43 14 56 fd 8f ea e6 73 44 fc 3b 62 c6 20 ee c3 98 a1 73 cf b6 87 a7 62 9e 4e 05 73 0e 
19 d9 1f ec 13 11 a6 eb f8 01 3d 91 a4 b5 87 98 6f cc 3e 66 ae c6 25 12 28 ff 68 dc fc 50 2b 21 
c5 85 ce b0 cb 08 c1 f1 80 fe fc 30 83 3a 8d 6f 99 60 9b e9 65 27 d2 80 06 32 a4 7d c6 06 c4 ea 
0e 0b ae a1 4c 3d d8 49 d5 d7 36 ba 31 27 cb 45 75 c4 72 ce 58 59 07 d6 bd ff 1e 32 4d 13 2b 28 
02 b4 a1 28 89 45 62 f8 
[ #0] iov_cnt=2 total_len=584:
00 04 00 00 01 00 00 00 00 00 00 00 00 00 00 00 00 00 00 00 00 00 00 00 00 02 00 00 00 02 00 00 
00 00 00 00 00 00 00 00 00 00 00 00 00 00 00 00 00 00 00 00 00 00 00 00 00 00 00 00 00 00 00 00 
00 00 00 00 00 00 00 00 d9 ec 64 66 b0 4b 22 51 a7 0c 7e d8 13 f9 72 91 2e ce b2 02 24 5f c5 dd 
bd 66 e8 c3 5a 5d ab 2d 36 65 46 b8 c9 84 ba 9a 05 1b 55 e0 15 89 d9 60 6e 31 35 8f f7 a9 01 89 
55 5c 20 11 b0 37 ce 0d ba 29 67 26 6e 5b 7c e5 b4 1d d4 f9 40 26 c9 06 3d bc 8b 95 51 f0 e1 18 
66 04 77 a1 b2 3d 3a 93 04 76 40 90 0a 25 9c 22 ce b8 c9 f4 25 95 de a8 5e d5 8b 99 f2 53 cc 65 
8e c0 55 0a 3a b2 80 33 15 3f 42 2a 64 60 5e af 82 ec 1f 1f ab 80 e1 49 8e 5a 94 27 e6 d6 d8 37 
4e 74 93 83 76 85 c5 1d ec 7c 31 2c e6 a9 0b 07 59 e0 cb e7 f2 b6 f7 ae da 1c 9e bf 56 cb 08 2c 
05 a7 45 1d 66 3f b4 e5 71 71 81 b5 ad c9 c0 d6 a7 8d 99 e7 b4 50 e0 36 e4 46 ca 4a 86 e5 cd 1e 
38 ba 7b 8f 7a 76 3b 6b 91 bd 52 70 d1 bc 88 69 78 f2 48 c3 47 72 cb f0 cf a3 1b ff 40 3c ed 0c 
a4 b9 d7 b7 3b e0 99 4c 93 72 46 73 61 cd f1 45 94 07 41 d8 15 75 52 c7 e4 c3 4c 3f 61 c9 b7 c9 
a8 62 5a 48 ea 58 6c 72 c2 dc a2 e1 ff cf 88 f6 3e 1c 25 4d 0f 9b 82 7e 61 a2 7f 94 15 3b c5 fb 
5d 48 a9 91 7a 39 78 5c 95 d5 64 6c 4d 56 2d 63 d5 96 ec 3a 7a df 7f 5d e8 2d ee 3e 2b 85 3c e4 
a2 08 e9 a1 0e 32 be 19 cc dc 8a a6 e3 ed 31 58 c1 6f 66 04 37 00 1a ce 6c 7f 49 85 62 33 9d b2 
33 3f 83 2c ee 34 ab c1 14 2d ae e4 a0 31 13 87 53 d4 20 ba 56 5e ed c8 be 6f f9 a7 a9 dd 4f 3e 
aa ba 6f 4e 03 dd 20 89 3d ff 80 2b 49 bc 57 d6 61 8a 29 35 10 23 ff 1d c6 c5 dd 8e 91 e6 7d 7b 
fd 18 62 1f c2 eb 13 ce df 43 dd c4 4a 7c bd f6 fe 6c 91 46 86 33 86 eb 1b ec 9b c3 67 1c 56 91 
e4 e5 ab 44 4d c3 5b 57 19 67 03 d7 d0 5b 4c c2 60 ed da 57 f3 c4 ec 8c 4a 80 21 f6 46 ba 90 60 
25 9c 01 68 87 54 c8 f7 
[ #0] iov_cnt=2 total_len=584:
00 04 00 00 01 00 00 00 00 00 00 00 00 00 00 00 00 00 00 00 00 00 00 00 00 02 00 00 00 02 00 00 
00 00 00 00 00 00 00 00 00 00 00 00 00 00 00 00 00 00 00 00 00 00 00 00 00 00 00 00 00 00 00 00 
00 00 00 00 00 00 00 00 d6 29 85 b6 ad e4 b6 9f 71 84 56 47 20 38 07 0d 2e fc 21 c4 bb 28 02 eb 
27 2a be 9c 3b 37 72 66 cf 70 b6 a1 56 3d fa 7c 0f c4 e3 54 3a 88 1c cf cc 11 cf 63 9e 7e 80 19 
c0 59 f8 56 27 17 95 02 50 fc 1e 6c 6b 67 88 c9 79 6e 44 63 89 9c 6e f4 cc 9f 28 42 6d 7c 8d 3c 
99 24 6f ba d1 08 2c 32 09 08 a5 5f c6 9d 34 d7 10 d8 0f b7 e3 ab fc 0c 60 3e 53 73 33 f1 c2 4b 
93 5f 9f 05 98 0b bb e2 92 e0 cd 73 dc 93 d2 75 eb a9 27 7b 9f b7 bd e1 2a 14 b0 c6 96 fd 6a 86 
ab f6 b9 94 96 cb 64 3b bd 51 89 5d b5 92 f6 84 e2 bb 30 64 ee b3 37 c1 35 8f cc 49 5d 57 9e 96 
02 5b b9 94 36 45 01 b3 05 b2 1f 30 5d 18 59 45 1a 26 90 52 1f 46 a9 d2 73 87 53 ad ee 46 95 73 
76 ff dd dd 88 c0 e1 88 56 aa 47 54 8f 0e cc 0f 3a 75 20 83 8f 54 d7 49 43 c0 b4 b3 27 40 66 4f 
16 d4 5b 97 57 a3 60 9c 74 c9 60 84 1d 27 9d cc 66 ca 20 1b 64 0e 68 58 01 ff 59 3a 3d 7c 4b 74 
01 6f 3f ea 89 b5 5d 81 97 c3 90 07 41 70 f4 94 f2 6f 4a b1 52 86 cc 34 2e f6 1b 4e b1 ab 19 7e 
87 bc 41 e1 71 3c e2 49 4b 2f 47 52 fa a0 89 91 08 cd be c9 4d d7 39 0c ba 65 4b f2 c9 6b 34 e5 
d8 26 37 e8 c1 17 bc 14 a1 9d 22 3d 39 df d8 59 10 e9 30 09 a5 2a 91 6a 7e 8c f5 78 38 40 3e 3e 
d9 79 9e ea cf 9a 17 f3 9a f9 88 78 78 1e 54 7a 20 fc 77 b2 bd b5 f2 05 44 de 12 13 07 03 e0 31 
a0 ee 2d d8 45 fd 03 20 02 02 a7 aa 6f 56 f9 04 1d bc df ce b3 e1 c5 8c 54 73 46 15 ef ad 7d cb 
38 bc 5d f9 4d 0c 0e c7 f4 27 e3 b7 f9 f9 71 b2 20 5c 7d fb ff 9b 85 d2 51 f8 7f b1 77 cc 6b 3d 
a9 7d d9 13 55 e7 26 a0 ce 7e 06 17 46 60 d5 62 1e 9d 18 25 b6 af 1a f2 ed b0 6e 53 dd 7e d2 6c 
68 cd fe 5e 4c 0f 63 bd 
[ #0] iov_cnt=2 total_len=584:
00 04 00 00 01 00 00 00 00 00 00 00 00 00 00 00 00 00 00 00 00 00 00 00 00 02 00 00 00 02 00 00 
00 00 00 00 00 00 00 00 00 00 00 00 00 00 00 00 00 00 00 00 00 00 00 00 00 00 00 00 00 00 00 00 
00 00 00 00 00 00 00 00 db eb 01 37 42 fc 82 44 3c 2e 49 36 ee 75 b8 7a 13 2e 57 5c f1 26 05 3e 
86 9a 70 de 99 88 49 e3 f5 ca ab a6 03 f1 8d 42 ea 03 3c 6b f7 cf 44 3c 74 b0 16 00 85 0e 99 5f 
b8 52 2b a0 31 22 3f f2 ba ba 0a 7f 75 66 c4 61 e6 ba 9a 71 9d 52 ec 6c 5c 9a 2e e0 f3 e9 94 e6 
a2 4d 05 83 68 97 ba 30 ec 97 4d 3e 14 d0 e0 ed 74 1b 85 57 4a 88 07 a4 91 c7 64 39 4d 75 08 23 
d9 cd 18 e7 39 a6 03 a3 b5 2e ec 5a 93 2d 2f c4 32 19 e6 93 9e 49 a3 ca 88 10 9a aa 53 1b d2 05 
9b 56 bd 0a 74 87 ba 3b 49 b8 44 4a 67 63 f6 16 17 3f 41 41 3b bf d3 78 79 d2 5b c5 d3 9f d8 0f 
ea a1 33 fd 29 7a 44 1e 00 49 02 35 d0 75 b7 f3 d9 3e a2 64 5c c7 3b 84 fc 89 e4 eb 66 39 5b 4a 
44 ee 3d c6 2c 7b b0 a1 ec 03 26 05 cb f6 06 f5 db 74 cd 90 7f 43 e9 89 3d 26 dd 12 6a 82 33 cc 
6e 06 28 f5 ba 65 38 26 b9 1d 0b b3 0d 5c 20 9e 0b c5 e5 5c 4c 12 b8 10 39 60 75 9f ea 0b 16 eb 
63 47 5f ea 41 f4 37 e1 53 a7 7f 64 fe 2f 54 0c fe 78 99 f0 f6 a0 08 95 96 51 83 e7 f3 e8 9c 24 
0c ab 05 20 08 83 8d f9 ca 36 d1 7a bd bc 91 dc 2e 9e 76 85 70 f5 63 95 62 1d 2b f1 90 82 e0 95 
80 cc fd 22 2e 33 5a 4f 5a 0d d6 f1 85 a5 f5 93 53 89 ed 62 48 6e b7 8b 29 27 ab 41 08 18 8c a7 
32 95 ca 3a 4a e6 61 11 5f 76 cc 20 55 00 5d ca 87 69 9e ea ab 7e 6f d9 d7 18 cb 48 73 b9 9b cf 
2c 34 37 da 1c c7 10 bd 50 01 3e 7f ef a6 7d bb 30 7e 19 9e 10 a1 c3 3f d1 fa b9 be 98 39 83 24 
0c 57 1d c4 2b 54 1b 87 99 0b 6e 76 79 3d 03 87 18 35 c9 73 5b e6 fe c7 64 73 09 a7 8e a7 93 66 
44 a9 e4 77 8b 25 cc 15 07 54 44 55 0a 19 6a 19 a0 6b 04 40 5d af f5 64 3c 9a 87 85 68 6f 66 2b 
84 10 db 74 88 46 d6 70 
[ #0] iov_cnt=2 total_len=584:
00 04 00 00 01 00 00 00 00 00 00 00 00 00 00 00 00 00 00 00 00 00 00 00 00 02 00 00 00 02 00 00 
00 00 00 00 00 00 00 00 00 00 00 00 00 00 00 00 00 00 00 00 00 00 00 00 00 00 00 00 00 00 00 00 
00 00 00 00 00 00 00 00 67 ed 0e 3c eb dc 3a 46 b1 2e 2a c0 88 f5 e9 45 59 91 e6 97 5b 5a 31 a5 
cf 86 11 71 c2 2b c0 86 38 50 8d 91 d8 e6 e6 fc 1f 4f 00 8e 2c d8 d7 38 70 c2 bd 58 a8 69 a3 aa 
85 15 13 ce c9 46 18 dd 9c 5a 2a f0 a4 99 99 e0 57 9d de 38 8a 2f 54 0d a3 45 1d 62 f6 11 37 07 
e2 b4 39 b6 2a 66 d8 0c 49 41 f7 9d 18 6b 0d d1 ec 07 50 9f a0 41 c7 04 c9 c7 61 f2 15 d7 44 f5 
75 d6 6a 2f 8a 9a 0d 30 20 74 63 0f 5b 87 2e 5e 3a ab 61 f0 22 3a 2c 15 a6 58 72 54 d2 c2 01 98 
c0 36 08 f6 80 43 4a f0 51 a3 c5 cb 93 25 a6 9c d2 b7 2e 49 fd cb e3 1c 71 35 23 32 e5 70 48 fe 
08 92 76 75 86 d5 47 04 74 27 db fc 39 97 31 25 3b b8 54 a9 e6 e2 4c 1b 99 bd 57 ad ca 23 d2 88 
3b 86 04 f9 d2 74 d3 8f 05 14 48 f1 2f e2 00 37 d1 52 5b 89 9f 4c cb 09 30 23 18 b0 4a df 58 c9 
8b 99 96 6e 08 b3 01 cd 4c e1 2e 68 cd 53 6e 6b 8c c2 49 f9 f7 10 2e b7 08 ee e1 16 aa d0 cd ed 
d6 93 bf 19 11 84 f7 5e 8b 99 5a 91 c4 59 45 c6 46 c3 4a 9e c3 ea 22 bd 88 83 d4 0a f3 23 5e 8a 
a6 e6 d1 61 74 ad ea 2f 8a 33 0d 3e 54 3f 55 2c 28 24 75 79 bb 9a c4 5d ac 75 e1 90 85 84 dc 63 
d6 1c 7d a9 cd 89 8f 46 8b 21 a5 8e 62 d3 b0 93 fd b0 87 fc 8f 95 cd 48 c2 f0 9d 7f df a9 b5 b0 
32 8d 7a 12 7d 61 12 73 75 27 60 b2 05 86 e4 3b 33 02 35 60 ce bd f0 bf 00 c6 e8 2e f1 27 17 37 
aa 88 ef 62 30 41 b2 b3 30 d8 83 f1 29 36 11 51 89 40 47 b4 18 62 c4 72 df 60 06 a8 ed fd a4 24 
7d 30 3c ce 48 ba 9e a1 4d 84 93 d5 b3 fa 79 db 72 e6 d9 db 99 20 cf 12 e4 ab cf b4 7f 1b 89 e2 
d8 76 1f 85 cc 14 88 e8 15 03 04 04 6a 67 80 cd 56 b5 44 ab ce ef 22 32 22 b3 1d 28 58 4f 8d 04 
5a 32 ae b6 d1 eb d6 e7 
[ #0] iov_cnt=2 total_len=584:
00 04 00 00 01 00 00 00 00 00 00 00 00 00 00 00 00 00 00 00 00 00 00 00 00 02 00 00 00 02 00 00 
00 00 00 00 00 00 00 00 00 00 00 00 00 00 00 00 00 00 00 00 00 00 00 00 00 00 00 00 00 00 00 00 
00 00 00 00 00 00 00 00 ae a1 a9 ca af 74 74 9f 1c 79 9e aa 0e 65 42 d4 5d 53 58 8f fd b7 78 ef 
60 91 83 94 49 41 bd e1 ae 94 49 55 87 d0 a5 1c 8a bf 1e 69 68 2e 81 49 c4 ba a3 fe be 7c 96 3c 
3a 61 a8 61 d8 09 1b 2d ed f0 a5 da c8 6c df 9c b0 e7 7d e0 e2 72 f5 be 7a d0 11 11 0e c8 3c 7e 
ad c8 87 39 1c be 4a 8f 12 c1 4b aa 05 cf 6e f7 06 8d 79 b9 a0 f8 17 ea 54 50 cb f0 85 7a d1 4d 
62 86 8f 6b dd ab 05 25 a0 ee ee fa e5 58 98 2e eb 8c e4 47 1d 6f 24 81 c8 74 4a 20 6b c8 4b 29 
7c 00 89 a1 d0 36 c3 cf f1 68 7a 64 e3 b0 c7 e4 e7 8a f6 5c 2f b5 de 0f 5a 05 ab cb ba 88 e3 7e 
ea db 33 cc a7 9b 1d 9e 08 fc dd 26 00 c6 5f 52 50 a0 99 e2 73 83 f7 b6 ce 64 04 0a dc 36 ea a4 
cb 16 9f ee 88 d3 b5 aa 54 88 a6 74 a9 c4 b0 50 af 83 5f f5 ac 85 2c e9 3b 66 61 8b 16 bf d0 7e 
7e 0e 23 36 0f 0f 0e fc 4d 93 79 8e 87 0e 19 3a d5 b3 85 a2 bd 80 36 28 81 49 d5 10 13 84 08 79 
ae 36 ce 85 4a 23 2c a0 41 64 21 52 12 4b 8e d6 01 10 8b 69 8b 3b cb 98 a0 35 fd 4f 6f 8f 33 55 
c0 31 c1 e8 fe 79 40 fe c1 77 78 b3 72 67 aa d5 b1 a1 14 33 bc f0 3c 9c ce fc b3 a2 30 3a be 48 
f4 5c 38 14 63 54 e2 90 42 de 6d b6 5e 36 6e a9 7f 06 2d 09 79 76 c7 dd 92 0d ec f3 0d 67 a6 52 
f3 92 8c 6f d8 51 01 55 6f c1 49 f2 c9 42 ac 5b 99 f0 36 3c e5 b7 a9 e8 98 be 97 c9 61 35 63 96 
d0 d2 63 c2 8a 3f e1 04 49 4d aa 0f e0 8e 52 39 e4 7c 34 a0 38 33 75 91 12 2c 9b a2 51 c0 7a ee 
ad 2a 9e 69 2d 7c c8 8b cd 6d 70 ed 91 73 ab 49 c4 1b f0 0e f5 83 c8 e1 d3 8a db 81 de 25 ba b1 
1e 7c 9f d7 7c fa ce 07 8c c4 63 fc 9c c6 54 e4 6e 27 e0 c2 7b 87 90 5b 14 04 9e f9 5a 00 08 b4 
a5 9c 21 ac 83 ee a5 69 
[ #0] iov_cnt=2 total_len=584:
00 04 00 00 01 00 00 00 00 00 00 00 00 00 00 00 00 00 00 00 00 00 00 00 00 02 00 00 00 02 00 00 
00 00 00 00 00 00 00 00 00 00 00 00 00 00 00 00 00 00 00 00 00 00 00 00 00 00 00 00 00 00 00 00 
00 00 00 00 00 00 00 00 a6 cb 9e 47 9f bc 0e 82 f5 8e 0e 35 bd 63 5a 34 17 a5 92 6d 65 93 d1 fa 
4e fc 89 33 13 ed 58 3c ac 91 55 55 ff 1f 48 c1 59 54 28 10 c8 d7 0a 7b fe 20 07 d6 c7 1b b9 5c 
5f 0f b4 e2 21 f6 f6 3c cc 0d c6 1c 7e 40 e7 78 68 5f 82 d7 d6 14 93 3f 26 f6 00 0b ba de d3 c6 
c2 7b 2d c6 f6 3e 24 61 6c e4 b5 ce 1b 1e 66 cb ca 84 02 98 a0 c4 5b 83 2f a1 b3 0a a0 6d 31 0a 
69 57 a1 8e 6c db 18 6a 24 be b8 f7 5c 15 b1 64 18 32 bd 8c ba 52 55 38 9f 91 d5 ed f6 11 c9 2f 
f1 1c 03 f4 37 e3 5a a5 ca 54 cb 86 94 5e b6 eb 2b 49 60 2b a8 34 87 4f ac 47 f3 de ba 22 83 f1 
d4 51 10 78 0a ed d7 fc 4c a3 b5 f5 0c b5 df c4 e7 4f 14 7a 31 7c a2 25 f2 c7 ea 3e f2 8e b3 59 
ea 72 3c b7 a4 ea 9a ca c9 6e 8d 44 3f 24 e4 a1 01 18 62 54 5f 10 ee 62 a5 7e 56 c9 fd 56 5f ad 
a6 b4 27 ca a8 c7 50 b7 c5 27 cd 91 8b de 5e d4 b8 4b 0b b3 b0 13 1b f3 eb e2 95 df d4 37 12 86 
49 55 d6 0f c7 7d 4d 18 db 0f 29 13 60 49 be e2 7a f3 09 27 bf c9 0b 06 11 f9 a6 73 35 77 50 3f 
93 dd 25 e8 e8 84 3b d4 97 0f a4 94 46 a2 69 ab 71 24 2d a1 58 d6 8b 84 e0 ca b4 16 20 da f4 06 
17 c7 32 16 1a 52 79 d7 71 a2 35 93 df fb cb 1c 1d af 9a 89 7f a7 75 ce 26 dc 15 63 af e2 0c 26 
a4 7b 77 8c 15 29 a5 3c 83 38 e2 3d bc f1 b4 52 58 e5 94 16 61 5c 05 5a 0c 46 58 df 7a 00 a6 c3 
8e 11 4b ac 0b fd a2 08 7c 6e e4 f1 ef d6 33 39 45 ce 6e 89 ec 9a 6b 06 81 4a b9 e7 09 3d 2b 8d 
c6 f5 06 dc 53 81 3a 1c 0a f4 c8 dd 0a 12 31 ce f2 0a 5e 8d 85 4c 09 aa cb 7a 78 13 2b 51 c0 30 
61 56 62 4f 44 57 2b 03 3d 21 5b e2 0d db b6 91 72 ee 93 06 bf 6a 1d f4 7d 24 a2 6e d7 56 4e 90 
84 35 8a 48 e6 d4 29 0d 
[ #0] iov_cnt=2 total_len=584:
00 04 00 00 01 00 00 00 00 00 00 00 00 00 00 00 00 00 00 00 00 00 00 00 00 02 00 00 00 02 00 00 
00 00 00 00 00 00 00 00 00 00 00 00 00 00 00 00 00 00 00 00 00 00 00 00 00 00 00 00 00 00 00 00 
00 00 00 00 00 00 00 00 22 49 a4 f5 4a c5 4b 79 cc 0b 91 8a f3 c9 6c 0f e8 40 00 70 4b d4 91 33 
be 9c 68 0b c2 3e 3e 80 10 d1 6d 93 46 11 a3 ab bd c9 cc f4 b9 c5 46 10 38 89 2d 1e 2c ca ac 99 
9c 7a 1c 10 22 9a 7d ff 65 a3 a7 fd 05 1a 55 fa 70 87 11 03 bf 29 aa 96 14 4d 6f 08 01 7e 6d 0b 
d7 b5 fd e2 5e 45 0b bd f2 98 0b d7 bc 56 d5 75 12 f9 9d 48 22 36 a6 ab ee 6e a2 ec 64 7b 59 4e 
a9 75 6a 1c 13 5a d0 0c 29 88 25 e6 d9 80 22 ab db b6 72 51 b0 62 d1 e2 e8 e9 fa 15 dd 50 b0 23 
96 5b 67 27 eb 69 31 f1 79 f5 13 b1 84 cb 40 ce 8f 29 92 e5 c9 06 e9 73 44 93 05 ca 3f 31 33 5f 
3a e5 72 f2 68 6c d9 ae 48 11 03 92 54 d0 3f ee 11 e2 3e 5f bd db 34 54 48 a6 6e 60 65 6d 9d 7d 
3a d1 69 56 95 91 eb 5f e6 ec 22 d1 67 2f e9 43 8c f4 bd 9f 5f 97 68 b5 56 25 01 35 ad 19 4b 79 
72 7f 0f 7a 86 d6 e5 c6 dc d4 52 e9 0f f9 23 a7 62 6b 48 2c d6 d2 41 1b 51 28 a4 ee 19 ee 57 02 
15 2b 8e e9 16 7b 1f e7 fa 15 a0 00 d0 b1 a3 50 98 56 30 35 60 7e c2 84 f2 e6 c2 93 b5 8e 5d 8f 
fd a5 07 6a e5 e4 4f 07 a9 d8 d6 4d 33 4a 08 87 95 d8 83 38 a5 71 19 6c 65 ef 3b 3a ad a2 2b 60 
9d ba 2e 91 71 d9 76 91 09 6c b5 af d6 7b 9d a5 89 63 1a a6 01 ae b1 d9 b0 23 43 79 7a b0 af af 
1d 83 d5 9b 81 80 85 1f cb 71 df 4e 06 e1 ab cd 0c 2a 91 86 a9 6f 24 26 99 0b 5e 06 f1 b4 5c 2f 
ba 08 89 61 15 48 21 8a f8 4f f2 ff e4 51 75 54 21 9c fe 20 94 a7 09 d0 72 f4 e5 ae 56 2c 1a 1e 
88 33 ad 7f 33 bd ec 75 64 4d ee a3 67 05 51 3e a4 4e 52 dd 03 b6 30 ea c5 36 f0 40 3c a0 29 b4 
6c a4 6e 9f 4f d5 57 ea ac 7d 00 80 ae 6c 19 bf 01 4d eb 47 31 c6 b6 d6 f9 6d 0c bc f2 42 05 fb 
32 00 f6 bd b8 f9 51 ff 
[ #0] iov_cnt=2 total_len=584:
00 04 00 00 01 00 00 00 00 00 00 00 00 00 00 00 00 00 00 00 00 00 00 00 00 02 00 00 00 02 00 00 
00 00 00 00 00 00 00 00 00 00 00 00 00 00 00 00 00 00 00 00 00 00 00 00 00 00 00 00 00 00 00 00 
00 00 00 00 00 00 00 00 ac b5 05 e6 e3 8f 18 9a 98 36 dc 72 a6 44 f4 0e 2d a0 1d 45 c3 4b 22 b0 
c7 7e b3 ac 56 b7 92 26 84 f4 43 f9 51 5c 3c 7a 29 df 2a d0 e7 fd b2 5d d7 2f 1e fd 6e 45 eb a3 
1b ec 9d d9 ef 42 82 db 5f 34 cb 26 ed d7 91 2b b0 6a 6a 45 47 2a 4c 6a 30 d7 5a 77 f7 a8 4a 43 
cb 8c 24 e7 e0 c0 12 f9 cb 45 f0 09 6b 4a d8 c1 ff 65 1a 1c f6 dc 1c ca 8c f9 2f cc d9 9d 1f f6 
a3 6d 95 07 dc 39 cb 4e ba a7 3f a2 36 b1 0f d3 6a c6 49 9f 06 2c 87 d8 85 22 63 10 06 48 17 f5 
fd 9e 10 07 1c 4e 17 8e 50 fe 42 02 ff 1f 3b 11 da 55 07 7b c6 4e 15 a3 8a 63 1a b7 9f 38 da 07 
1e 69 8d f4 57 92 0a 3b f1 bc 58 ed 3c 17 8c 4c f5 da 14 37 51 67 77 b1 5b 61 d8 26 24 45 a9 c6 
33 27 6a 37 4d e1 f4 63 63 e7 e0 18 95 0b 68 8d ef b3 92 ed 00 14 f7 d3 cc 98 6d 14 09 04 94 64 
a9 f0 1c f2 59 59 59 bf 2c a2 1b 2d 70 d2 b6 c0 1b 8f 7d 88 7f 14 f0 56 39 b2 37 63 1a 38 35 3d 
a8 bc a4 ab 32 ac 4e 3a d2 08 03 99 a7 9c 18 84 6d 99 a1 ed 23 e8 f2 17 38 62 ce fc 96 c0 a3 b3 
aa 9f 58 9d ab d2 c2 fe da 80 53 51 ac 09 c0 3a 8d 4d 54 1a cc 3a 5f bf 27 8c 3c d0 7a 9b b8 cb 
88 78 ef c0 38 b9 7b 1b 6b 0b 3e 97 9f d3 14 3a c0 53 e2 67 3a 4e 29 b2 4e 98 65 27 d4 b9 d6 16 
ba ca 63 da 61 41 4f 5a 16 56 0c 23 ff 50 b4 aa f7 34 09 fb af 14 71 4f 2e 57 f3 7e ab 29 1c 80 
4a 7c d6 3d 7d 9f b4 32 c9 37 76 37 af 54 c8 36 af 2c b2 8d 7b 78 08 35 37 04 be f8 7d c6 58 d3 
40 38 7b cb 18 10 cb ec 18 28 b0 c5 54 93 f3 ec 93 c0 a1 d6 74 9b f8 ed de fb 0e 7f 00 fb eb 5d 
4c 4f 89 bf f7 f4 bd 24 2e 38 cc e4 f1 31 96 75 be 2e 38 13 6a 14 41 58 f0 78 42 0d 00 85 d5 77 
17 ed ea 74 5d 60 62 c4 
[ #0] iov_cnt=2 total_len=584:
00 04 00 00 01 00 00 00 00 00 00 00 00 00 00 00 00 00 00 00 00 00 00 00 00 02 00 00 00 02 00 00 
00 00 00 00 00 00 00 00 00 00 00 00 00 00 00 00 00 00 00 00 00 00 00 00 00 00 00 00 00 00 00 00 
00 00 00 00 00 00 00 00 00 68 9e 41 ff 3f da 3e 11 96 84 92 65 50 aa e3 f4 c2 30 22 bc 6f c7 d0 
ef 2d 44 78 d6 23 f3 3c 14 bf 3f 91 f4 6e 14 d9 fe bb 10 06 79 49 58 7f 9b 7a 33 a8 02 8d a0 3f 
ca 17 2b df 0e de d7 98 fe c4 bb e6 22 79 d5 89 b9 06 2f 14 cb 58 21 1c cd 4c 3a c4 07 44 3e 9f 
fc 29 75 b8 f6 86 61 62 39 ee 1c 41 b6 b3 0c e7 64 99 62 51 e9 ee 5c a8 52 e3 72 af d7 08 76 6a 
ab e6 02 bd 4c 86 cc fe f9 67 31 bb a3 ce d8 71 0e 55 7f d9 d8 e1 6c fd a9 eb 33 0c 3b aa 4f 8c 
ff f1 63 0a 43 fc 98 7a ae 76 2d 4d e8 4b 3d 60 77 b0 16 18 6a 0a 63 7b 7c 40 72 ea ce 68 3d a5 
41 1f 28 b7 0c d2 90 06 c3 8c 8a ec f5 39 86 fe 12 85 58 11 95 6e 2b 0e 71 c6 7e 0a b2 b2 22 18 
dd 97 6a 18 f7 06 7a 92 dc 0c 9e a5 00 90 35 a0 9c 36 49 5c cf 02 21 a1 47 ca 1c 9b 4c 43 c2 ea 
9a 4c c6 00 52 26 9b 20 15 41 4c 8e 75 e0 12 7b 7d f3 a6 83 9a be c2 47 82 1e 9b 71 3a 69 81 d8 
83 07 bf f0 4d 56 00 46 88 05 a0 84 a1 32 b8 3a e9 27 3a ce 72 cd e5 de 3d 1c 9e 8c dd f1 0a 91 
98 77 64 f5 e5 21 6f 7b e2 95 98 1e b1 36 b0 9c e1 af d7 c6 a8 e2 dc 37 82 0a 1f 9b bd 25 ff 1a 
93 33 c0 95 7b 7b d1 2e 54 c0 30 03 d7 95 4e d5 db 27 5b 51 a1 b1 c0 80 e9 7b 03 11 0e 80 4e 3d 
31 a7 c4 12 24 d2 39 f5 c5 c7 82 55 3c 54 c0 8e 3c 12 98 ee 84 3e 7b 59 2e b3 5e 31 fe 6d ed c4 
9b 63 42 d8 6c 34 81 f5 2e c4 95 e2 f3 b7 1b 13 82 1c f5 0d 85 76 06 77 79 90 13 5e ff c6 24 17 
38 8c 2f 1c 98 3b 49 61 74 1f 36 15 17 0c e1 a5 7c 3c 37 04 00 c6 84 27 91 14 b7 3f 12 2c 59 fa 
47 c1 4e fe 0a 11 da 0e 1b 2c 3d 2b 78 38 cd a3 14 a4 b5 f9 11 39 86 8c a7 05 b9 6e 8b c7 ff 54 
12 06 54 63 00 80 7f 46 
[ #0] iov_cnt=2 total_len=328:
00 04 00 00 01 00 00 00 00 00 00 00 00 00 00 00 00 00 00 00 00 00 00 00 00 01 00 00 00 01 00 00 
00 00 00 00 00 00 00 00 00 00 00 00 00 00 00 00 00 00 00 00 00 00 00 00 00 00 00 00 00 00 00 00 
00 00 00 00 00 00 00 00 87 03 da f2 82 c2 dd af 7c 44 2f 86 d3 5f 4c 93 48 b9 fe 07 17 bb 21 f7 
25 23 4e aa 22 0c 16 b9 73 ae 9d 46 7c 75 d9 c3 49 57 47 bf 33 b7 97 ec f5 40 75 c0 46 22 f0 a0 
5d 9c 79 13 a1 ff b8 a3 2f 7b 8e 06 3f c8 b6 e4 6a 28 f2 34 5c 23 3f 32 c0 e6 ad 0f ac cf 55 74 
47 73 d3 01 85 b7 0b 22 56 24 7d 9f 09 a9 0e 86 9e 37 5b 9c 6d 02 d9 8c c8 50 6a e2 59 f3 16 06 
ea b2 42 b5 58 fe ba d1 81 57 1a ef b2 38 88 58 f6 aa c4 2e 8b 5a 27 e4 a5 e8 a4 ca 67 5c ac 72 
67 c3 6f 13 c3 2d 35 79 d7 8a e7 f5 d4 21 30 4a d5 f6 a3 d9 79 56 f2 0f 10 f7 7d d0 51 93 2f 47 
f8 7d 4b 0a 84 55 12 0a 7d 4e 3b 1f 2b 2f fc 28 b3 69 34 e1 80 80 bb e2 af b9 d6 30 f1 1d 54 87 
23 99 9f 51 03 4c 45 7d 02 65 73 ab fd cf 94 cc 0d 3a 60 fd 3c 14 2f 16 33 a9 21 1f cb 50 b1 8f 
03 ee a0 66 a9 16 79 14 
[ #0] iov_cnt=2 total_len=328:
00 04 00 00 01 00 00 00 00 00 00 00 00 00 00 00 00 00 00 00 00 00 00 00 00 01 00 00 00 01 00 00 
00 00 00 00 00 00 00 00 00 00 00 00 00 00 00 00 00 00 00 00 00 00 00 00 00 00 00 00 00 00 00 00 
00 00 00 00 00 00 00 00 24 28 ee 22 74 7f 7c fa 6c 1f b3 18 d1 c2 3d 7d 29 42 88 ad 82 a5 b1 8a 
05 d0 ec 5c 91 20 f6 82 fd d5 67 60 5f 31 f5 bd 88 91 70 bd b8 b9 8c 88 fe 53 c9 54 9b 43 c4 7a 
43 74 6b dd b0 b1 3b 33 45 46 78 a3 1c ef 54 68 f7 85 9c e4 51 6f 06 af 81 db 2a 7b 7b 6f a8 9c 
67 d8 cb c9 91 40 00 ae d9 a1 9f dd a6 43 0e 28 7b aa 1b e9 84 db 76 64 42 70 c9 c0 eb ae 84 11 
16 68 4e 84 9e 7e 92 36 ee 1c 3b 08 63 eb 79 84 15 08 9d af c8 9a c7 34 d3 94 4b d1 28 97 be d1 
45 75 dc 35 62 ac 1d 1f b7 b7 15 87 c8 98 c0 24 31 56 8d ed db 06 c6 46 bf 4b 6d a6 d5 ab cc 60 
fc e5 37 b6 53 7d 58 95 a9 56 c7 f7 ee c3 a0 76 f7 65 4d 53 fa ff 5f 76 33 5a 08 fa 86 92 5a 13 
fa 1a fc f2 1b 8c 7f 42 6d b7 7e b7 b4 f0 c7 83 bb a2 81 03 2d d4 2a 63 3f f7 31 2e 40 33 5c 46 
bc 9b c1 05 a5 45 4e c3 
[ #0] iov_cnt=2 total_len=328:
00 04 00 00 01 00 00 00 00 00 00 00 00 00 00 00 00 00 00 00 00 00 00 00 00 01 00 00 00 01 00 00 
00 00 00 00 00 00 00 00 00 00 00 00 00 00 00 00 00 00 00 00 00 00 00 00 00 00 00 00 00 00 00 00 
00 00 00 00 00 00 00 00 24 28 ee 22 74 7f 7c fa 6c 1f b3 18 d1 c2 3d 7d 29 42 88 ad 82 a5 b1 8a 
05 d0 ec 5c 91 20 f6 82 fd d5 67 60 5f 31 f5 bd 88 91 70 bd b8 b9 8c 88 fe 53 c9 54 9b 43 c4 7a 
43 74 6b dd b0 b1 3b 33 45 46 78 a3 1c ef 54 68 f7 85 9c e4 51 6f 06 af 81 db 2a 7b 7b 6f a8 9c 
67 d8 cb c9 91 40 00 ae d9 a1 9f dd a6 43 0e 28 7b aa 1b e9 84 db 76 64 42 70 c9 c0 eb ae 84 11 
16 68 4e 84 9e 7e 92 36 ee 1c 3b 08 63 eb 79 84 15 08 9d af c8 9a c7 34 d3 94 4b d1 28 97 be d1 
45 75 dc 35 62 ac 1d 1f b7 b7 15 87 c8 98 c0 24 31 56 8d ed db 06 c6 46 bf 4b 6d a6 d5 ab cc 60 
fc e5 37 b6 53 7d 58 95 a9 56 c7 f7 ee c3 a0 76 f7 65 4d 53 fa ff 5f 76 33 5a 08 fa 86 92 5a 13 
fa 1a fc f2 1b 8c 7f 42 6d b7 7e b7 b4 f0 c7 83 bb a2 81 03 2d d4 2a 63 3f f7 31 2e 40 33 5c 46 
bc 9b c1 05 a5 45 4e c3 
[ #0] iov_cnt=2 total_len=328:
00 04 00 00 01 00 00 00 00 00 00 00 00 00 00 00 00 00 00 00 00 00 00 00 00 01 00 00 00 01 00 00 
00 00 00 00 00 00 00 00 00 00 00 00 00 00 00 00 00 00 00 00 00 00 00 00 00 00 00 00 00 00 00 00 
00 00 00 00 00 00 00 00 4a 02 46 23 0e 20 a6 30 6f 1f 1a f0 ca bc 7f 19 b6 30 17 11 4e 6a 28 8d 
c4 13 c0 5f e4 25 8b f1 11 da e1 16 ec a4 16 24 20 1b 77 ad b4 67 ed 5a 61 44 2f 4c dc 13 a4 05 
e4 aa b3 0a d0 de e3 ee 44 b4 58 ef a0 99 bb fa e2 63 8f d3 e5 20 e4 41 85 29 fe 88 73 f5 cd 0a 
5a 50 26 c2 5a bf 28 53 7c 36 e3 a8 22 fb fb 72 3e 78 1b e3 77 d8 06 52 46 9b f4 78 6f ed 01 b1 
1a 4c a7 16 96 d6 83 25 4f 60 dd b2 6f fd 91 7c 46 20 7f 0b 4e 70 fc 4e d5 6a 84 aa 0b 8b 4f 49 
c6 9e b6 8c a7 cc 54 2c 55 28 a5 d6 68 f5 12 ef 45 12 af 83 74 ac ec 2b e6 e1 af b1 6a ef ed 8a 
ef 57 30 9e 75 bb fd ed 45 89 06 8b 61 5b 16 b3 f5 a2 0c ff d5 bf f2 31 6d a2 2c 87 c3 ca e5 4b 
17 3d fe c6 7c 49 dd e8 8a 22 a0 90 4c a5 63 38 45 a6 70 ec c6 12 65 10 25 51 65 48 f6 43 c7 00 
7d 8c 9d d6 65 18 ee 91 
[ #0] iov_cnt=2 total_len=328:
00 04 00 00 01 00 00 00 00 00 00 00 00 00 00 00 00 00 00 00 00 00 00 00 00 01 00 00 00 01 00 00 
00 00 00 00 00 00 00 00 00 00 00 00 00 00 00 00 00 00 00 00 00 00 00 00 00 00 00 00 00 00 00 00 
00 00 00 00 00 00 00 00 4a 02 46 23 0e 20 a6 30 6f 1f 1a f0 ca bc 7f 19 b6 30 17 11 4e 6a 28 8d 
c4 13 c0 5f e4 25 8b f1 11 da e1 16 ec a4 16 24 20 1b 77 ad b4 67 ed 5a 61 44 2f 4c dc 13 a4 05 
e4 aa b3 0a d0 de e3 ee 44 b4 58 ef a0 99 bb fa e2 63 8f d3 e5 20 e4 41 85 29 fe 88 73 f5 cd 0a 
5a 50 26 c2 5a bf 28 53 7c 36 e3 a8 22 fb fb 72 3e 78 1b e3 77 d8 06 52 46 9b f4 78 6f ed 01 b1 
1a 4c a7 16 96 d6 83 25 4f 60 dd b2 6f fd 91 7c 46 20 7f 0b 4e 70 fc 4e d5 6a 84 aa 0b 8b 4f 49 
c6 9e b6 8c a7 cc 54 2c 55 28 a5 d6 68 f5 12 ef 45 12 af 83 74 ac ec 2b e6 e1 af b1 6a ef ed 8a 
ef 57 30 9e 75 bb fd ed 45 89 06 8b 61 5b 16 b3 f5 a2 0c ff d5 bf f2 31 6d a2 2c 87 c3 ca e5 4b 
17 3d fe c6 7c 49 dd e8 8a 22 a0 90 4c a5 63 38 45 a6 70 ec c6 12 65 10 25 51 65 48 f6 43 c7 00 
7d 8c 9d d6 65 18 ee 91 
[ #0] iov_cnt=3 total_len=104:
00 00 00 00 00 00 00 00 00 00 00 00 00 00 00 00 00 00 00 00 00 00 00 00 10 00 00 00 10 00 00 00 
10 00 00 00 00 00 00 00 00 00 00 00 00 00 00 00 00 00 00 00 00 00 00 00 00 00 00 00 00 00 00 00 
01 00 00 00 00 00 00 00 00 00 00 00 00 00 00 00 00 00 00 00 00 00 00 00 00 00 00 00 00 00 00 00 
00 00 00 00 00 00 00 00 
[ #0] iov_cnt=3 total_len=104:
00 00 00 00 00 00 00 00 02 00 00 00 00 00 00 00 00 00 00 00 00 00 00 00 10 00 00 00 10 00 00 00 
10 00 00 00 00 00 00 00 00 00 00 00 00 00 00 00 00 00 00 00 00 00 00 00 00 00 00 00 00 00 00 00 
01 00 00 00 00 00 00 00 00 00 00 00 00 00 00 00 00 00 00 00 00 00 00 00 ff ff ff ff ff ff ff ff 
ff ff ff ff ff ff c0 00 
[ #0] iov_cnt=3 total_len=104:
00 00 00 00 00 00 00 00 00 00 00 00 00 00 00 00 00 00 00 00 00 00 00 00 10 00 00 00 10 00 00 00 
10 00 00 00 00 00 00 00 00 00 00 00 00 00 00 00 00 00 00 00 00 00 00 00 00 00 00 00 00 00 00 00 
01 00 00 00 00 00 00 00 00 00 00 00 00 00 00 00 00 00 00 00 00 00 00 00 00 00 00 00 00 00 00 00 
00 00 00 00 00 00 00 00 
[ #0] iov_cnt=3 total_len=104:
00 00 00 00 00 00 00 00 02 00 00 00 00 00 00 00 00 00 00 00 00 00 00 00 10 00 00 00 10 00 00 00 
10 00 00 00 00 00 00 00 00 00 00 00 00 00 00 00 00 00 00 00 00 00 00 00 00 00 00 00 00 00 00 00 
01 00 00 00 00 00 00 00 00 00 00 00 00 00 00 00 00 00 00 00 00 00 00 00 ff ff ff ff ff ff ff ff 
ff ff ff ff ff ff c0 00 
