[SEND_HDR #801] iov_cnt=1 total_len=16:
01 00 00 00 00 00 00 00 58 00 00 00 10 00 00 00 
[SEND #802] iov_cnt=2 total_len=88:
02 00 00 00 03 00 00 00 00 00 00 00 00 00 00 00 03 00 00 00 10 00 00 00 01 00 00 00 00 00 00 00 
00 00 00 00 00 00 00 00 00 00 00 00 00 00 00 00 00 00 00 00 00 00 00 00 00 00 00 00 00 00 00 00 
01 00 00 00 00 00 00 00 ff ff c0 00 00 00 00 00 00 00 00 00 00 00 00 00 
[SEND_HDR #803] iov_cnt=1 total_len=16:
01 00 00 00 00 00 00 00 58 00 00 00 10 00 00 00 
[SEND #804] iov_cnt=2 total_len=88:
02 00 00 00 03 00 00 00 00 00 00 00 00 00 00 00 03 00 00 00 10 00 00 00 02 00 00 00 00 00 00 00 
00 00 00 00 00 00 00 00 00 00 00 00 00 00 00 00 00 00 00 00 00 00 00 00 00 00 00 00 00 00 00 00 
01 00 00 00 00 00 00 00 ff ff c0 00 00 00 00 00 00 00 00 00 00 00 00 00 
[SEND_HDR #805] iov_cnt=1 total_len=16:
00 00 00 00 00 00 00 00 68 00 00 00 11 00 00 00 
[SEND #806] iov_cnt=3 total_len=104:
00 00 00 00 00 00 00 00 00 00 00 00 00 00 00 00 00 00 00 00 00 00 00 00 10 00 00 00 10 00 00 00 
10 00 00 00 00 00 00 00 00 00 00 00 00 00 00 00 00 00 00 00 00 00 00 00 00 00 00 00 00 00 00 00 
01 00 00 00 00 00 00 00 00 00 00 00 00 00 00 00 00 00 00 00 00 00 00 00 00 00 00 00 00 00 00 00 
00 00 00 00 00 00 00 00 
[SEND_HDR #807] iov_cnt=1 total_len=16:
01 00 00 00 00 00 00 00 58 00 00 00 10 00 00 00 
[SEND #808] iov_cnt=2 total_len=88:
02 00 00 00 03 00 00 00 00 00 00 00 00 00 00 00 03 00 00 00 10 00 00 00 01 00 00 00 00 00 00 00 
00 00 00 00 00 00 00 00 00 00 00 00 00 00 00 00 00 00 00 00 00 00 00 00 00 00 00 00 00 00 00 00 
01 00 00 00 00 00 00 00 00 00 00 00 00 00 00 00 00 00 00 00 00 00 00 00 
[SEND_HDR #809] iov_cnt=1 total_len=16:
01 00 00 00 00 00 00 00 58 00 00 00 10 00 00 00 
[SEND #810] iov_cnt=2 total_len=88:
02 00 00 00 03 00 00 00 00 00 00 00 00 00 00 00 03 00 00 00 10 00 00 00 02 00 00 00 00 00 00 00 
00 00 00 00 00 00 00 00 00 00 00 00 00 00 00 00 00 00 00 00 00 00 00 00 00 00 00 00 00 00 00 00 
01 00 00 00 00 00 00 00 00 00 00 00 00 00 00 00 00 00 00 00 00 00 00 00 
[SEND_HDR #811] iov_cnt=1 total_len=16:
00 00 00 00 00 00 00 00 68 00 00 00 11 00 00 00 
[SEND #812] iov_cnt=3 total_len=104:
00 00 00 00 00 00 00 00 02 00 00 00 00 00 00 00 00 00 00 00 00 00 00 00 10 00 00 00 10 00 00 00 
10 00 00 00 00 00 00 00 00 00 00 00 00 00 00 00 00 00 00 00 00 00 00 00 00 00 00 00 00 00 00 00 
01 00 00 00 00 00 00 00 00 00 00 00 00 00 00 00 00 00 00 00 00 00 00 00 ff ff ff ff ff ff ff ff 
ff ff ff ff ff ff c0 00 
[SEND_HDR #813] iov_cnt=1 total_len=16:
01 00 00 00 00 00 00 00 48 00 00 00 01 00 00 00 
[SEND #814] iov_cnt=1 total_len=72:
03 00 00 00 00 00 00 00 00 00 00 00 00 00 00 00 02 00 00 00 00 00 00 00 00 00 00 00 00 00 00 00 
00 00 00 00 00 00 00 00 00 00 00 00 00 00 00 00 00 00 00 00 00 00 00 00 00 00 00 00 00 00 00 00 
00 00 00 00 00 00 00 00 
[SEND_HDR #815] iov_cnt=1 total_len=16:
01 00 00 00 00 00 00 00 48 00 00 00 01 00 00 00 
[SEND #816] iov_cnt=1 total_len=72:
03 00 00 00 00 00 00 00 00 00 00 00 00 00 00 00 03 00 00 00 00 00 00 00 00 00 00 00 00 00 00 00 
00 00 00 00 00 00 00 00 00 00 00 00 00 00 00 00 00 00 00 00 00 00 00 00 00 00 00 00 00 00 00 00 
00 00 00 00 00 00 00 00 
[SEND_HDR #817] iov_cnt=1 total_len=16:
01 00 00 00 00 00 00 00 58 00 00 00 10 00 00 00 
[SEND #818] iov_cnt=2 total_len=88:
02 00 00 00 03 00 00 00 00 00 00 00 00 00 00 00 03 00 00 00 10 00 00 00 01 00 00 00 00 00 00 00 
00 00 00 00 00 00 00 00 00 00 00 00 00 00 00 00 00 00 00 00 00 00 00 00 00 00 00 00 00 00 00 00 
01 00 00 00 00 00 00 00 33 33 33 33 33 33 33 33 33 33 33 33 33 33 33 33 
[SEND_HDR #819] iov_cnt=1 total_len=16:
01 00 00 00 00 00 00 00 58 00 00 00 10 00 00 00 
[SEND #820] iov_cnt=2 total_len=88:
02 00 00 00 03 00 00 00 00 00 00 00 00 00 00 00 03 00 00 00 10 00 00 00 02 00 00 00 00 00 00 00 
00 00 00 00 00 00 00 00 00 00 00 00 00 00 00 00 00 00 00 00 00 00 00 00 00 00 00 00 00 00 00 00 
01 00 00 00 00 00 00 00 33 33 33 33 33 33 33 33 33 33 33 33 33 33 33 33 
[SEND_HDR #821] iov_cnt=1 total_len=16:
00 00 00 00 00 00 00 00 58 04 00 00 31 05 00 00 
[SEND #822] iov_cnt=3 total_len=1112:
00 00 00 00 00 00 00 00 02 00 00 00 00 00 00 00 00 00 00 00 00 00 00 00 10 00 00 00 00 04 00 00 
00 04 00 00 00 00 00 00 00 00 00 00 00 00 00 00 00 00 00 00 00 00 00 00 00 00 00 00 00 00 00 00 
01 00 00 00 00 00 00 00 03 03 03 03 03 03 03 03 03 03 03 03 03 03 03 03 15 15 15 15 15 15 15 15 
15 15 15 15 15 15 15 15 15 15 15 15 15 15 15 15 15 15 15 15 15 15 15 15 15 15 15 15 15 15 15 15 
15 15 15 15 15 15 15 15 15 15 15 15 15 15 15 15 15 15 15 15 15 15 15 15 15 15 15 15 15 15 15 15 
15 15 15 15 15 15 15 15 15 15 15 15 15 15 15 15 15 15 15 15 15 15 15 15 15 15 15 15 15 15 15 15 
15 15 15 15 15 15 15 15 15 15 15 15 15 15 15 15 15 15 15 15 15 15 15 15 15 15 15 15 15 15 15 15 
15 15 15 15 15 15 15 15 15 15 15 15 15 15 15 15 15 15 15 15 15 15 15 15 15 15 15 15 15 15 15 15 
15 15 15 15 15 15 15 15 15 15 15 15 15 15 15 15 15 15 15 15 15 15 15 15 15 15 15 15 15 15 15 15 
15 15 15 15 15 15 15 15 15 15 15 15 15 15 15 15 15 15 15 15 15 15 15 15 15 15 15 15 15 15 15 15 
15 15 15 15 15 15 15 15 15 15 15 15 15 15 15 15 15 15 15 15 15 15 15 15 15 15 15 15 15 15 15 15 
15 15 15 15 15 15 15 15 15 15 15 15 15 15 15 15 15 15 15 15 15 15 15 15 15 15 15 15 15 15 15 15 
15 15 15 15 15 15 15 15 15 15 15 15 15 15 15 15 15 15 15 15 15 15 15 15 15 15 15 15 15 15 15 15 
15 15 15 15 15 15 15 15 15 15 15 15 15 15 15 15 15 15 15 15 15 15 15 15 15 15 15 15 15 15 15 15 
15 15 15 15 15 15 15 15 15 15 15 15 15 15 15 15 15 15 15 15 15 15 15 15 15 15 15 15 15 15 15 15 
15 15 15 15 15 15 15 15 15 15 15 15 15 15 15 15 15 15 15 15 15 15 15 15 15 15 15 15 15 15 15 15 
15 15 15 15 15 15 15 15 15 15 15 15 15 15 15 15 15 15 15 15 15 15 15 15 15 15 15 15 15 15 15 15 
15 15 15 15 15 15 15 15 15 15 15 15 15 15 15 15 15 15 15 15 15 15 15 15 15 15 15 15 15 15 15 15 
15 15 15 15 15 15 15 15 15 15 15 15 15 15 15 15 15 15 15 15 15 15 15 15 15 15 15 15 15 15 15 15 
15 15 15 15 15 15 15 15 15 15 15 15 15 15 15 15 15 15 15 15 15 15 15 15 15 15 15 15 15 15 15 15 
15 15 15 15 15 15 15 15 15 15 15 15 15 15 15 15 15 15 15 15 15 15 15 15 15 15 15 15 15 15 15 15 
15 15 15 15 15 15 15 15 15 15 15 15 15 15 15 15 15 15 15 15 15 15 15 15 15 15 15 15 15 15 15 15 
15 15 15 15 15 15 15 15 15 15 15 15 15 15 15 15 15 15 15 15 15 15 15 15 15 15 15 15 15 15 15 15 
15 15 15 15 15 15 15 15 15 15 15 15 15 15 15 15 15 15 15 15 15 15 15 15 15 15 15 15 15 15 15 15 
15 15 15 15 15 15 15 15 15 15 15 15 15 15 15 15 15 15 15 15 15 15 15 15 15 15 15 15 15 15 15 15 
15 15 15 15 15 15 15 15 15 15 15 15 15 15 15 15 15 15 15 15 15 15 15 15 15 15 15 15 15 15 15 15 
15 15 15 15 15 15 15 15 15 15 15 15 15 15 15 15 15 15 15 15 15 15 15 15 15 15 15 15 15 15 15 15 
15 15 15 15 15 15 15 15 15 15 15 15 15 15 15 15 15 15 15 15 15 15 15 15 15 15 15 15 15 15 15 15 
15 15 15 15 15 15 15 15 15 15 15 15 15 15 15 15 15 15 15 15 15 15 15 15 15 15 15 15 15 15 15 15 
15 15 15 15 15 15 15 15 15 15 15 15 15 15 15 15 15 15 15 15 15 15 15 15 15 15 15 15 15 15 15 15 
15 15 15 15 15 15 15 15 15 15 15 15 15 15 15 15 15 15 15 15 15 15 15 15 15 15 15 15 15 15 15 15 
15 15 15 15 15 15 15 15 15 15 15 15 15 15 15 15 15 15 15 15 15 15 15 15 15 15 15 15 15 15 15 15 
15 15 15 15 15 15 15 15 15 15 15 15 15 15 15 15 15 15 15 15 15 15 15 15 15 15 15 15 15 15 15 15 
15 15 15 15 15 15 15 15 15 15 15 15 15 15 15 15 15 15 15 15 15 15 15 15 15 15 15 15 15 15 15 15 
15 15 15 15 15 15 15 15 15 15 15 15 15 15 15 15 15 15 15 15 15 15 15 15 
[SEND_HDR #823] iov_cnt=1 total_len=16:
01 00 00 00 00 00 00 00 48 00 00 00 01 00 00 00 
[SEND #824] iov_cnt=1 total_len=72:
03 00 00 00 00 00 00 00 00 00 00 00 00 00 00 00 02 00 00 00 00 00 00 00 00 00 00 00 00 00 00 00 
00 00 00 00 00 00 00 00 00 00 00 00 00 00 00 00 00 00 00 00 00 00 00 00 00 00 00 00 00 00 00 00 
00 00 00 00 00 00 00 00 
[SEND_HDR #825] iov_cnt=1 total_len=16:
01 00 00 00 00 00 00 00 48 00 00 00 01 00 00 00 
[SEND #826] iov_cnt=1 total_len=72:
03 00 00 00 00 00 00 00 00 00 00 00 00 00 00 00 03 00 00 00 00 00 00 00 00 00 00 00 00 00 00 00 
00 00 00 00 00 00 00 00 00 00 00 00 00 00 00 00 00 00 00 00 00 00 00 00 00 00 00 00 00 00 00 00 
00 00 00 00 00 00 00 00 
[SEND_HDR #827] iov_cnt=1 total_len=16:
01 00 00 00 00 00 00 00 58 00 00 00 10 00 00 00 
[SEND #828] iov_cnt=2 total_len=88:
02 00 00 00 03 00 00 00 00 00 00 00 00 00 00 00 03 00 00 00 10 00 00 00 01 00 00 00 00 00 00 00 
00 00 00 00 00 00 00 00 00 00 00 00 00 00 00 00 00 00 00 00 00 00 00 00 00 00 00 00 00 00 00 00 
01 00 00 00 00 00 00 00 33 33 33 33 33 33 33 33 33 33 33 33 33 33 33 33 
[SEND_HDR #829] iov_cnt=1 total_len=16:
01 00 00 00 00 00 00 00 58 00 00 00 10 00 00 00 
[SEND #830] iov_cnt=2 total_len=88:
02 00 00 00 03 00 00 00 00 00 00 00 00 00 00 00 03 00 00 00 10 00 00 00 02 00 00 00 00 00 00 00 
00 00 00 00 00 00 00 00 00 00 00 00 00 00 00 00 00 00 00 00 00 00 00 00 00 00 00 00 00 00 00 00 
01 00 00 00 00 00 00 00 33 33 33 33 33 33 33 33 33 33 33 33 33 33 33 33 
[SEND_HDR #831] iov_cnt=1 total_len=16:
00 00 00 00 00 00 00 00 88 05 00 00 31 05 00 00 
[SEND #832] iov_cnt=5 total_len=1416:
01 00 00 00 00 00 00 00 03 00 00 00 00 00 00 00 00 00 00 00 00 00 00 00 10 00 00 00 00 04 00 00 
00 04 00 00 00 00 00 00 00 00 00 00 00 00 00 00 00 00 00 00 00 00 00 00 00 00 00 00 00 00 00 00 
01 00 00 00 00 00 00 00 03 03 03 03 03 03 03 03 03 03 03 03 03 03 03 03 9c c6 99 24 11 eb 3c 12 
4b 15 a8 65 09 b6 27 10 f1 83 9d 7f ab 7d f5 d6 88 14 c1 33 a3 56 75 23 25 1d a9 f6 63 92 f0 42 
4e 8b 58 38 5b 1c 5c 0f 4b ab fc 06 2d 78 97 79 1f dc 9c 7f bc 33 7a f8 c4 76 34 d1 a2 9d 07 c8 
7f e5 c0 4d ce ab 2f 05 11 ba 0d 9a d8 7c 7b eb 28 6f 39 ae 20 85 eb 8e 51 b8 6e 6f 55 6e f4 94 
b1 17 b9 92 6c 81 df 7c a7 80 92 0a ee fd ae 1a 74 80 e8 1c 94 f8 bf b6 f1 54 19 e2 40 e0 67 d8 
77 3b b4 ec 13 9b 40 91 b0 50 87 11 22 bf 04 5d 1b 0c 6b 3b ad 5f 1e 75 a6 aa 60 75 4b ce c7 49 
d4 d3 9e a3 9a ab 42 2a 2c 7f a1 a9 73 e3 89 95 2f cd 37 61 d1 c0 12 2a 70 04 9f bd 13 4e 9a e9 
04 5f 0d e3 e7 e2 e9 47 4b 76 5d f3 64 a0 18 c6 25 88 7c 84 44 90 ec 22 61 7b 66 34 87 8a 64 d9 
d1 00 69 89 4c eb b3 2e 5c e6 09 cb a1 38 6a 41 45 8f 23 4e 0e ac 8d 7e 79 fd 92 c4 d6 4b c1 2f 
6b 90 fb e5 13 13 cd 86 f0 15 7c 5d d4 17 bf 72 d5 b3 fd 8e ed af 77 2f 25 5e 5f 17 01 69 62 5a 
a6 b2 e3 d9 13 11 a4 f8 53 29 78 b3 c3 9e 1f 77 a7 1e da 27 91 69 ab 33 28 72 18 a2 6d 52 11 d4 
31 8d 5a 7d 43 98 96 cc ee 71 8a 8b d0 d2 4f 02 88 f2 fa bf bf 2f 0d 9b de 6c 29 72 52 e0 c5 c2 
db 72 85 57 48 77 a4 25 08 65 77 d7 b5 c8 65 c0 b3 2a 0d 1f 1b 57 b5 92 f1 16 1d 79 94 ed b8 b6 
02 f8 a6 91 a6 33 3a 1a 56 7f a8 ee fc 56 e4 1d e4 7a f2 9b dc e4 0f d2 54 1c e6 aa f5 74 83 67 
08 4a a1 99 a2 6d 20 9d e8 f8 ee c0 3c d5 6f 14 24 2d 06 7c f8 fb a5 e3 e0 a0 5e 44 70 15 65 5c 
7a 69 17 2e e2 ec 7d 06 29 f8 1d aa 0b a2 5b 58 2e 8a ab b4 2c cb ed 9d 2a 75 35 77 f5 cf a4 65 
4c 45 e9 49 26 db 3a 32 d9 a3 96 0b 64 eb 4e 42 86 25 8c 84 d5 6c c8 8d 44 19 28 d6 85 40 04 e2 
b2 fb d3 c5 1e 35 7d 22 81 5f 2d 44 9a 4c 65 52 4d 27 85 f4 07 3b d2 93 c2 52 ad 9e 01 4f 38 a7 
4b 0e 3b cc 33 b9 92 0c 01 d2 4a 8f 01 ab 72 52 34 6b 23 2b 00 8c 10 ef 72 44 5d 5c 52 0d d7 48 
05 b9 62 95 2f b1 57 33 63 da 55 66 8b 1e c1 be 7a 0f ef 29 de 10 1c f5 7e 9f 51 50 35 61 87 8e 
ac 72 a6 80 f4 a7 b5 35 d0 08 dd 2d de 5c af ad 3f 44 db 7a 40 68 ef 1e 89 2f b3 73 48 0f e7 04 
d4 2f 8e 62 09 be 02 66 a2 ea 45 d6 5c 94 be 8d fe ab a5 04 7b 84 37 08 22 02 9d 9e 5d 1c 0a 32 
24 15 ac cf 82 96 08 5e c8 5d ae f0 4e 9a d5 16 e7 12 05 04 c2 9c cc da 96 34 b6 0b 1e 43 4d e0 
53 76 35 58 12 f3 62 d2 00 00 00 00 00 00 00 00 00 00 00 00 00 00 00 00 00 00 00 00 00 00 00 00 
00 00 00 00 00 00 00 00 00 00 00 00 00 00 00 00 00 00 00 00 00 00 00 00 00 00 00 00 00 00 00 00 
00 00 00 00 00 00 00 00 00 00 00 00 00 00 00 00 00 00 00 00 00 00 00 00 00 00 00 00 00 00 00 00 
00 00 00 00 00 00 00 00 00 00 00 00 00 00 00 00 00 00 00 00 00 00 00 00 00 00 00 00 00 00 00 00 
00 00 00 00 00 00 00 00 00 00 00 00 00 00 00 00 00 00 00 00 00 00 00 00 00 00 00 00 00 00 00 00 
00 00 00 00 00 00 00 00 00 00 00 00 00 00 00 00 00 00 00 00 00 00 00 00 00 00 00 00 00 00 00 00 
00 00 00 00 00 00 00 00 00 00 00 00 00 00 00 00 00 00 00 00 00 00 00 00 00 00 00 00 00 00 00 00 
00 00 00 00 00 00 00 00 00 00 00 00 00 00 00 00 00 00 00 00 00 00 00 00 00 00 00 00 00 00 00 00 
00 00 00 00 00 00 00 00 00 00 00 00 00 00 00 00 00 00 00 00 00 00 00 00 00 00 00 00 00 00 00 00 
00 00 00 00 00 00 00 00 00 00 00 00 00 00 00 00 00 00 00 00 00 00 00 00 00 00 00 00 00 00 00 00 
00 00 00 00 00 00 00 00 00 00 00 00 00 00 00 00 00 00 00 00 00 00 00 00 00 00 00 00 00 00 00 00 
00 00 00 00 00 00 00 00 00 00 00 00 00 00 00 00 00 00 00 00 00 00 00 00 00 00 00 00 00 00 00 00 
00 00 00 00 00 00 00 00 00 00 00 00 00 00 00 00 00 00 00 00 00 00 00 00 00 00 00 00 00 00 00 00 
00 00 00 00 00 00 00 00 00 00 00 00 00 00 00 00 00 00 00 00 00 00 00 00 00 00 00 00 00 00 00 00 
00 00 00 00 00 00 00 00 00 00 00 00 00 00 00 00 00 00 00 00 00 00 00 00 00 00 00 00 00 00 00 00 
00 00 00 00 00 00 00 00 00 00 00 00 00 00 00 00 00 00 00 00 00 00 00 00 00 00 00 00 00 00 00 00 
00 00 00 00 00 00 00 00 00 00 00 00 00 00 00 00 00 00 00 00 00 00 00 00 00 00 00 00 00 00 00 00 
00 00 00 00 00 00 00 00 00 00 00 00 00 00 00 00 00 00 00 00 00 00 00 00 00 00 00 00 00 00 00 00 
00 00 00 00 00 00 00 00 00 00 00 00 00 00 00 00 00 00 00 00 00 00 00 00 00 00 00 00 00 00 00 00 
00 00 00 00 00 00 00 00 
[SEND_HDR #833] iov_cnt=1 total_len=16:
01 00 00 00 00 00 00 00 48 00 00 00 01 00 00 00 
[SEND #834] iov_cnt=1 total_len=72:
03 00 00 00 00 00 00 00 00 00 00 00 00 00 00 00 02 00 00 00 00 00 00 00 00 00 00 00 00 00 00 00 
00 00 00 00 00 00 00 00 00 00 00 00 00 00 00 00 00 00 00 00 00 00 00 00 00 00 00 00 00 00 00 00 
00 00 00 00 00 00 00 00 
[SEND_HDR #835] iov_cnt=1 total_len=16:
01 00 00 00 00 00 00 00 48 00 00 00 01 00 00 00 
[SEND #836] iov_cnt=1 total_len=72:
03 00 00 00 00 00 00 00 00 00 00 00 00 00 00 00 03 00 00 00 00 00 00 00 00 00 00 00 00 00 00 00 
00 00 00 00 00 00 00 00 00 00 00 00 00 00 00 00 00 00 00 00 00 00 00 00 00 00 00 00 00 00 00 00 
00 00 00 00 00 00 00 00 
[SEND_HDR #837] iov_cnt=1 total_len=16:
01 00 00 00 00 00 00 00 48 00 00 00 01 00 00 00 
[SEND #838] iov_cnt=1 total_len=72:
03 00 00 00 00 00 00 00 00 00 00 00 00 00 00 00 00 00 00 00 00 00 00 00 00 00 00 00 00 00 00 00 
00 00 00 00 00 00 00 00 00 00 00 00 00 00 00 00 00 00 00 00 00 00 00 00 00 00 00 00 00 00 00 00 
00 00 00 00 00 00 00 00 
[SEND_HDR #839] iov_cnt=1 total_len=16:
01 00 00 00 00 00 00 00 48 00 00 00 01 00 00 00 
[SEND #840] iov_cnt=1 total_len=72:
03 00 00 00 00 00 00 00 00 00 00 00 00 00 00 00 01 00 00 00 00 00 00 00 00 00 00 00 00 00 00 00 
00 00 00 00 00 00 00 00 00 00 00 00 00 00 00 00 00 00 00 00 00 00 00 00 00 00 00 00 00 00 00 00 
00 00 00 00 00 00 00 00 
