[SEND #1] iov_cnt=3 total_len=614:
  iov[0](16): 01 00 00 00 00 00 00 00 56 02 00 00 10 00 00 00 
  iov[1](72): 04 04 00 00 01 00 00 00 00 00 00 00 00 00 00 00 
[SEND #2] iov_cnt=3 total_len=600:
  iov[0](16): 00 00 00 00 00 00 00 00 48 02 00 00 01 02 00 00 
  iov[1](72): 00 04 00 00 01 00 00 00 00 00 00 00 00 00 00 00 
[SEND #3] iov_cnt=2 total_len=88:
  iov[0](16): 01 00 00 00 00 00 00 00 48 00 00 00 01 00 00 00 
  iov[1](72): 05 04 00 00 00 00 00 00 00 00 00 00 00 00 00 00 
[SEND #4] iov_cnt=3 total_len=614:
  iov[0](16): 01 00 00 00 00 00 00 00 56 02 00 00 10 00 00 00 
  iov[1](72): 04 04 00 00 01 00 00 00 00 00 00 00 00 00 00 00 
[SEND #5] iov_cnt=3 total_len=600:
  iov[0](16): 00 00 00 00 00 00 00 00 48 02 00 00 01 02 00 00 
  iov[1](72): 00 04 00 00 01 00 00 00 00 00 00 00 00 00 00 00 
[SEND #6] iov_cnt=2 total_len=88:
  iov[0](16): 01 00 00 00 00 00 00 00 48 00 00 00 01 00 00 00 
  iov[1](72): 05 04 00 00 00 00 00 00 00 00 00 00 00 00 00 00 
[SEND #7] iov_cnt=3 total_len=614:
  iov[0](16): 01 00 00 00 00 00 00 00 56 02 00 00 10 00 00 00 
  iov[1](72): 04 04 00 00 01 00 00 00 00 00 00 00 00 00 00 00 
[SEND #8] iov_cnt=3 total_len=600:
  iov[0](16): 00 00 00 00 00 00 00 00 48 02 00 00 01 02 00 00 
  iov[1](72): 00 04 00 00 01 00 00 00 00 00 00 00 00 00 00 00 
[SEND #9] iov_cnt=2 total_len=88:
  iov[0](16): 01 00 00 00 00 00 00 00 48 00 00 00 01 00 00 00 
  iov[1](72): 05 04 00 00 00 00 00 00 00 00 00 00 00 00 00 00 
[SEND #10] iov_cnt=3 total_len=614:
  iov[0](16): 01 00 00 00 00 00 00 00 56 02 00 00 10 00 00 00 
  iov[1](72): 04 04 00 00 01 00 00 00 00 00 00 00 00 00 00 00 
[SEND #11] iov_cnt=3 total_len=600:
  iov[0](16): 00 00 00 00 00 00 00 00 48 02 00 00 01 02 00 00 
  iov[1](72): 00 04 00 00 01 00 00 00 00 00 00 00 00 00 00 00 
[SEND #12] iov_cnt=2 total_len=88:
  iov[0](16): 01 00 00 00 00 00 00 00 48 00 00 00 01 00 00 00 
  iov[1](72): 05 04 00 00 00 00 00 00 00 00 00 00 00 00 00 00 
[SEND #13] iov_cnt=3 total_len=614:
  iov[0](16): 01 00 00 00 00 00 00 00 56 02 00 00 10 00 00 00 
  iov[1](72): 04 04 00 00 01 00 00 00 00 00 00 00 00 00 00 00 
[SEND #14] iov_cnt=3 total_len=600:
  iov[0](16): 00 00 00 00 00 00 00 00 48 02 00 00 01 02 00 00 
  iov[1](72): 00 04 00 00 01 00 00 00 00 00 00 00 00 00 00 00 
[SEND #15] iov_cnt=2 total_len=88:
  iov[0](16): 01 00 00 00 00 00 00 00 48 00 00 00 01 00 00 00 
  iov[1](72): 05 04 00 00 00 00 00 00 00 00 00 00 00 00 00 00 
[SEND #16] iov_cnt=3 total_len=614:
  iov[0](16): 01 00 00 00 00 00 00 00 56 02 00 00 10 00 00 00 
  iov[1](72): 04 04 00 00 01 00 00 00 00 00 00 00 00 00 00 00 
[SEND #17] iov_cnt=3 total_len=600:
  iov[0](16): 00 00 00 00 00 00 00 00 48 02 00 00 01 02 00 00 
  iov[1](72): 00 04 00 00 01 00 00 00 00 00 00 00 00 00 00 00 
[SEND #18] iov_cnt=2 total_len=88:
  iov[0](16): 01 00 00 00 00 00 00 00 48 00 00 00 01 00 00 00 
  iov[1](72): 05 04 00 00 00 00 00 00 00 00 00 00 00 00 00 00 
[SEND #19] iov_cnt=3 total_len=614:
  iov[0](16): 01 00 00 00 00 00 00 00 56 02 00 00 10 00 00 00 
  iov[1](72): 04 04 00 00 01 00 00 00 00 00 00 00 00 00 00 00 
[SEND #20] iov_cnt=3 total_len=600:
  iov[0](16): 00 00 00 00 00 00 00 00 48 02 00 00 01 02 00 00 
  iov[1](72): 00 04 00 00 01 00 00 00 00 00 00 00 00 00 00 00 
[SEND #21] iov_cnt=2 total_len=88:
  iov[0](16): 01 00 00 00 00 00 00 00 48 00 00 00 01 00 00 00 
  iov[1](72): 05 04 00 00 00 00 00 00 00 00 00 00 00 00 00 00 
[SEND #22] iov_cnt=3 total_len=614:
  iov[0](16): 01 00 00 00 00 00 00 00 56 02 00 00 10 00 00 00 
  iov[1](72): 04 04 00 00 01 00 00 00 00 00 00 00 00 00 00 00 
[SEND #23] iov_cnt=3 total_len=600:
  iov[0](16): 00 00 00 00 00 00 00 00 48 02 00 00 01 02 00 00 
  iov[1](72): 00 04 00 00 01 00 00 00 00 00 00 00 00 00 00 00 
[SEND #24] iov_cnt=2 total_len=88:
  iov[0](16): 01 00 00 00 00 00 00 00 48 00 00 00 01 00 00 00 
  iov[1](72): 05 04 00 00 00 00 00 00 00 00 00 00 00 00 00 00 
[SEND #25] iov_cnt=3 total_len=614:
  iov[0](16): 01 00 00 00 00 00 00 00 56 02 00 00 10 00 00 00 
  iov[1](72): 04 04 00 00 01 00 00 00 00 00 00 00 00 00 00 00 
[SEND #26] iov_cnt=3 total_len=600:
  iov[0](16): 00 00 00 00 00 00 00 00 48 02 00 00 01 02 00 00 
  iov[1](72): 00 04 00 00 01 00 00 00 00 00 00 00 00 00 00 00 
[SEND #27] iov_cnt=2 total_len=88:
  iov[0](16): 01 00 00 00 00 00 00 00 48 00 00 00 01 00 00 00 
  iov[1](72): 05 04 00 00 00 00 00 00 00 00 00 00 00 00 00 00 
[SEND #28] iov_cnt=3 total_len=614:
  iov[0](16): 01 00 00 00 00 00 00 00 56 02 00 00 10 00 00 00 
  iov[1](72): 04 04 00 00 01 00 00 00 00 00 00 00 00 00 00 00 
[SEND #29] iov_cnt=3 total_len=600:
  iov[0](16): 00 00 00 00 00 00 00 00 48 02 00 00 01 02 00 00 
  iov[1](72): 00 04 00 00 01 00 00 00 00 00 00 00 00 00 00 00 
[SEND #30] iov_cnt=3 total_len=614:
  iov[0](16): 01 00 00 00 00 00 00 00 56 02 00 00 10 00 00 00 
  iov[1](72): 04 04 00 00 01 00 00 00 00 00 00 00 00 00 00 00 
[SEND #31] iov_cnt=2 total_len=88:
  iov[0](16): 01 00 00 00 01 00 00 00 48 00 00 00 01 00 00 00 
  iov[1](72): 05 04 00 00 00 00 00 00 00 00 00 00 00 00 00 00 
[SEND #32] iov_cnt=3 total_len=600:
  iov[0](16): 00 00 00 00 00 00 00 00 48 02 00 00 01 02 00 00 
  iov[1](72): 00 04 00 00 01 00 00 00 01 00 00 00 00 00 00 00 
[SEND #33] iov_cnt=2 total_len=88:
  iov[0](16): 01 00 00 00 01 00 00 00 48 00 00 00 01 00 00 00 
  iov[1](72): 05 04 00 00 00 00 00 00 00 00 00 00 00 00 00 00 
[SEND #34] iov_cnt=3 total_len=614:
  iov[0](16): 01 00 00 00 01 00 00 00 56 02 00 00 10 00 00 00 
  iov[1](72): 04 04 00 00 01 00 00 00 00 00 00 00 00 00 00 00 
[SEND #35] iov_cnt=3 total_len=614:
  iov[0](16): 01 00 00 00 00 00 00 00 56 02 00 00 10 00 00 00 
  iov[1](72): 04 04 00 00 01 00 00 00 00 00 00 00 00 00 00 00 
[SEND #36] iov_cnt=3 total_len=600:
  iov[0](16): 00 00 00 00 00 00 00 00 48 02 00 00 01 02 00 00 
  iov[1](72): 00 04 00 00 01 00 00 00 00 00 00 00 00 00 00 00 
[SEND #37] iov_cnt=3 total_len=600:
  iov[0](16): 00 00 00 00 00 00 00 00 48 02 00 00 01 02 00 00 
  iov[1](72): 00 04 00 00 01 00 00 00 01 00 00 00 00 00 00 00 
[SEND #38] iov_cnt=2 total_len=88:
  iov[0](16): 01 00 00 00 00 00 00 00 48 00 00 00 01 00 00 00 
  iov[1](72): 05 04 00 00 00 00 00 00 00 00 00 00 00 00 00 00 
[SEND #39] iov_cnt=2 total_len=88:
  iov[0](16): 01 00 00 00 00 00 00 00 48 00 00 00 01 00 00 00 
  iov[1](72): 05 04 00 00 00 00 00 00 00 00 00 00 00 00 00 00 
[SEND #40] iov_cnt=3 total_len=614:
  iov[0](16): 01 00 00 00 00 00 00 00 56 02 00 00 10 00 00 00 
  iov[1](72): 04 04 00 00 01 00 00 00 00 00 00 00 00 00 00 00 
[SEND #41] iov_cnt=3 total_len=600:
  iov[0](16): 00 00 00 00 00 00 00 00 48 02 00 00 01 02 00 00 
  iov[1](72): 00 04 00 00 01 00 00 00 00 00 00 00 00 00 00 00 
[SEND #42] iov_cnt=2 total_len=88:
  iov[0](16): 01 00 00 00 00 00 00 00 48 00 00 00 01 00 00 00 
  iov[1](72): 05 04 00 00 00 00 00 00 00 00 00 00 00 00 00 00 
[SEND #43] iov_cnt=3 total_len=614:
  iov[0](16): 01 00 00 00 00 00 00 00 56 02 00 00 10 00 00 00 
  iov[1](72): 04 04 00 00 01 00 00 00 00 00 00 00 00 00 00 00 
[SEND #44] iov_cnt=3 total_len=600:
  iov[0](16): 00 00 00 00 00 00 00 00 48 02 00 00 01 02 00 00 
  iov[1](72): 00 04 00 00 01 00 00 00 00 00 00 00 00 00 00 00 
[SEND #45] iov_cnt=2 total_len=88:
  iov[0](16): 01 00 00 00 00 00 00 00 48 00 00 00 01 00 00 00 
  iov[1](72): 05 04 00 00 00 00 00 00 00 00 00 00 00 00 00 00 
[SEND #46] iov_cnt=3 total_len=614:
  iov[0](16): 01 00 00 00 00 00 00 00 56 02 00 00 10 00 00 00 
  iov[1](72): 04 04 00 00 01 00 00 00 00 00 00 00 00 00 00 00 
[SEND #47] iov_cnt=3 total_len=600:
  iov[0](16): 00 00 00 00 00 00 00 00 48 02 00 00 01 02 00 00 
  iov[1](72): 00 04 00 00 01 00 00 00 00 00 00 00 00 00 00 00 
[SEND #48] iov_cnt=2 total_len=88:
  iov[0](16): 01 00 00 00 00 00 00 00 48 00 00 00 01 00 00 00 
  iov[1](72): 05 04 00 00 00 00 00 00 00 00 00 00 00 00 00 00 
[SEND #49] iov_cnt=3 total_len=614:
  iov[0](16): 01 00 00 00 00 00 00 00 56 02 00 00 10 00 00 00 
  iov[1](72): 04 04 00 00 01 00 00 00 00 00 00 00 00 00 00 00 
[SEND #50] iov_cnt=3 total_len=600:
  iov[0](16): 00 00 00 00 00 00 00 00 48 02 00 00 01 02 00 00 
  iov[1](72): 00 04 00 00 01 00 00 00 00 00 00 00 00 00 00 00 
[SEND #51] iov_cnt=2 total_len=88:
  iov[0](16): 01 00 00 00 00 00 00 00 48 00 00 00 01 00 00 00 
  iov[1](72): 05 04 00 00 00 00 00 00 00 00 00 00 00 00 00 00 
[SEND #52] iov_cnt=3 total_len=614:
  iov[0](16): 01 00 00 00 00 00 00 00 56 02 00 00 10 00 00 00 
  iov[1](72): 04 04 00 00 01 00 00 00 00 00 00 00 00 00 00 00 
[SEND #53] iov_cnt=3 total_len=600:
  iov[0](16): 00 00 00 00 00 00 00 00 48 02 00 00 01 02 00 00 
  iov[1](72): 00 04 00 00 01 00 00 00 00 00 00 00 00 00 00 00 
[SEND #54] iov_cnt=2 total_len=88:
  iov[0](16): 01 00 00 00 00 00 00 00 48 00 00 00 01 00 00 00 
  iov[1](72): 05 04 00 00 00 00 00 00 00 00 00 00 00 00 00 00 
[SEND #55] iov_cnt=3 total_len=614:
  iov[0](16): 01 00 00 00 00 00 00 00 56 02 00 00 10 00 00 00 
  iov[1](72): 04 04 00 00 01 00 00 00 00 00 00 00 00 00 00 00 
[SEND #56] iov_cnt=3 total_len=600:
  iov[0](16): 00 00 00 00 00 00 00 00 48 02 00 00 01 02 00 00 
  iov[1](72): 00 04 00 00 01 00 00 00 00 00 00 00 00 00 00 00 
[SEND #57] iov_cnt=2 total_len=88:
  iov[0](16): 01 00 00 00 00 00 00 00 48 00 00 00 01 00 00 00 
  iov[1](72): 05 04 00 00 00 00 00 00 00 00 00 00 00 00 00 00 
[SEND #58] iov_cnt=3 total_len=614:
  iov[0](16): 01 00 00 00 00 00 00 00 56 02 00 00 10 00 00 00 
  iov[1](72): 04 04 00 00 01 00 00 00 00 00 00 00 00 00 00 00 
[SEND #59] iov_cnt=3 total_len=600:
  iov[0](16): 00 00 00 00 00 00 00 00 48 02 00 00 01 02 00 00 
  iov[1](72): 00 04 00 00 01 00 00 00 00 00 00 00 00 00 00 00 
[SEND #60] iov_cnt=2 total_len=88:
  iov[0](16): 01 00 00 00 00 00 00 00 48 00 00 00 01 00 00 00 
  iov[1](72): 05 04 00 00 00 00 00 00 00 00 00 00 00 00 00 00 
[SEND #61] iov_cnt=3 total_len=614:
  iov[0](16): 01 00 00 00 00 00 00 00 56 02 00 00 10 00 00 00 
  iov[1](72): 04 04 00 00 01 00 00 00 00 00 00 00 00 00 00 00 
[SEND #62] iov_cnt=3 total_len=600:
  iov[0](16): 00 00 00 00 00 00 00 00 48 02 00 00 01 02 00 00 
  iov[1](72): 00 04 00 00 01 00 00 00 00 00 00 00 00 00 00 00 
[SEND #63] iov_cnt=2 total_len=88:
  iov[0](16): 01 00 00 00 00 00 00 00 48 00 00 00 01 00 00 00 
  iov[1](72): 05 04 00 00 00 00 00 00 00 00 00 00 00 00 00 00 
[SEND #64] iov_cnt=3 total_len=614:
  iov[0](16): 01 00 00 00 00 00 00 00 56 02 00 00 10 00 00 00 
  iov[1](72): 04 04 00 00 01 00 00 00 00 00 00 00 00 00 00 00 
[SEND #65] iov_cnt=3 total_len=600:
  iov[0](16): 00 00 00 00 00 00 00 00 48 02 00 00 01 02 00 00 
  iov[1](72): 00 04 00 00 01 00 00 00 00 00 00 00 00 00 00 00 
[SEND #66] iov_cnt=2 total_len=88:
  iov[0](16): 01 00 00 00 00 00 00 00 48 00 00 00 01 00 00 00 
  iov[1](72): 05 04 00 00 00 00 00 00 00 00 00 00 00 00 00 00 
[SEND #67] iov_cnt=3 total_len=614:
  iov[0](16): 01 00 00 00 00 00 00 00 56 02 00 00 10 00 00 00 
  iov[1](72): 04 04 00 00 01 00 00 00 00 00 00 00 00 00 00 00 
[SEND #68] iov_cnt=3 total_len=600:
  iov[0](16): 00 00 00 00 00 00 00 00 48 02 00 00 01 02 00 00 
  iov[1](72): 00 04 00 00 01 00 00 00 00 00 00 00 00 00 00 00 
[SEND #69] iov_cnt=2 total_len=88:
  iov[0](16): 01 00 00 00 00 00 00 00 48 00 00 00 01 00 00 00 
  iov[1](72): 05 04 00 00 00 00 00 00 00 00 00 00 00 00 00 00 
[SEND #70] iov_cnt=3 total_len=614:
  iov[0](16): 01 00 00 00 00 00 00 00 56 02 00 00 10 00 00 00 
  iov[1](72): 04 04 00 00 01 00 00 00 00 00 00 00 00 00 00 00 
[SEND #71] iov_cnt=3 total_len=600:
  iov[0](16): 00 00 00 00 00 00 00 00 48 02 00 00 01 02 00 00 
  iov[1](72): 00 04 00 00 01 00 00 00 00 00 00 00 00 00 00 00 
[SEND #72] iov_cnt=2 total_len=88:
  iov[0](16): 01 00 00 00 00 00 00 00 48 00 00 00 01 00 00 00 
  iov[1](72): 05 04 00 00 00 00 00 00 00 00 00 00 00 00 00 00 
[SEND #73] iov_cnt=3 total_len=614:
  iov[0](16): 01 00 00 00 00 00 00 00 56 02 00 00 10 00 00 00 
  iov[1](72): 04 04 00 00 01 00 00 00 00 00 00 00 00 00 00 00 
[SEND #74] iov_cnt=3 total_len=600:
  iov[0](16): 00 00 00 00 00 00 00 00 48 02 00 00 01 02 00 00 
  iov[1](72): 00 04 00 00 01 00 00 00 00 00 00 00 00 00 00 00 
[SEND #75] iov_cnt=2 total_len=88:
  iov[0](16): 01 00 00 00 00 00 00 00 48 00 00 00 01 00 00 00 
  iov[1](72): 05 04 00 00 00 00 00 00 00 00 00 00 00 00 00 00 
[SEND #76] iov_cnt=3 total_len=614:
  iov[0](16): 01 00 00 00 00 00 00 00 56 02 00 00 10 00 00 00 
  iov[1](72): 04 04 00 00 01 00 00 00 00 00 00 00 00 00 00 00 
[SEND #77] iov_cnt=3 total_len=600:
  iov[0](16): 00 00 00 00 00 00 00 00 48 02 00 00 01 02 00 00 
  iov[1](72): 00 04 00 00 01 00 00 00 00 00 00 00 00 00 00 00 
[SEND #78] iov_cnt=2 total_len=88:
  iov[0](16): 01 00 00 00 00 00 00 00 48 00 00 00 01 00 00 00 
  iov[1](72): 05 04 00 00 00 00 00 00 00 00 00 00 00 00 00 00 
[SEND #79] iov_cnt=3 total_len=614:
  iov[0](16): 01 00 00 00 00 00 00 00 56 02 00 00 10 00 00 00 
  iov[1](72): 04 04 00 00 01 00 00 00 00 00 00 00 00 00 00 00 
[SEND #80] iov_cnt=3 total_len=600:
  iov[0](16): 00 00 00 00 00 00 00 00 48 02 00 00 01 02 00 00 
  iov[1](72): 00 04 00 00 01 00 00 00 00 00 00 00 00 00 00 00 
[SEND #81] iov_cnt=2 total_len=88:
  iov[0](16): 01 00 00 00 00 00 00 00 48 00 00 00 01 00 00 00 
  iov[1](72): 05 04 00 00 00 00 00 00 00 00 00 00 00 00 00 00 
[SEND #82] iov_cnt=3 total_len=614:
  iov[0](16): 01 00 00 00 00 00 00 00 56 02 00 00 10 00 00 00 
  iov[1](72): 04 04 00 00 01 00 00 00 00 00 00 00 00 00 00 00 
[SEND #83] iov_cnt=3 total_len=600:
  iov[0](16): 00 00 00 00 00 00 00 00 48 02 00 00 01 02 00 00 
  iov[1](72): 00 04 00 00 01 00 00 00 00 00 00 00 00 00 00 00 
[SEND #84] iov_cnt=2 total_len=88:
  iov[0](16): 01 00 00 00 00 00 00 00 48 00 00 00 01 00 00 00 
  iov[1](72): 05 04 00 00 00 00 00 00 00 00 00 00 00 00 00 00 
[SEND #85] iov_cnt=3 total_len=614:
  iov[0](16): 01 00 00 00 00 00 00 00 56 02 00 00 10 00 00 00 
  iov[1](72): 04 04 00 00 01 00 00 00 00 00 00 00 00 00 00 00 
[SEND #86] iov_cnt=3 total_len=600:
  iov[0](16): 00 00 00 00 00 00 00 00 48 02 00 00 01 02 00 00 
  iov[1](72): 00 04 00 00 01 00 00 00 00 00 00 00 00 00 00 00 
[SEND #87] iov_cnt=2 total_len=88:
  iov[0](16): 01 00 00 00 00 00 00 00 48 00 00 00 01 00 00 00 
  iov[1](72): 05 04 00 00 00 00 00 00 00 00 00 00 00 00 00 00 
[SEND #88] iov_cnt=3 total_len=614:
  iov[0](16): 01 00 00 00 00 00 00 00 56 02 00 00 10 00 00 00 
  iov[1](72): 04 04 00 00 01 00 00 00 00 00 00 00 00 00 00 00 
[SEND #89] iov_cnt=3 total_len=600:
  iov[0](16): 00 00 00 00 00 00 00 00 48 02 00 00 01 02 00 00 
  iov[1](72): 00 04 00 00 01 00 00 00 00 00 00 00 00 00 00 00 
[SEND #90] iov_cnt=2 total_len=88:
  iov[0](16): 01 00 00 00 00 00 00 00 48 00 00 00 01 00 00 00 
  iov[1](72): 05 04 00 00 00 00 00 00 00 00 00 00 00 00 00 00 
[SEND #91] iov_cnt=3 total_len=614:
  iov[0](16): 01 00 00 00 00 00 00 00 56 02 00 00 10 00 00 00 
  iov[1](72): 04 04 00 00 01 00 00 00 00 00 00 00 00 00 00 00 
[SEND #92] iov_cnt=3 total_len=600:
  iov[0](16): 00 00 00 00 00 00 00 00 48 02 00 00 01 02 00 00 
  iov[1](72): 00 04 00 00 01 00 00 00 00 00 00 00 00 00 00 00 
[SEND #93] iov_cnt=2 total_len=88:
  iov[0](16): 01 00 00 00 00 00 00 00 48 00 00 00 01 00 00 00 
  iov[1](72): 05 04 00 00 00 00 00 00 00 00 00 00 00 00 00 00 
[SEND #94] iov_cnt=3 total_len=614:
  iov[0](16): 01 00 00 00 00 00 00 00 56 02 00 00 10 00 00 00 
  iov[1](72): 04 04 00 00 01 00 00 00 00 00 00 00 00 00 00 00 
[SEND #95] iov_cnt=3 total_len=600:
  iov[0](16): 00 00 00 00 00 00 00 00 48 02 00 00 01 02 00 00 
  iov[1](72): 00 04 00 00 01 00 00 00 00 00 00 00 00 00 00 00 
[SEND #96] iov_cnt=2 total_len=88:
  iov[0](16): 01 00 00 00 00 00 00 00 48 00 00 00 01 00 00 00 
  iov[1](72): 05 04 00 00 00 00 00 00 00 00 00 00 00 00 00 00 
[SEND #97] iov_cnt=3 total_len=614:
  iov[0](16): 01 00 00 00 00 00 00 00 56 02 00 00 10 00 00 00 
  iov[1](72): 04 04 00 00 01 00 00 00 00 00 00 00 00 00 00 00 
[SEND #98] iov_cnt=3 total_len=600:
  iov[0](16): 00 00 00 00 00 00 00 00 48 02 00 00 01 02 00 00 
  iov[1](72): 00 04 00 00 01 00 00 00 00 00 00 00 00 00 00 00 
[SEND #99] iov_cnt=2 total_len=88:
  iov[0](16): 01 00 00 00 00 00 00 00 48 00 00 00 01 00 00 00 
  iov[1](72): 05 04 00 00 00 00 00 00 00 00 00 00 00 00 00 00 
[SEND #100] iov_cnt=3 total_len=614:
  iov[0](16): 01 00 00 00 00 00 00 00 56 02 00 00 10 00 00 00 
  iov[1](72): 04 04 00 00 01 00 00 00 00 00 00 00 00 00 00 00 
[SEND #101] iov_cnt=3 total_len=600:
  iov[0](16): 00 00 00 00 00 00 00 00 48 02 00 00 01 02 00 00 
  iov[1](72): 00 04 00 00 01 00 00 00 00 00 00 00 00 00 00 00 
[SEND #102] iov_cnt=2 total_len=88:
  iov[0](16): 01 00 00 00 00 00 00 00 48 00 00 00 01 00 00 00 
  iov[1](72): 05 04 00 00 00 00 00 00 00 00 00 00 00 00 00 00 
[SEND #103] iov_cnt=3 total_len=614:
  iov[0](16): 01 00 00 00 00 00 00 00 56 02 00 00 10 00 00 00 
  iov[1](72): 04 04 00 00 01 00 00 00 00 00 00 00 00 00 00 00 
[SEND #104] iov_cnt=3 total_len=600:
  iov[0](16): 00 00 00 00 00 00 00 00 48 02 00 00 01 02 00 00 
  iov[1](72): 00 04 00 00 01 00 00 00 00 00 00 00 00 00 00 00 
[SEND #105] iov_cnt=2 total_len=88:
  iov[0](16): 01 00 00 00 00 00 00 00 48 00 00 00 01 00 00 00 
  iov[1](72): 05 04 00 00 00 00 00 00 00 00 00 00 00 00 00 00 
[SEND #106] iov_cnt=3 total_len=358:
  iov[0](16): 01 00 00 00 00 00 00 00 56 01 00 00 10 00 00 00 
  iov[1](72): 04 04 00 00 01 00 00 00 00 00 00 00 00 00 00 00 
[SEND #107] iov_cnt=3 total_len=344:
  iov[0](16): 00 00 00 00 00 00 00 00 48 01 00 00 01 01 00 00 
  iov[1](72): 00 04 00 00 01 00 00 00 00 00 00 00 00 00 00 00 
[SEND #108] iov_cnt=2 total_len=88:
  iov[0](16): 01 00 00 00 00 00 00 00 48 00 00 00 01 00 00 00 
  iov[1](72): 05 04 00 00 00 00 00 00 00 00 00 00 00 00 00 00 
[SEND #109] iov_cnt=3 total_len=358:
  iov[0](16): 01 00 00 00 00 00 00 00 56 01 00 00 10 00 00 00 
  iov[1](72): 04 04 00 00 01 00 00 00 00 00 00 00 00 00 00 00 
[SEND #110] iov_cnt=3 total_len=344:
  iov[0](16): 00 00 00 00 00 00 00 00 48 01 00 00 01 01 00 00 
  iov[1](72): 00 04 00 00 01 00 00 00 00 00 00 00 00 00 00 00 
[SEND #111] iov_cnt=2 total_len=88:
  iov[0](16): 01 00 00 00 00 00 00 00 48 00 00 00 01 00 00 00 
  iov[1](72): 05 04 00 00 00 00 00 00 00 00 00 00 00 00 00 00 
[SEND #112] iov_cnt=3 total_len=358:
  iov[0](16): 01 00 00 00 00 00 00 00 56 01 00 00 10 00 00 00 
  iov[1](72): 04 04 00 00 01 00 00 00 00 00 00 00 00 00 00 00 
[SEND #113] iov_cnt=3 total_len=344:
  iov[0](16): 00 00 00 00 00 00 00 00 48 01 00 00 01 01 00 00 
  iov[1](72): 00 04 00 00 01 00 00 00 00 00 00 00 00 00 00 00 
[SEND #114] iov_cnt=2 total_len=88:
  iov[0](16): 01 00 00 00 00 00 00 00 48 00 00 00 01 00 00 00 
  iov[1](72): 05 04 00 00 00 00 00 00 00 00 00 00 00 00 00 00 
[SEND #115] iov_cnt=3 total_len=358:
  iov[0](16): 01 00 00 00 00 00 00 00 56 01 00 00 10 00 00 00 
  iov[1](72): 04 04 00 00 01 00 00 00 00 00 00 00 00 00 00 00 
[SEND #116] iov_cnt=3 total_len=344:
  iov[0](16): 00 00 00 00 00 00 00 00 48 01 00 00 01 01 00 00 
  iov[1](72): 00 04 00 00 01 00 00 00 00 00 00 00 00 00 00 00 
[SEND #117] iov_cnt=2 total_len=88:
  iov[0](16): 01 00 00 00 00 00 00 00 48 00 00 00 01 00 00 00 
  iov[1](72): 05 04 00 00 00 00 00 00 00 00 00 00 00 00 00 00 
[SEND #118] iov_cnt=3 total_len=358:
  iov[0](16): 01 00 00 00 00 00 00 00 56 01 00 00 10 00 00 00 
  iov[1](72): 04 04 00 00 01 00 00 00 00 00 00 00 00 00 00 00 
[SEND #119] iov_cnt=3 total_len=344:
  iov[0](16): 00 00 00 00 00 00 00 00 48 01 00 00 01 01 00 00 
  iov[1](72): 00 04 00 00 01 00 00 00 00 00 00 00 00 00 00 00 
[SEND #120] iov_cnt=2 total_len=88:
  iov[0](16): 01 00 00 00 00 00 00 00 48 00 00 00 01 00 00 00 
  iov[1](72): 05 04 00 00 00 00 00 00 00 00 00 00 00 00 00 00 
[SEND #121] iov_cnt=3 total_len=104:
  iov[0](16): 01 00 00 00 00 00 00 00 58 00 00 00 10 00 00 00 
  iov[1](72): 02 00 00 00 03 00 00 00 00 00 00 00 00 00 00 00 
[SEND #122] iov_cnt=3 total_len=104:
  iov[0](16): 01 00 00 00 00 00 00 00 58 00 00 00 10 00 00 00 
  iov[1](72): 02 00 00 00 03 00 00 00 00 00 00 00 00 00 00 00 
[SEND #123] iov_cnt=4 total_len=120:
  iov[0](16): 00 00 00 00 00 00 00 00 68 00 00 00 11 00 00 00 
  iov[1](72): 00 00 00 00 00 00 00 00 00 00 00 00 00 00 00 00 
[SEND #124] iov_cnt=3 total_len=104:
  iov[0](16): 01 00 00 00 00 00 00 00 58 00 00 00 10 00 00 00 
  iov[1](72): 02 00 00 00 03 00 00 00 00 00 00 00 00 00 00 00 
[SEND #125] iov_cnt=3 total_len=104:
  iov[0](16): 01 00 00 00 00 00 00 00 58 00 00 00 10 00 00 00 
  iov[1](72): 02 00 00 00 03 00 00 00 00 00 00 00 00 00 00 00 
[SEND #126] iov_cnt=4 total_len=120:
  iov[0](16): 00 00 00 00 00 00 00 00 68 00 00 00 11 00 00 00 
  iov[1](72): 00 00 00 00 00 00 00 00 02 00 00 00 00 00 00 00 
[SEND #127] iov_cnt=2 total_len=88:
  iov[0](16): 01 00 00 00 00 00 00 00 48 00 00 00 01 00 00 00 
  iov[1](72): 03 00 00 00 00 00 00 00 00 00 00 00 00 00 00 00 
[SEND #128] iov_cnt=2 total_len=88:
  iov[0](16): 01 00 00 00 00 00 00 00 48 00 00 00 01 00 00 00 
  iov[1](72): 03 00 00 00 00 00 00 00 00 00 00 00 00 00 00 00 
[SEND #129] iov_cnt=3 total_len=104:
  iov[0](16): 01 00 00 00 00 00 00 00 58 00 00 00 10 00 00 00 
  iov[1](72): 02 00 00 00 03 00 00 00 00 00 00 00 00 00 00 00 
[SEND #130] iov_cnt=3 total_len=104:
  iov[0](16): 01 00 00 00 00 00 00 00 58 00 00 00 10 00 00 00 
  iov[1](72): 02 00 00 00 03 00 00 00 00 00 00 00 00 00 00 00 
[SEND #131] iov_cnt=9 total_len=13672:
  iov[0](16): 00 00 00 00 00 00 00 00 58 35 00 00 81 35 00 00 
  iov[1](72): 00 00 00 00 00 00 00 00 02 00 00 00 00 00 00 00 
[SEND #132] iov_cnt=2 total_len=88:
  iov[0](16): 01 00 00 00 00 00 00 00 48 00 00 00 01 00 00 00 
  iov[1](72): 03 00 00 00 00 00 00 00 00 00 00 00 00 00 00 00 
[SEND #133] iov_cnt=2 total_len=88:
  iov[0](16): 01 00 00 00 00 00 00 00 48 00 00 00 01 00 00 00 
  iov[1](72): 03 00 00 00 00 00 00 00 00 00 00 00 00 00 00 00 
[SEND #134] iov_cnt=3 total_len=104:
  iov[0](16): 01 00 00 00 00 00 00 00 58 00 00 00 10 00 00 00 
  iov[1](72): 02 00 00 00 03 00 00 00 00 00 00 00 00 00 00 00 
[SEND #135] iov_cnt=3 total_len=104:
  iov[0](16): 01 00 00 00 00 00 00 00 58 00 00 00 10 00 00 00 
  iov[1](72): 02 00 00 00 03 00 00 00 00 00 00 00 00 00 00 00 
[SEND #136] iov_cnt=9 total_len=13800:
  iov[0](16): 00 00 00 00 00 00 00 00 d8 35 00 00 81 35 00 00 
  iov[1](72): 01 00 00 00 00 00 00 00 03 00 00 00 00 00 00 00 
[SEND #137] iov_cnt=2 total_len=88:
  iov[0](16): 01 00 00 00 00 00 00 00 48 00 00 00 01 00 00 00 
  iov[1](72): 03 00 00 00 00 00 00 00 00 00 00 00 00 00 00 00 
[SEND #138] iov_cnt=2 total_len=88:
  iov[0](16): 01 00 00 00 00 00 00 00 48 00 00 00 01 00 00 00 
  iov[1](72): 03 00 00 00 00 00 00 00 00 00 00 00 00 00 00 00 
[SEND #139] iov_cnt=2 total_len=88:
  iov[0](16): 01 00 00 00 00 00 00 00 48 00 00 00 01 00 00 00 
  iov[1](72): 03 00 00 00 00 00 00 00 00 00 00 00 00 00 00 00 
[SEND #140] iov_cnt=2 total_len=88:
  iov[0](16): 01 00 00 00 00 00 00 00 48 00 00 00 01 00 00 00 
  iov[1](72): 03 00 00 00 00 00 00 00 00 00 00 00 00 00 00 00 