[RECV_HDR #1] len=16: 01 00 00 00 00 00 00 00 56 02 00 00 10 00 00 00 
[RECV #2] len=598: 04 04 00 00 01 00 00 00 00 00 00 00 00 00 00 00 01 00 00 00 01 00 00 00 0e 02 00 00 00 00 00 00 
[RECV_HDR #3] len=16: 00 00 00 00 00 00 00 00 48 02 00 00 01 02 00 00 
[RECV #4] len=584: 00 04 00 00 01 00 00 00 00 00 00 00 00 00 00 00 00 00 00 00 00 00 00 00 00 02 00 00 00 02 00 00 
[RECV_HDR #5] len=16: 01 00 00 00 00 00 00 00 48 00 00 00 01 00 00 00 
[RECV #6] len=72: 05 04 00 00 00 00 00 00 00 00 00 00 00 00 00 00 00 00 00 00 00 00 00 00 00 00 00 00 00 00 00 00 
[RECV_HDR #7] len=16: 01 00 00 00 00 00 00 00 56 02 00 00 10 00 00 00 
[RECV #8] len=598: 04 04 00 00 01 00 00 00 00 00 00 00 00 00 00 00 01 00 00 00 01 00 00 00 0e 02 00 00 00 00 00 00 
[RECV_HDR #9] len=16: 00 00 00 00 00 00 00 00 48 02 00 00 01 02 00 00 
[RECV #10] len=584: 00 04 00 00 01 00 00 00 00 00 00 00 00 00 00 00 00 00 00 00 00 00 00 00 00 02 00 00 00 02 00 00 
[RECV_HDR #11] len=16: 01 00 00 00 00 00 00 00 48 00 00 00 01 00 00 00 
[RECV #12] len=72: 05 04 00 00 00 00 00 00 00 00 00 00 00 00 00 00 00 00 00 00 00 00 00 00 00 00 00 00 00 00 00 00 
[RECV_HDR #13] len=16: 01 00 00 00 00 00 00 00 56 02 00 00 10 00 00 00 
[RECV #14] len=598: 04 04 00 00 01 00 00 00 00 00 00 00 00 00 00 00 01 00 00 00 01 00 00 00 0e 02 00 00 00 00 00 00 
[RECV_HDR #15] len=16: 00 00 00 00 00 00 00 00 48 02 00 00 01 02 00 00 
[RECV #16] len=584: 00 04 00 00 01 00 00 00 00 00 00 00 00 00 00 00 00 00 00 00 00 00 00 00 00 02 00 00 00 02 00 00 
[RECV_HDR #17] len=16: 01 00 00 00 00 00 00 00 48 00 00 00 01 00 00 00 
[RECV #18] len=72: 05 04 00 00 00 00 00 00 00 00 00 00 00 00 00 00 00 00 00 00 00 00 00 00 00 00 00 00 00 00 00 00 
[RECV_HDR #19] len=16: 01 00 00 00 00 00 00 00 56 02 00 00 10 00 00 00 
[RECV #20] len=598: 04 04 00 00 01 00 00 00 00 00 00 00 00 00 00 00 01 00 00 00 01 00 00 00 0e 02 00 00 00 00 00 00 
[RECV_HDR #21] len=16: 00 00 00 00 00 00 00 00 48 02 00 00 01 02 00 00 
[RECV #22] len=584: 00 04 00 00 01 00 00 00 00 00 00 00 00 00 00 00 00 00 00 00 00 00 00 00 00 02 00 00 00 02 00 00 
[RECV_HDR #23] len=16: 01 00 00 00 00 00 00 00 48 00 00 00 01 00 00 00 
[RECV #24] len=72: 05 04 00 00 00 00 00 00 00 00 00 00 00 00 00 00 00 00 00 00 00 00 00 00 00 00 00 00 00 00 00 00 
[RECV_HDR #25] len=16: 01 00 00 00 00 00 00 00 56 02 00 00 10 00 00 00 
[RECV #26] len=598: 04 04 00 00 01 00 00 00 00 00 00 00 00 00 00 00 01 00 00 00 01 00 00 00 0e 02 00 00 00 00 00 00 
[RECV_HDR #27] len=16: 00 00 00 00 00 00 00 00 48 02 00 00 01 02 00 00 
[RECV #28] len=584: 00 04 00 00 01 00 00 00 00 00 00 00 00 00 00 00 00 00 00 00 00 00 00 00 00 02 00 00 00 02 00 00 
[RECV_HDR #29] len=16: 01 00 00 00 00 00 00 00 48 00 00 00 01 00 00 00 
[RECV #30] len=72: 05 04 00 00 00 00 00 00 00 00 00 00 00 00 00 00 00 00 00 00 00 00 00 00 00 00 00 00 00 00 00 00 
[RECV_HDR #31] len=16: 01 00 00 00 00 00 00 00 56 02 00 00 10 00 00 00 
[RECV #32] len=598: 04 04 00 00 01 00 00 00 00 00 00 00 00 00 00 00 01 00 00 00 01 00 00 00 0e 02 00 00 00 00 00 00 
[RECV_HDR #33] len=16: 00 00 00 00 00 00 00 00 48 02 00 00 01 02 00 00 
[RECV #34] len=584: 00 04 00 00 01 00 00 00 00 00 00 00 00 00 00 00 00 00 00 00 00 00 00 00 00 02 00 00 00 02 00 00 
[RECV_HDR #35] len=16: 01 00 00 00 00 00 00 00 56 02 00 00 10 00 00 00 
[RECV #36] len=598: 04 04 00 00 01 00 00 00 00 00 00 00 00 00 00 00 01 00 00 00 01 00 00 00 0e 02 00 00 00 00 00 00 
[RECV_HDR #37] len=16: 01 00 00 00 00 00 00 00 48 00 00 00 01 00 00 00 
[RECV #38] len=72: 05 04 00 00 00 00 00 00 00 00 00 00 00 00 00 00 00 00 00 00 00 00 00 00 00 00 00 00 00 00 00 00 
[RECV_HDR #39] len=16: 00 00 00 00 00 00 00 00 48 02 00 00 01 02 00 00 
[RECV #40] len=584: 00 04 00 00 01 00 00 00 01 00 00 00 00 00 00 00 00 00 00 00 00 00 00 00 00 02 00 00 00 02 00 00 
[RECV_HDR #41] len=16: 01 00 00 00 00 00 00 00 48 00 00 00 01 00 00 00 
[RECV #42] len=72: 05 04 00 00 00 00 00 00 00 00 00 00 00 00 00 00 01 00 00 00 00 00 00 00 00 00 00 00 00 00 00 00 
[RECV_HDR #43] len=16: 01 00 00 00 00 00 00 00 56 02 00 00 10 00 00 00 
[RECV #44] len=598: 04 04 00 00 01 00 00 00 00 00 00 00 00 00 00 00 01 00 00 00 01 00 00 00 0e 02 00 00 00 00 00 00 
[RECV_HDR #45] len=16: 00 00 00 00 00 00 00 00 48 02 00 00 01 02 00 00 
[RECV #46] len=584: 00 04 00 00 01 00 00 00 00 00 00 00 00 00 00 00 00 00 00 00 00 00 00 00 00 02 00 00 00 02 00 00 
[RECV_HDR #47] len=16: 01 00 00 00 00 00 00 00 48 00 00 00 01 00 00 00 
[RECV #48] len=72: 05 04 00 00 00 00 00 00 00 00 00 00 00 00 00 00 00 00 00 00 00 00 00 00 00 00 00 00 00 00 00 00 
[RECV_HDR #49] len=16: 01 00 00 00 00 00 00 00 56 02 00 00 10 00 00 00 
[RECV #50] len=598: 04 04 00 00 01 00 00 00 00 00 00 00 00 00 00 00 01 00 00 00 01 00 00 00 0e 02 00 00 00 00 00 00 
[RECV_HDR #51] len=16: 00 00 00 00 00 00 00 00 48 02 00 00 01 02 00 00 
[RECV #52] len=584: 00 04 00 00 01 00 00 00 00 00 00 00 00 00 00 00 00 00 00 00 00 00 00 00 00 02 00 00 00 02 00 00 
[RECV_HDR #53] len=16: 01 00 00 00 00 00 00 00 48 00 00 00 01 00 00 00 
[RECV #54] len=72: 05 04 00 00 00 00 00 00 00 00 00 00 00 00 00 00 00 00 00 00 00 00 00 00 00 00 00 00 00 00 00 00 
[RECV_HDR #55] len=16: 01 00 00 00 00 00 00 00 56 02 00 00 10 00 00 00 
[RECV #56] len=598: 04 04 00 00 01 00 00 00 00 00 00 00 00 00 00 00 01 00 00 00 01 00 00 00 0e 02 00 00 00 00 00 00 
[RECV_HDR #57] len=16: 00 00 00 00 00 00 00 00 48 02 00 00 01 02 00 00 
[RECV #58] len=584: 00 04 00 00 01 00 00 00 00 00 00 00 00 00 00 00 00 00 00 00 00 00 00 00 00 02 00 00 00 02 00 00 
[RECV_HDR #59] len=16: 01 00 00 00 00 00 00 00 48 00 00 00 01 00 00 00 
[RECV #60] len=72: 05 04 00 00 00 00 00 00 00 00 00 00 00 00 00 00 00 00 00 00 00 00 00 00 00 00 00 00 00 00 00 00 
[RECV_HDR #61] len=16: 01 00 00 00 00 00 00 00 56 02 00 00 10 00 00 00 
[RECV #62] len=598: 04 04 00 00 01 00 00 00 00 00 00 00 00 00 00 00 01 00 00 00 01 00 00 00 0e 02 00 00 00 00 00 00 
[RECV_HDR #63] len=16: 00 00 00 00 00 00 00 00 48 02 00 00 01 02 00 00 
[RECV #64] len=584: 00 04 00 00 01 00 00 00 00 00 00 00 00 00 00 00 00 00 00 00 00 00 00 00 00 02 00 00 00 02 00 00 
[RECV_HDR #65] len=16: 01 00 00 00 00 00 00 00 48 00 00 00 01 00 00 00 
[RECV #66] len=72: 05 04 00 00 00 00 00 00 00 00 00 00 00 00 00 00 00 00 00 00 00 00 00 00 00 00 00 00 00 00 00 00 
[RECV_HDR #67] len=16: 01 00 00 00 00 00 00 00 56 02 00 00 10 00 00 00 
[RECV #68] len=598: 04 04 00 00 01 00 00 00 00 00 00 00 00 00 00 00 01 00 00 00 01 00 00 00 0e 02 00 00 00 00 00 00 
[RECV_HDR #69] len=16: 00 00 00 00 00 00 00 00 48 02 00 00 01 02 00 00 
[RECV #70] len=584: 00 04 00 00 01 00 00 00 00 00 00 00 00 00 00 00 00 00 00 00 00 00 00 00 00 02 00 00 00 02 00 00 
[RECV_HDR #71] len=16: 01 00 00 00 00 00 00 00 48 00 00 00 01 00 00 00 
[RECV #72] len=72: 05 04 00 00 00 00 00 00 00 00 00 00 00 00 00 00 00 00 00 00 00 00 00 00 00 00 00 00 00 00 00 00 
[RECV_HDR #73] len=16: 01 00 00 00 00 00 00 00 56 02 00 00 10 00 00 00 
[RECV #74] len=598: 04 04 00 00 01 00 00 00 00 00 00 00 00 00 00 00 01 00 00 00 01 00 00 00 0e 02 00 00 00 00 00 00 
[RECV_HDR #75] len=16: 00 00 00 00 00 00 00 00 48 02 00 00 01 02 00 00 
[RECV #76] len=584: 00 04 00 00 01 00 00 00 00 00 00 00 00 00 00 00 00 00 00 00 00 00 00 00 00 02 00 00 00 02 00 00 
[RECV_HDR #77] len=16: 01 00 00 00 00 00 00 00 48 00 00 00 01 00 00 00 
[RECV #78] len=72: 05 04 00 00 00 00 00 00 00 00 00 00 00 00 00 00 00 00 00 00 00 00 00 00 00 00 00 00 00 00 00 00 
[RECV_HDR #79] len=16: 01 00 00 00 00 00 00 00 56 02 00 00 10 00 00 00 
[RECV #80] len=598: 04 04 00 00 01 00 00 00 00 00 00 00 00 00 00 00 01 00 00 00 01 00 00 00 0e 02 00 00 00 00 00 00 
[RECV_HDR #81] len=16: 00 00 00 00 00 00 00 00 48 02 00 00 01 02 00 00 
[RECV #82] len=584: 00 04 00 00 01 00 00 00 00 00 00 00 00 00 00 00 00 00 00 00 00 00 00 00 00 02 00 00 00 02 00 00 
[RECV_HDR #83] len=16: 01 00 00 00 00 00 00 00 48 00 00 00 01 00 00 00 
[RECV #84] len=72: 05 04 00 00 00 00 00 00 00 00 00 00 00 00 00 00 00 00 00 00 00 00 00 00 00 00 00 00 00 00 00 00 
[RECV_HDR #85] len=16: 01 00 00 00 00 00 00 00 56 02 00 00 10 00 00 00 
[RECV #86] len=598: 04 04 00 00 01 00 00 00 00 00 00 00 00 00 00 00 01 00 00 00 01 00 00 00 0e 02 00 00 00 00 00 00 
[RECV_HDR #87] len=16: 00 00 00 00 00 00 00 00 48 02 00 00 01 02 00 00 
[RECV #88] len=584: 00 04 00 00 01 00 00 00 00 00 00 00 00 00 00 00 00 00 00 00 00 00 00 00 00 02 00 00 00 02 00 00 
[RECV_HDR #89] len=16: 01 00 00 00 00 00 00 00 48 00 00 00 01 00 00 00 
[RECV #90] len=72: 05 04 00 00 00 00 00 00 00 00 00 00 00 00 00 00 00 00 00 00 00 00 00 00 00 00 00 00 00 00 00 00 
[RECV_HDR #91] len=16: 01 00 00 00 00 00 00 00 56 02 00 00 10 00 00 00 
[RECV #92] len=598: 04 04 00 00 01 00 00 00 00 00 00 00 00 00 00 00 01 00 00 00 01 00 00 00 0e 02 00 00 00 00 00 00 
[RECV_HDR #93] len=16: 00 00 00 00 00 00 00 00 48 02 00 00 01 02 00 00 
[RECV #94] len=584: 00 04 00 00 01 00 00 00 00 00 00 00 00 00 00 00 00 00 00 00 00 00 00 00 00 02 00 00 00 02 00 00 
[RECV_HDR #95] len=16: 01 00 00 00 00 00 00 00 48 00 00 00 01 00 00 00 
[RECV #96] len=72: 05 04 00 00 00 00 00 00 00 00 00 00 00 00 00 00 00 00 00 00 00 00 00 00 00 00 00 00 00 00 00 00 
[RECV_HDR #97] len=16: 01 00 00 00 00 00 00 00 56 02 00 00 10 00 00 00 
[RECV #98] len=598: 04 04 00 00 01 00 00 00 00 00 00 00 00 00 00 00 01 00 00 00 01 00 00 00 0e 02 00 00 00 00 00 00 
[RECV_HDR #99] len=16: 00 00 00 00 00 00 00 00 48 02 00 00 01 02 00 00 
[RECV #100] len=584: 00 04 00 00 01 00 00 00 00 00 00 00 00 00 00 00 00 00 00 00 00 00 00 00 00 02 00 00 00 02 00 00 
[RECV_HDR #101] len=16: 01 00 00 00 00 00 00 00 48 00 00 00 01 00 00 00 
[RECV #102] len=72: 05 04 00 00 00 00 00 00 00 00 00 00 00 00 00 00 00 00 00 00 00 00 00 00 00 00 00 00 00 00 00 00 
[RECV_HDR #103] len=16: 01 00 00 00 00 00 00 00 56 02 00 00 10 00 00 00 
[RECV #104] len=598: 04 04 00 00 01 00 00 00 00 00 00 00 00 00 00 00 01 00 00 00 01 00 00 00 0e 02 00 00 00 00 00 00 
[RECV_HDR #105] len=16: 00 00 00 00 00 00 00 00 48 02 00 00 01 02 00 00 
[RECV #106] len=584: 00 04 00 00 01 00 00 00 00 00 00 00 00 00 00 00 00 00 00 00 00 00 00 00 00 02 00 00 00 02 00 00 
[RECV_HDR #107] len=16: 01 00 00 00 00 00 00 00 48 00 00 00 01 00 00 00 
[RECV #108] len=72: 05 04 00 00 00 00 00 00 00 00 00 00 00 00 00 00 00 00 00 00 00 00 00 00 00 00 00 00 00 00 00 00 
[RECV_HDR #109] len=16: 01 00 00 00 00 00 00 00 56 02 00 00 10 00 00 00 
[RECV #110] len=598: 04 04 00 00 01 00 00 00 00 00 00 00 00 00 00 00 01 00 00 00 01 00 00 00 0e 02 00 00 00 00 00 00 
[RECV_HDR #111] len=16: 00 00 00 00 00 00 00 00 48 02 00 00 01 02 00 00 
[RECV #112] len=584: 00 04 00 00 01 00 00 00 00 00 00 00 00 00 00 00 00 00 00 00 00 00 00 00 00 02 00 00 00 02 00 00 
[RECV_HDR #113] len=16: 01 00 00 00 00 00 00 00 48 00 00 00 01 00 00 00 
[RECV #114] len=72: 05 04 00 00 00 00 00 00 00 00 00 00 00 00 00 00 00 00 00 00 00 00 00 00 00 00 00 00 00 00 00 00 
[RECV_HDR #115] len=16: 01 00 00 00 00 00 00 00 56 02 00 00 10 00 00 00 
[RECV #116] len=598: 04 04 00 00 01 00 00 00 00 00 00 00 00 00 00 00 01 00 00 00 01 00 00 00 0e 02 00 00 00 00 00 00 
[RECV_HDR #117] len=16: 00 00 00 00 00 00 00 00 48 02 00 00 01 02 00 00 
[RECV #118] len=584: 00 04 00 00 01 00 00 00 00 00 00 00 00 00 00 00 00 00 00 00 00 00 00 00 00 02 00 00 00 02 00 00 
[RECV_HDR #119] len=16: 01 00 00 00 00 00 00 00 48 00 00 00 01 00 00 00 
[RECV #120] len=72: 05 04 00 00 00 00 00 00 00 00 00 00 00 00 00 00 00 00 00 00 00 00 00 00 00 00 00 00 00 00 00 00 
[RECV_HDR #121] len=16: 01 00 00 00 00 00 00 00 56 02 00 00 10 00 00 00 
[RECV #122] len=598: 04 04 00 00 01 00 00 00 00 00 00 00 00 00 00 00 01 00 00 00 01 00 00 00 0e 02 00 00 00 00 00 00 
[RECV_HDR #123] len=16: 00 00 00 00 00 00 00 00 48 02 00 00 01 02 00 00 
[RECV #124] len=584: 00 04 00 00 01 00 00 00 00 00 00 00 00 00 00 00 00 00 00 00 00 00 00 00 00 02 00 00 00 02 00 00 
[RECV_HDR #125] len=16: 01 00 00 00 00 00 00 00 48 00 00 00 01 00 00 00 
[RECV #126] len=72: 05 04 00 00 00 00 00 00 00 00 00 00 00 00 00 00 00 00 00 00 00 00 00 00 00 00 00 00 00 00 00 00 
[RECV_HDR #127] len=16: 01 00 00 00 00 00 00 00 56 02 00 00 10 00 00 00 
[RECV #128] len=598: 04 04 00 00 01 00 00 00 00 00 00 00 00 00 00 00 01 00 00 00 01 00 00 00 0e 02 00 00 00 00 00 00 
[RECV_HDR #129] len=16: 00 00 00 00 00 00 00 00 48 02 00 00 01 02 00 00 
[RECV #130] len=584: 00 04 00 00 01 00 00 00 00 00 00 00 00 00 00 00 00 00 00 00 00 00 00 00 00 02 00 00 00 02 00 00 
[RECV_HDR #131] len=16: 01 00 00 00 00 00 00 00 48 00 00 00 01 00 00 00 
[RECV #132] len=72: 05 04 00 00 00 00 00 00 00 00 00 00 00 00 00 00 00 00 00 00 00 00 00 00 00 00 00 00 00 00 00 00 
[RECV_HDR #133] len=16: 01 00 00 00 00 00 00 00 56 02 00 00 10 00 00 00 
[RECV #134] len=598: 04 04 00 00 01 00 00 00 00 00 00 00 00 00 00 00 01 00 00 00 01 00 00 00 0e 02 00 00 00 00 00 00 
[RECV_HDR #135] len=16: 00 00 00 00 00 00 00 00 48 02 00 00 01 02 00 00 
[RECV #136] len=584: 00 04 00 00 01 00 00 00 00 00 00 00 00 00 00 00 00 00 00 00 00 00 00 00 00 02 00 00 00 02 00 00 
[RECV_HDR #137] len=16: 01 00 00 00 00 00 00 00 48 00 00 00 01 00 00 00 
[RECV #138] len=72: 05 04 00 00 00 00 00 00 00 00 00 00 00 00 00 00 00 00 00 00 00 00 00 00 00 00 00 00 00 00 00 00 
[RECV_HDR #139] len=16: 01 00 00 00 00 00 00 00 56 02 00 00 10 00 00 00 
[RECV #140] len=598: 04 04 00 00 01 00 00 00 00 00 00 00 00 00 00 00 01 00 00 00 01 00 00 00 0e 02 00 00 00 00 00 00 
[RECV_HDR #141] len=16: 00 00 00 00 00 00 00 00 48 02 00 00 01 02 00 00 
[RECV #142] len=584: 00 04 00 00 01 00 00 00 00 00 00 00 00 00 00 00 00 00 00 00 00 00 00 00 00 02 00 00 00 02 00 00 
[RECV_HDR #143] len=16: 01 00 00 00 00 00 00 00 48 00 00 00 01 00 00 00 
[RECV #144] len=72: 05 04 00 00 00 00 00 00 00 00 00 00 00 00 00 00 00 00 00 00 00 00 00 00 00 00 00 00 00 00 00 00 
[RECV_HDR #145] len=16: 01 00 00 00 00 00 00 00 56 02 00 00 10 00 00 00 
[RECV #146] len=598: 04 04 00 00 01 00 00 00 00 00 00 00 00 00 00 00 01 00 00 00 01 00 00 00 0e 02 00 00 00 00 00 00 
[RECV_HDR #147] len=16: 00 00 00 00 00 00 00 00 48 02 00 00 01 02 00 00 
[RECV #148] len=584: 00 04 00 00 01 00 00 00 00 00 00 00 00 00 00 00 00 00 00 00 00 00 00 00 00 02 00 00 00 02 00 00 
[RECV_HDR #149] len=16: 01 00 00 00 00 00 00 00 48 00 00 00 01 00 00 00 
[RECV #150] len=72: 05 04 00 00 00 00 00 00 00 00 00 00 00 00 00 00 00 00 00 00 00 00 00 00 00 00 00 00 00 00 00 00 
[RECV_HDR #151] len=16: 01 00 00 00 00 00 00 00 56 02 00 00 10 00 00 00 
[RECV #152] len=598: 04 04 00 00 01 00 00 00 00 00 00 00 00 00 00 00 01 00 00 00 01 00 00 00 0e 02 00 00 00 00 00 00 
[RECV_HDR #153] len=16: 00 00 00 00 00 00 00 00 48 02 00 00 01 02 00 00 
[RECV #154] len=584: 00 04 00 00 01 00 00 00 00 00 00 00 00 00 00 00 00 00 00 00 00 00 00 00 00 02 00 00 00 02 00 00 
[RECV_HDR #155] len=16: 01 00 00 00 00 00 00 00 48 00 00 00 01 00 00 00 
[RECV #156] len=72: 05 04 00 00 00 00 00 00 00 00 00 00 00 00 00 00 00 00 00 00 00 00 00 00 00 00 00 00 00 00 00 00 
[RECV_HDR #157] len=16: 01 00 00 00 00 00 00 00 56 02 00 00 10 00 00 00 
[RECV #158] len=598: 04 04 00 00 01 00 00 00 00 00 00 00 00 00 00 00 01 00 00 00 01 00 00 00 0e 02 00 00 00 00 00 00 
[RECV_HDR #159] len=16: 00 00 00 00 00 00 00 00 48 02 00 00 01 02 00 00 
[RECV #160] len=584: 00 04 00 00 01 00 00 00 00 00 00 00 00 00 00 00 00 00 00 00 00 00 00 00 00 02 00 00 00 02 00 00 
[RECV_HDR #161] len=16: 01 00 00 00 00 00 00 00 48 00 00 00 01 00 00 00 
[RECV #162] len=72: 05 04 00 00 00 00 00 00 00 00 00 00 00 00 00 00 00 00 00 00 00 00 00 00 00 00 00 00 00 00 00 00 
[RECV_HDR #163] len=16: 01 00 00 00 00 00 00 00 56 02 00 00 10 00 00 00 
[RECV #164] len=598: 04 04 00 00 01 00 00 00 00 00 00 00 00 00 00 00 01 00 00 00 01 00 00 00 0e 02 00 00 00 00 00 00 
[RECV_HDR #165] len=16: 00 00 00 00 00 00 00 00 48 02 00 00 01 02 00 00 
[RECV #166] len=584: 00 04 00 00 01 00 00 00 00 00 00 00 00 00 00 00 00 00 00 00 00 00 00 00 00 02 00 00 00 02 00 00 
[RECV_HDR #167] len=16: 01 00 00 00 00 00 00 00 48 00 00 00 01 00 00 00 
[RECV #168] len=72: 05 04 00 00 00 00 00 00 00 00 00 00 00 00 00 00 00 00 00 00 00 00 00 00 00 00 00 00 00 00 00 00 
[RECV_HDR #169] len=16: 01 00 00 00 00 00 00 00 56 02 00 00 10 00 00 00 
[RECV #170] len=598: 04 04 00 00 01 00 00 00 00 00 00 00 00 00 00 00 01 00 00 00 01 00 00 00 0e 02 00 00 00 00 00 00 
[RECV_HDR #171] len=16: 00 00 00 00 00 00 00 00 48 02 00 00 01 02 00 00 
[RECV #172] len=584: 00 04 00 00 01 00 00 00 00 00 00 00 00 00 00 00 00 00 00 00 00 00 00 00 00 02 00 00 00 02 00 00 
[RECV_HDR #173] len=16: 01 00 00 00 00 00 00 00 48 00 00 00 01 00 00 00 
[RECV #174] len=72: 05 04 00 00 00 00 00 00 00 00 00 00 00 00 00 00 00 00 00 00 00 00 00 00 00 00 00 00 00 00 00 00 
[RECV_HDR #175] len=16: 01 00 00 00 00 00 00 00 56 02 00 00 10 00 00 00 
[RECV #176] len=598: 04 04 00 00 01 00 00 00 00 00 00 00 00 00 00 00 01 00 00 00 01 00 00 00 0e 02 00 00 00 00 00 00 
[RECV_HDR #177] len=16: 00 00 00 00 00 00 00 00 48 02 00 00 01 02 00 00 
[RECV #178] len=584: 00 04 00 00 01 00 00 00 00 00 00 00 00 00 00 00 00 00 00 00 00 00 00 00 00 02 00 00 00 02 00 00 
[RECV_HDR #179] len=16: 01 00 00 00 00 00 00 00 48 00 00 00 01 00 00 00 
[RECV #180] len=72: 05 04 00 00 00 00 00 00 00 00 00 00 00 00 00 00 00 00 00 00 00 00 00 00 00 00 00 00 00 00 00 00 
[RECV_HDR #181] len=16: 01 00 00 00 00 00 00 00 56 02 00 00 10 00 00 00 
[RECV #182] len=598: 04 04 00 00 01 00 00 00 00 00 00 00 00 00 00 00 01 00 00 00 01 00 00 00 0e 02 00 00 00 00 00 00 
[RECV_HDR #183] len=16: 00 00 00 00 00 00 00 00 48 02 00 00 01 02 00 00 
[RECV #184] len=584: 00 04 00 00 01 00 00 00 00 00 00 00 00 00 00 00 00 00 00 00 00 00 00 00 00 02 00 00 00 02 00 00 
[RECV_HDR #185] len=16: 01 00 00 00 00 00 00 00 48 00 00 00 01 00 00 00 
[RECV #186] len=72: 05 04 00 00 00 00 00 00 00 00 00 00 00 00 00 00 00 00 00 00 00 00 00 00 00 00 00 00 00 00 00 00 
[RECV_HDR #187] len=16: 01 00 00 00 00 00 00 00 56 02 00 00 10 00 00 00 
[RECV #188] len=598: 04 04 00 00 01 00 00 00 00 00 00 00 00 00 00 00 01 00 00 00 01 00 00 00 0e 02 00 00 00 00 00 00 
[RECV_HDR #189] len=16: 00 00 00 00 00 00 00 00 48 02 00 00 01 02 00 00 
[RECV #190] len=584: 00 04 00 00 01 00 00 00 00 00 00 00 00 00 00 00 00 00 00 00 00 00 00 00 00 02 00 00 00 02 00 00 
[RECV_HDR #191] len=16: 01 00 00 00 00 00 00 00 48 00 00 00 01 00 00 00 
[RECV #192] len=72: 05 04 00 00 00 00 00 00 00 00 00 00 00 00 00 00 00 00 00 00 00 00 00 00 00 00 00 00 00 00 00 00 
[RECV_HDR #193] len=16: 01 00 00 00 00 00 00 00 56 02 00 00 10 00 00 00 
[RECV #194] len=598: 04 04 00 00 01 00 00 00 00 00 00 00 00 00 00 00 01 00 00 00 01 00 00 00 0e 02 00 00 00 00 00 00 
[RECV_HDR #195] len=16: 00 00 00 00 00 00 00 00 48 02 00 00 01 02 00 00 
[RECV #196] len=584: 00 04 00 00 01 00 00 00 00 00 00 00 00 00 00 00 00 00 00 00 00 00 00 00 00 02 00 00 00 02 00 00 
[RECV_HDR #197] len=16: 01 00 00 00 00 00 00 00 48 00 00 00 01 00 00 00 
[RECV #198] len=72: 05 04 00 00 00 00 00 00 00 00 00 00 00 00 00 00 00 00 00 00 00 00 00 00 00 00 00 00 00 00 00 00 
[RECV_HDR #199] len=16: 01 00 00 00 00 00 00 00 56 02 00 00 10 00 00 00 
[RECV #200] len=598: 04 04 00 00 01 00 00 00 00 00 00 00 00 00 00 00 01 00 00 00 01 00 00 00 0e 02 00 00 00 00 00 00 
[RECV_HDR #201] len=16: 00 00 00 00 00 00 00 00 48 02 00 00 01 02 00 00 
[RECV #202] len=584: 00 04 00 00 01 00 00 00 00 00 00 00 00 00 00 00 00 00 00 00 00 00 00 00 00 02 00 00 00 02 00 00 
[RECV_HDR #203] len=16: 01 00 00 00 00 00 00 00 48 00 00 00 01 00 00 00 
[RECV #204] len=72: 05 04 00 00 00 00 00 00 00 00 00 00 00 00 00 00 00 00 00 00 00 00 00 00 00 00 00 00 00 00 00 00 
[RECV_HDR #205] len=16: 01 00 00 00 00 00 00 00 56 02 00 00 10 00 00 00 
[RECV #206] len=598: 04 04 00 00 01 00 00 00 00 00 00 00 00 00 00 00 01 00 00 00 01 00 00 00 0e 02 00 00 00 00 00 00 
[RECV_HDR #207] len=16: 00 00 00 00 00 00 00 00 48 02 00 00 01 02 00 00 
[RECV #208] len=584: 00 04 00 00 01 00 00 00 00 00 00 00 00 00 00 00 00 00 00 00 00 00 00 00 00 02 00 00 00 02 00 00 
[RECV_HDR #209] len=16: 01 00 00 00 00 00 00 00 48 00 00 00 01 00 00 00 
[RECV #210] len=72: 05 04 00 00 00 00 00 00 00 00 00 00 00 00 00 00 00 00 00 00 00 00 00 00 00 00 00 00 00 00 00 00 
[RECV_HDR #211] len=16: 01 00 00 00 00 00 00 00 56 01 00 00 10 00 00 00 
[RECV #212] len=342: 04 04 00 00 01 00 00 00 00 00 00 00 00 00 00 00 01 00 00 00 01 00 00 00 0e 01 00 00 00 00 00 00 
[RECV_HDR #213] len=16: 00 00 00 00 00 00 00 00 48 01 00 00 01 01 00 00 
[RECV #214] len=328: 00 04 00 00 01 00 00 00 00 00 00 00 00 00 00 00 00 00 00 00 00 00 00 00 00 01 00 00 00 01 00 00 
[RECV_HDR #215] len=16: 01 00 00 00 00 00 00 00 48 00 00 00 01 00 00 00 
[RECV #216] len=72: 05 04 00 00 00 00 00 00 00 00 00 00 00 00 00 00 00 00 00 00 00 00 00 00 00 00 00 00 00 00 00 00 
[RECV_HDR #217] len=16: 01 00 00 00 00 00 00 00 56 01 00 00 10 00 00 00 
[RECV #218] len=342: 04 04 00 00 01 00 00 00 00 00 00 00 00 00 00 00 01 00 00 00 01 00 00 00 0e 01 00 00 00 00 00 00 
[RECV_HDR #219] len=16: 00 00 00 00 00 00 00 00 48 01 00 00 01 01 00 00 
[RECV #220] len=328: 00 04 00 00 01 00 00 00 00 00 00 00 00 00 00 00 00 00 00 00 00 00 00 00 00 01 00 00 00 01 00 00 
[RECV_HDR #221] len=16: 01 00 00 00 00 00 00 00 48 00 00 00 01 00 00 00 
[RECV #222] len=72: 05 04 00 00 00 00 00 00 00 00 00 00 00 00 00 00 00 00 00 00 00 00 00 00 00 00 00 00 00 00 00 00 
[RECV_HDR #223] len=16: 01 00 00 00 00 00 00 00 56 01 00 00 10 00 00 00 
[RECV #224] len=342: 04 04 00 00 01 00 00 00 00 00 00 00 00 00 00 00 01 00 00 00 01 00 00 00 0e 01 00 00 00 00 00 00 
[RECV_HDR #225] len=16: 00 00 00 00 00 00 00 00 48 01 00 00 01 01 00 00 
[RECV #226] len=328: 00 04 00 00 01 00 00 00 00 00 00 00 00 00 00 00 00 00 00 00 00 00 00 00 00 01 00 00 00 01 00 00 
[RECV_HDR #227] len=16: 01 00 00 00 00 00 00 00 48 00 00 00 01 00 00 00 
[RECV #228] len=72: 05 04 00 00 00 00 00 00 00 00 00 00 00 00 00 00 00 00 00 00 00 00 00 00 00 00 00 00 00 00 00 00 
[RECV_HDR #229] len=16: 01 00 00 00 00 00 00 00 56 01 00 00 10 00 00 00 
[RECV #230] len=342: 04 04 00 00 01 00 00 00 00 00 00 00 00 00 00 00 01 00 00 00 01 00 00 00 0e 01 00 00 00 00 00 00 
[RECV_HDR #231] len=16: 00 00 00 00 00 00 00 00 48 01 00 00 01 01 00 00 
[RECV #232] len=328: 00 04 00 00 01 00 00 00 00 00 00 00 00 00 00 00 00 00 00 00 00 00 00 00 00 01 00 00 00 01 00 00 
[RECV_HDR #233] len=16: 01 00 00 00 00 00 00 00 48 00 00 00 01 00 00 00 
[RECV #234] len=72: 05 04 00 00 00 00 00 00 00 00 00 00 00 00 00 00 00 00 00 00 00 00 00 00 00 00 00 00 00 00 00 00 
[RECV_HDR #235] len=16: 01 00 00 00 00 00 00 00 56 01 00 00 10 00 00 00 
[RECV #236] len=342: 04 04 00 00 01 00 00 00 00 00 00 00 00 00 00 00 01 00 00 00 01 00 00 00 0e 01 00 00 00 00 00 00 
[RECV_HDR #237] len=16: 00 00 00 00 00 00 00 00 48 01 00 00 01 01 00 00 
[RECV #238] len=328: 00 04 00 00 01 00 00 00 00 00 00 00 00 00 00 00 00 00 00 00 00 00 00 00 00 01 00 00 00 01 00 00 
[RECV_HDR #239] len=16: 01 00 00 00 00 00 00 00 48 00 00 00 01 00 00 00 
[RECV #240] len=72: 05 04 00 00 00 00 00 00 00 00 00 00 00 00 00 00 00 00 00 00 00 00 00 00 00 00 00 00 00 00 00 00 
[RECV_HDR #241] len=16: 01 00 00 00 00 00 00 00 58 00 00 00 10 00 00 00 
[RECV #242] len=88: 02 00 00 00 03 00 00 00 00 00 00 00 00 00 00 00 03 00 00 00 10 00 00 00 01 00 00 00 00 00 00 00 
[RECV_HDR #243] len=16: 01 00 00 00 00 00 00 00 58 00 00 00 10 00 00 00 
[RECV #244] len=88: 02 00 00 00 03 00 00 00 00 00 00 00 00 00 00 00 03 00 00 00 10 00 00 00 02 00 00 00 00 00 00 00 
[RECV_HDR #245] len=16: 00 00 00 00 00 00 00 00 68 00 00 00 11 00 00 00 
[RECV #246] len=104: 00 00 00 00 00 00 00 00 00 00 00 00 00 00 00 00 00 00 00 00 00 00 00 00 10 00 00 00 10 00 00 00 
[RECV_HDR #247] len=16: 01 00 00 00 00 00 00 00 58 00 00 00 10 00 00 00 
[RECV #248] len=88: 02 00 00 00 03 00 00 00 00 00 00 00 00 00 00 00 03 00 00 00 10 00 00 00 01 00 00 00 00 00 00 00 
[RECV_HDR #249] len=16: 01 00 00 00 00 00 00 00 58 00 00 00 10 00 00 00 
[RECV #250] len=88: 02 00 00 00 03 00 00 00 00 00 00 00 00 00 00 00 03 00 00 00 10 00 00 00 02 00 00 00 00 00 00 00 
[RECV_HDR #251] len=16: 00 00 00 00 00 00 00 00 68 00 00 00 11 00 00 00 
[RECV #252] len=104: 00 00 00 00 00 00 00 00 02 00 00 00 00 00 00 00 00 00 00 00 00 00 00 00 10 00 00 00 10 00 00 00 
[RECV_HDR #253] len=16: 01 00 00 00 00 00 00 00 48 00 00 00 01 00 00 00 
[RECV #254] len=72: 03 00 00 00 00 00 00 00 00 00 00 00 00 00 00 00 02 00 00 00 00 00 00 00 00 00 00 00 00 00 00 00 
[RECV_HDR #255] len=16: 01 00 00 00 00 00 00 00 48 00 00 00 01 00 00 00 
[RECV #256] len=72: 03 00 00 00 00 00 00 00 00 00 00 00 00 00 00 00 03 00 00 00 00 00 00 00 00 00 00 00 00 00 00 00 
[RECV_HDR #257] len=16: 01 00 00 00 00 00 00 00 58 00 00 00 10 00 00 00 
[RECV #258] len=88: 02 00 00 00 03 00 00 00 00 00 00 00 00 00 00 00 03 00 00 00 10 00 00 00 01 00 00 00 00 00 00 00 
[RECV_HDR #259] len=16: 01 00 00 00 00 00 00 00 58 00 00 00 10 00 00 00 
[RECV #260] len=88: 02 00 00 00 03 00 00 00 00 00 00 00 00 00 00 00 03 00 00 00 10 00 00 00 02 00 00 00 00 00 00 00 
[RECV_HDR #261] len=16: 00 00 00 00 00 00 00 00 78 4d 00 00 a1 4d 00 00 
[RECV #262] len=19832: 00 00 00 00 00 00 00 00 02 00 00 00 00 00 00 00 00 00 00 00 00 00 00 00 10 00 00 00 00 20 00 00 
[RECV_HDR #263] len=16: 01 00 00 00 00 00 00 00 48 00 00 00 01 00 00 00 
[RECV #264] len=72: 03 00 00 00 00 00 00 00 00 00 00 00 00 00 00 00 02 00 00 00 00 00 00 00 00 00 00 00 00 00 00 00 
[RECV_HDR #265] len=16: 01 00 00 00 00 00 00 00 48 00 00 00 01 00 00 00 
[RECV #266] len=72: 03 00 00 00 00 00 00 00 00 00 00 00 00 00 00 00 03 00 00 00 00 00 00 00 00 00 00 00 00 00 00 00 
[RECV_HDR #267] len=16: 01 00 00 00 00 00 00 00 58 00 00 00 10 00 00 00 
[RECV #268] len=88: 02 00 00 00 03 00 00 00 00 00 00 00 00 00 00 00 03 00 00 00 10 00 00 00 01 00 00 00 00 00 00 00 
[RECV_HDR #269] len=16: 01 00 00 00 00 00 00 00 58 00 00 00 10 00 00 00 
[RECV #270] len=88: 02 00 00 00 03 00 00 00 00 00 00 00 00 00 00 00 03 00 00 00 10 00 00 00 02 00 00 00 00 00 00 00 
[RECV_HDR #271] len=16: 00 00 00 00 00 00 00 00 f8 4d 00 00 a1 4d 00 00 
[RECV #272] len=19960: 01 00 00 00 00 00 00 00 03 00 00 00 00 00 00 00 00 00 00 00 00 00 00 00 10 00 00 00 00 20 00 00 
[RECV_HDR #273] len=16: 01 00 00 00 00 00 00 00 48 00 00 00 01 00 00 00 
[RECV #274] len=72: 03 00 00 00 00 00 00 00 00 00 00 00 00 00 00 00 02 00 00 00 00 00 00 00 00 00 00 00 00 00 00 00 
[RECV_HDR #275] len=16: 01 00 00 00 00 00 00 00 48 00 00 00 01 00 00 00 
[RECV #276] len=72: 03 00 00 00 00 00 00 00 00 00 00 00 00 00 00 00 03 00 00 00 00 00 00 00 00 00 00 00 00 00 00 00 
[RECV_HDR #277] len=16: 01 00 00 00 00 00 00 00 48 00 00 00 01 00 00 00 
[RECV #278] len=72: 03 00 00 00 00 00 00 00 00 00 00 00 00 00 00 00 00 00 00 00 00 00 00 00 00 00 00 00 00 00 00 00 
[RECV_HDR #279] len=16: 01 00 00 00 00 00 00 00 48 00 00 00 01 00 00 00 
[RECV #280] len=72: 03 00 00 00 00 00 00 00 00 00 00 00 00 00 00 00 01 00 00 00 00 00 00 00 00 00 00 00 00 00 00 00 
[RECV_HDR #1] len=16: 01 00 00 00 00 00 00 00 56 02 00 00 10 00 00 00 
[RECV #2] len=598: 04 04 00 00 01 00 00 00 00 00 00 00 00 00 00 00 01 00 00 00 01 00 00 00 0e 02 00 00 00 00 00 00 
[RECV_HDR #3] len=16: 00 00 00 00 00 00 00 00 48 02 00 00 01 02 00 00 
[RECV #4] len=584: 00 04 00 00 01 00 00 00 00 00 00 00 00 00 00 00 00 00 00 00 00 00 00 00 00 02 00 00 00 02 00 00 
[RECV_HDR #5] len=16: 01 00 00 00 00 00 00 00 48 00 00 00 01 00 00 00 
[RECV #6] len=72: 05 04 00 00 00 00 00 00 00 00 00 00 00 00 00 00 00 00 00 00 00 00 00 00 00 00 00 00 00 00 00 00 
[RECV_HDR #7] len=16: 01 00 00 00 00 00 00 00 56 02 00 00 10 00 00 00 
[RECV #8] len=598: 04 04 00 00 01 00 00 00 00 00 00 00 00 00 00 00 01 00 00 00 01 00 00 00 0e 02 00 00 00 00 00 00 
[RECV_HDR #9] len=16: 00 00 00 00 00 00 00 00 48 02 00 00 01 02 00 00 
[RECV #10] len=584: 00 04 00 00 01 00 00 00 00 00 00 00 00 00 00 00 00 00 00 00 00 00 00 00 00 02 00 00 00 02 00 00 
[RECV_HDR #11] len=16: 01 00 00 00 00 00 00 00 48 00 00 00 01 00 00 00 
[RECV #12] len=72: 05 04 00 00 00 00 00 00 00 00 00 00 00 00 00 00 00 00 00 00 00 00 00 00 00 00 00 00 00 00 00 00 
[RECV_HDR #13] len=16: 01 00 00 00 00 00 00 00 56 02 00 00 10 00 00 00 
[RECV #14] len=598: 04 04 00 00 01 00 00 00 00 00 00 00 00 00 00 00 01 00 00 00 01 00 00 00 0e 02 00 00 00 00 00 00 
[RECV_HDR #15] len=16: 00 00 00 00 00 00 00 00 48 02 00 00 01 02 00 00 
[RECV #16] len=584: 00 04 00 00 01 00 00 00 00 00 00 00 00 00 00 00 00 00 00 00 00 00 00 00 00 02 00 00 00 02 00 00 
[RECV_HDR #17] len=16: 01 00 00 00 00 00 00 00 48 00 00 00 01 00 00 00 
[RECV #18] len=72: 05 04 00 00 00 00 00 00 00 00 00 00 00 00 00 00 00 00 00 00 00 00 00 00 00 00 00 00 00 00 00 00 
[RECV_HDR #19] len=16: 01 00 00 00 00 00 00 00 56 02 00 00 10 00 00 00 
[RECV #20] len=598: 04 04 00 00 01 00 00 00 00 00 00 00 00 00 00 00 01 00 00 00 01 00 00 00 0e 02 00 00 00 00 00 00 
[RECV_HDR #21] len=16: 00 00 00 00 00 00 00 00 48 02 00 00 01 02 00 00 
[RECV #22] len=584: 00 04 00 00 01 00 00 00 00 00 00 00 00 00 00 00 00 00 00 00 00 00 00 00 00 02 00 00 00 02 00 00 
[RECV_HDR #23] len=16: 01 00 00 00 00 00 00 00 48 00 00 00 01 00 00 00 
[RECV #24] len=72: 05 04 00 00 00 00 00 00 00 00 00 00 00 00 00 00 00 00 00 00 00 00 00 00 00 00 00 00 00 00 00 00 
[RECV_HDR #25] len=16: 01 00 00 00 00 00 00 00 56 02 00 00 10 00 00 00 
[RECV #26] len=598: 04 04 00 00 01 00 00 00 00 00 00 00 00 00 00 00 01 00 00 00 01 00 00 00 0e 02 00 00 00 00 00 00 
[RECV_HDR #27] len=16: 00 00 00 00 00 00 00 00 48 02 00 00 01 02 00 00 
[RECV #28] len=584: 00 04 00 00 01 00 00 00 00 00 00 00 00 00 00 00 00 00 00 00 00 00 00 00 00 02 00 00 00 02 00 00 
[RECV_HDR #29] len=16: 01 00 00 00 00 00 00 00 48 00 00 00 01 00 00 00 
[RECV #30] len=72: 05 04 00 00 00 00 00 00 00 00 00 00 00 00 00 00 00 00 00 00 00 00 00 00 00 00 00 00 00 00 00 00 
[RECV_HDR #31] len=16: 01 00 00 00 00 00 00 00 56 02 00 00 10 00 00 00 
[RECV #32] len=598: 04 04 00 00 01 00 00 00 00 00 00 00 00 00 00 00 01 00 00 00 01 00 00 00 0e 02 00 00 00 00 00 00 
[RECV_HDR #33] len=16: 00 00 00 00 00 00 00 00 48 02 00 00 01 02 00 00 
[RECV #34] len=584: 00 04 00 00 01 00 00 00 00 00 00 00 00 00 00 00 00 00 00 00 00 00 00 00 00 02 00 00 00 02 00 00 
[RECV_HDR #35] len=16: 01 00 00 00 00 00 00 00 48 00 00 00 01 00 00 00 
[RECV #36] len=72: 05 04 00 00 00 00 00 00 00 00 00 00 00 00 00 00 00 00 00 00 00 00 00 00 00 00 00 00 00 00 00 00 
[RECV_HDR #37] len=16: 01 00 00 00 00 00 00 00 56 02 00 00 10 00 00 00 
[RECV #38] len=598: 04 04 00 00 01 00 00 00 00 00 00 00 00 00 00 00 01 00 00 00 01 00 00 00 0e 02 00 00 00 00 00 00 
[RECV_HDR #39] len=16: 00 00 00 00 00 00 00 00 48 02 00 00 01 02 00 00 
[RECV #40] len=584: 00 04 00 00 01 00 00 00 00 00 00 00 00 00 00 00 00 00 00 00 00 00 00 00 00 02 00 00 00 02 00 00 
[RECV_HDR #41] len=16: 01 00 00 00 00 00 00 00 48 00 00 00 01 00 00 00 
[RECV #42] len=72: 05 04 00 00 00 00 00 00 00 00 00 00 00 00 00 00 00 00 00 00 00 00 00 00 00 00 00 00 00 00 00 00 
[RECV_HDR #43] len=16: 01 00 00 00 00 00 00 00 56 02 00 00 10 00 00 00 
[RECV #44] len=598: 04 04 00 00 01 00 00 00 00 00 00 00 00 00 00 00 01 00 00 00 01 00 00 00 0e 02 00 00 00 00 00 00 
[RECV_HDR #45] len=16: 00 00 00 00 00 00 00 00 48 02 00 00 01 02 00 00 
[RECV #46] len=584: 00 04 00 00 01 00 00 00 00 00 00 00 00 00 00 00 00 00 00 00 00 00 00 00 00 02 00 00 00 02 00 00 
[RECV_HDR #47] len=16: 01 00 00 00 00 00 00 00 48 00 00 00 01 00 00 00 
[RECV #48] len=72: 05 04 00 00 00 00 00 00 00 00 00 00 00 00 00 00 00 00 00 00 00 00 00 00 00 00 00 00 00 00 00 00 
[RECV_HDR #49] len=16: 01 00 00 00 00 00 00 00 56 02 00 00 10 00 00 00 
[RECV #50] len=598: 04 04 00 00 01 00 00 00 00 00 00 00 00 00 00 00 01 00 00 00 01 00 00 00 0e 02 00 00 00 00 00 00 
[RECV_HDR #51] len=16: 00 00 00 00 00 00 00 00 48 02 00 00 01 02 00 00 
[RECV #52] len=584: 00 04 00 00 01 00 00 00 00 00 00 00 00 00 00 00 00 00 00 00 00 00 00 00 00 02 00 00 00 02 00 00 
[RECV_HDR #53] len=16: 01 00 00 00 00 00 00 00 48 00 00 00 01 00 00 00 
[RECV #54] len=72: 05 04 00 00 00 00 00 00 00 00 00 00 00 00 00 00 00 00 00 00 00 00 00 00 00 00 00 00 00 00 00 00 
[RECV_HDR #55] len=16: 01 00 00 00 00 00 00 00 56 02 00 00 10 00 00 00 
[RECV #56] len=598: 04 04 00 00 01 00 00 00 00 00 00 00 00 00 00 00 01 00 00 00 01 00 00 00 0e 02 00 00 00 00 00 00 
[RECV_HDR #57] len=16: 00 00 00 00 00 00 00 00 48 02 00 00 01 02 00 00 
[RECV #58] len=584: 00 04 00 00 01 00 00 00 00 00 00 00 00 00 00 00 00 00 00 00 00 00 00 00 00 02 00 00 00 02 00 00 
[RECV_HDR #59] len=16: 01 00 00 00 00 00 00 00 56 02 00 00 10 00 00 00 
[RECV #60] len=598: 04 04 00 00 01 00 00 00 00 00 00 00 00 00 00 00 01 00 00 00 01 00 00 00 0e 02 00 00 00 00 00 00 
[RECV_HDR #61] len=16: 01 00 00 00 01 00 00 00 48 00 00 00 01 00 00 00 
[RECV #62] len=72: 05 04 00 00 00 00 00 00 00 00 00 00 00 00 00 00 00 00 00 00 00 00 00 00 00 00 00 00 00 00 00 00 
[RECV_HDR #63] len=16: 00 00 00 00 00 00 00 00 48 02 00 00 01 02 00 00 
[RECV #64] len=584: 00 04 00 00 01 00 00 00 01 00 00 00 00 00 00 00 00 00 00 00 00 00 00 00 00 02 00 00 00 02 00 00 
[RECV_HDR #65] len=16: 01 00 00 00 01 00 00 00 48 00 00 00 01 00 00 00 
[RECV #66] len=72: 05 04 00 00 00 00 00 00 00 00 00 00 00 00 00 00 01 00 00 00 00 00 00 00 00 00 00 00 00 00 00 00 
[RECV_HDR #67] len=16: 01 00 00 00 01 00 00 00 56 02 00 00 10 00 00 00 
[RECV #68] len=598: 04 04 00 00 01 00 00 00 00 00 00 00 00 00 00 00 01 00 00 00 01 00 00 00 0e 02 00 00 00 00 00 00 
[RECV_HDR #69] len=16: 01 00 00 00 00 00 00 00 56 02 00 00 10 00 00 00 
[RECV #70] len=598: 04 04 00 00 01 00 00 00 00 00 00 00 00 00 00 00 01 00 00 00 01 00 00 00 0e 02 00 00 00 00 00 00 
[RECV_HDR #71] len=16: 00 00 00 00 00 00 00 00 48 02 00 00 01 02 00 00 
[RECV #72] len=584: 00 04 00 00 01 00 00 00 00 00 00 00 00 00 00 00 00 00 00 00 00 00 00 00 00 02 00 00 00 02 00 00 
[RECV_HDR #73] len=16: 00 00 00 00 00 00 00 00 48 02 00 00 01 02 00 00 
[RECV #74] len=584: 00 04 00 00 01 00 00 00 01 00 00 00 00 00 00 00 00 00 00 00 00 00 00 00 00 02 00 00 00 02 00 00 
[RECV_HDR #75] len=16: 01 00 00 00 00 00 00 00 48 00 00 00 01 00 00 00 
[RECV #76] len=72: 05 04 00 00 00 00 00 00 00 00 00 00 00 00 00 00 01 00 00 00 00 00 00 00 00 00 00 00 00 00 00 00 
[RECV_HDR #77] len=16: 01 00 00 00 00 00 00 00 48 00 00 00 01 00 00 00 
[RECV #78] len=72: 05 04 00 00 00 00 00 00 00 00 00 00 00 00 00 00 00 00 00 00 00 00 00 00 00 00 00 00 00 00 00 00 
[RECV_HDR #79] len=16: 01 00 00 00 00 00 00 00 56 02 00 00 10 00 00 00 
[RECV #80] len=598: 04 04 00 00 01 00 00 00 00 00 00 00 00 00 00 00 01 00 00 00 01 00 00 00 0e 02 00 00 00 00 00 00 
[RECV_HDR #81] len=16: 00 00 00 00 00 00 00 00 48 02 00 00 01 02 00 00 
[RECV #82] len=584: 00 04 00 00 01 00 00 00 00 00 00 00 00 00 00 00 00 00 00 00 00 00 00 00 00 02 00 00 00 02 00 00 
[RECV_HDR #83] len=16: 01 00 00 00 00 00 00 00 48 00 00 00 01 00 00 00 
[RECV #84] len=72: 05 04 00 00 00 00 00 00 00 00 00 00 00 00 00 00 00 00 00 00 00 00 00 00 00 00 00 00 00 00 00 00 
[RECV_HDR #85] len=16: 01 00 00 00 00 00 00 00 56 02 00 00 10 00 00 00 
[RECV #86] len=598: 04 04 00 00 01 00 00 00 00 00 00 00 00 00 00 00 01 00 00 00 01 00 00 00 0e 02 00 00 00 00 00 00 
[RECV_HDR #87] len=16: 00 00 00 00 00 00 00 00 48 02 00 00 01 02 00 00 
[RECV #88] len=584: 00 04 00 00 01 00 00 00 00 00 00 00 00 00 00 00 00 00 00 00 00 00 00 00 00 02 00 00 00 02 00 00 
[RECV_HDR #89] len=16: 01 00 00 00 00 00 00 00 48 00 00 00 01 00 00 00 
[RECV #90] len=72: 05 04 00 00 00 00 00 00 00 00 00 00 00 00 00 00 00 00 00 00 00 00 00 00 00 00 00 00 00 00 00 00 
[RECV_HDR #91] len=16: 01 00 00 00 00 00 00 00 56 02 00 00 10 00 00 00 
[RECV #92] len=598: 04 04 00 00 01 00 00 00 00 00 00 00 00 00 00 00 01 00 00 00 01 00 00 00 0e 02 00 00 00 00 00 00 
[RECV_HDR #93] len=16: 00 00 00 00 00 00 00 00 48 02 00 00 01 02 00 00 
[RECV #94] len=584: 00 04 00 00 01 00 00 00 00 00 00 00 00 00 00 00 00 00 00 00 00 00 00 00 00 02 00 00 00 02 00 00 
[RECV_HDR #95] len=16: 01 00 00 00 00 00 00 00 48 00 00 00 01 00 00 00 
[RECV #96] len=72: 05 04 00 00 00 00 00 00 00 00 00 00 00 00 00 00 00 00 00 00 00 00 00 00 00 00 00 00 00 00 00 00 
[RECV_HDR #97] len=16: 01 00 00 00 00 00 00 00 56 02 00 00 10 00 00 00 
[RECV #98] len=598: 04 04 00 00 01 00 00 00 00 00 00 00 00 00 00 00 01 00 00 00 01 00 00 00 0e 02 00 00 00 00 00 00 
[RECV_HDR #99] len=16: 00 00 00 00 00 00 00 00 48 02 00 00 01 02 00 00 
[RECV #100] len=584: 00 04 00 00 01 00 00 00 00 00 00 00 00 00 00 00 00 00 00 00 00 00 00 00 00 02 00 00 00 02 00 00 
[RECV_HDR #101] len=16: 01 00 00 00 00 00 00 00 48 00 00 00 01 00 00 00 
[RECV #102] len=72: 05 04 00 00 00 00 00 00 00 00 00 00 00 00 00 00 00 00 00 00 00 00 00 00 00 00 00 00 00 00 00 00 
[RECV_HDR #103] len=16: 01 00 00 00 00 00 00 00 56 02 00 00 10 00 00 00 
[RECV #104] len=598: 04 04 00 00 01 00 00 00 00 00 00 00 00 00 00 00 01 00 00 00 01 00 00 00 0e 02 00 00 00 00 00 00 
[RECV_HDR #105] len=16: 00 00 00 00 00 00 00 00 48 02 00 00 01 02 00 00 
[RECV #106] len=584: 00 04 00 00 01 00 00 00 00 00 00 00 00 00 00 00 00 00 00 00 00 00 00 00 00 02 00 00 00 02 00 00 
[RECV_HDR #107] len=16: 01 00 00 00 00 00 00 00 48 00 00 00 01 00 00 00 
[RECV #108] len=72: 05 04 00 00 00 00 00 00 00 00 00 00 00 00 00 00 00 00 00 00 00 00 00 00 00 00 00 00 00 00 00 00 
[RECV_HDR #109] len=16: 01 00 00 00 00 00 00 00 56 02 00 00 10 00 00 00 
[RECV #110] len=598: 04 04 00 00 01 00 00 00 00 00 00 00 00 00 00 00 01 00 00 00 01 00 00 00 0e 02 00 00 00 00 00 00 
[RECV_HDR #111] len=16: 00 00 00 00 00 00 00 00 48 02 00 00 01 02 00 00 
[RECV #112] len=584: 00 04 00 00 01 00 00 00 00 00 00 00 00 00 00 00 00 00 00 00 00 00 00 00 00 02 00 00 00 02 00 00 
[RECV_HDR #113] len=16: 01 00 00 00 00 00 00 00 48 00 00 00 01 00 00 00 
[RECV #114] len=72: 05 04 00 00 00 00 00 00 00 00 00 00 00 00 00 00 00 00 00 00 00 00 00 00 00 00 00 00 00 00 00 00 
[RECV_HDR #115] len=16: 01 00 00 00 00 00 00 00 56 02 00 00 10 00 00 00 
[RECV #116] len=598: 04 04 00 00 01 00 00 00 00 00 00 00 00 00 00 00 01 00 00 00 01 00 00 00 0e 02 00 00 00 00 00 00 
[RECV_HDR #117] len=16: 00 00 00 00 00 00 00 00 48 02 00 00 01 02 00 00 
[RECV #118] len=584: 00 04 00 00 01 00 00 00 00 00 00 00 00 00 00 00 00 00 00 00 00 00 00 00 00 02 00 00 00 02 00 00 
[RECV_HDR #119] len=16: 01 00 00 00 00 00 00 00 48 00 00 00 01 00 00 00 
[RECV #120] len=72: 05 04 00 00 00 00 00 00 00 00 00 00 00 00 00 00 00 00 00 00 00 00 00 00 00 00 00 00 00 00 00 00 
[RECV_HDR #121] len=16: 01 00 00 00 00 00 00 00 56 02 00 00 10 00 00 00 
[RECV #122] len=598: 04 04 00 00 01 00 00 00 00 00 00 00 00 00 00 00 01 00 00 00 01 00 00 00 0e 02 00 00 00 00 00 00 
[RECV_HDR #123] len=16: 00 00 00 00 00 00 00 00 48 02 00 00 01 02 00 00 
[RECV #124] len=584: 00 04 00 00 01 00 00 00 00 00 00 00 00 00 00 00 00 00 00 00 00 00 00 00 00 02 00 00 00 02 00 00 
[RECV_HDR #125] len=16: 01 00 00 00 00 00 00 00 48 00 00 00 01 00 00 00 
[RECV #126] len=72: 05 04 00 00 00 00 00 00 00 00 00 00 00 00 00 00 00 00 00 00 00 00 00 00 00 00 00 00 00 00 00 00 
[RECV_HDR #127] len=16: 01 00 00 00 00 00 00 00 56 02 00 00 10 00 00 00 
[RECV #128] len=598: 04 04 00 00 01 00 00 00 00 00 00 00 00 00 00 00 01 00 00 00 01 00 00 00 0e 02 00 00 00 00 00 00 
[RECV_HDR #129] len=16: 00 00 00 00 00 00 00 00 48 02 00 00 01 02 00 00 
[RECV #130] len=584: 00 04 00 00 01 00 00 00 00 00 00 00 00 00 00 00 00 00 00 00 00 00 00 00 00 02 00 00 00 02 00 00 
[RECV_HDR #131] len=16: 01 00 00 00 00 00 00 00 48 00 00 00 01 00 00 00 
[RECV #132] len=72: 05 04 00 00 00 00 00 00 00 00 00 00 00 00 00 00 00 00 00 00 00 00 00 00 00 00 00 00 00 00 00 00 
[RECV_HDR #133] len=16: 01 00 00 00 00 00 00 00 56 02 00 00 10 00 00 00 
[RECV #134] len=598: 04 04 00 00 01 00 00 00 00 00 00 00 00 00 00 00 01 00 00 00 01 00 00 00 0e 02 00 00 00 00 00 00 
[RECV_HDR #135] len=16: 00 00 00 00 00 00 00 00 48 02 00 00 01 02 00 00 
[RECV #136] len=584: 00 04 00 00 01 00 00 00 00 00 00 00 00 00 00 00 00 00 00 00 00 00 00 00 00 02 00 00 00 02 00 00 
[RECV_HDR #137] len=16: 01 00 00 00 00 00 00 00 48 00 00 00 01 00 00 00 
[RECV #138] len=72: 05 04 00 00 00 00 00 00 00 00 00 00 00 00 00 00 00 00 00 00 00 00 00 00 00 00 00 00 00 00 00 00 
[RECV_HDR #139] len=16: 01 00 00 00 00 00 00 00 56 02 00 00 10 00 00 00 
[RECV #140] len=598: 04 04 00 00 01 00 00 00 00 00 00 00 00 00 00 00 01 00 00 00 01 00 00 00 0e 02 00 00 00 00 00 00 
[RECV_HDR #141] len=16: 00 00 00 00 00 00 00 00 48 02 00 00 01 02 00 00 
[RECV #142] len=584: 00 04 00 00 01 00 00 00 00 00 00 00 00 00 00 00 00 00 00 00 00 00 00 00 00 02 00 00 00 02 00 00 
[RECV_HDR #143] len=16: 01 00 00 00 00 00 00 00 48 00 00 00 01 00 00 00 
[RECV #144] len=72: 05 04 00 00 00 00 00 00 00 00 00 00 00 00 00 00 00 00 00 00 00 00 00 00 00 00 00 00 00 00 00 00 
[RECV_HDR #145] len=16: 01 00 00 00 00 00 00 00 56 02 00 00 10 00 00 00 
[RECV #146] len=598: 04 04 00 00 01 00 00 00 00 00 00 00 00 00 00 00 01 00 00 00 01 00 00 00 0e 02 00 00 00 00 00 00 
[RECV_HDR #147] len=16: 00 00 00 00 00 00 00 00 48 02 00 00 01 02 00 00 
[RECV #148] len=584: 00 04 00 00 01 00 00 00 00 00 00 00 00 00 00 00 00 00 00 00 00 00 00 00 00 02 00 00 00 02 00 00 
[RECV_HDR #149] len=16: 01 00 00 00 00 00 00 00 48 00 00 00 01 00 00 00 
[RECV #150] len=72: 05 04 00 00 00 00 00 00 00 00 00 00 00 00 00 00 00 00 00 00 00 00 00 00 00 00 00 00 00 00 00 00 
[RECV_HDR #151] len=16: 01 00 00 00 00 00 00 00 56 02 00 00 10 00 00 00 
[RECV #152] len=598: 04 04 00 00 01 00 00 00 00 00 00 00 00 00 00 00 01 00 00 00 01 00 00 00 0e 02 00 00 00 00 00 00 
[RECV_HDR #153] len=16: 00 00 00 00 00 00 00 00 48 02 00 00 01 02 00 00 
[RECV #154] len=584: 00 04 00 00 01 00 00 00 00 00 00 00 00 00 00 00 00 00 00 00 00 00 00 00 00 02 00 00 00 02 00 00 
[RECV_HDR #155] len=16: 01 00 00 00 00 00 00 00 48 00 00 00 01 00 00 00 
[RECV #156] len=72: 05 04 00 00 00 00 00 00 00 00 00 00 00 00 00 00 00 00 00 00 00 00 00 00 00 00 00 00 00 00 00 00 
[RECV_HDR #157] len=16: 01 00 00 00 00 00 00 00 56 02 00 00 10 00 00 00 
[RECV #158] len=598: 04 04 00 00 01 00 00 00 00 00 00 00 00 00 00 00 01 00 00 00 01 00 00 00 0e 02 00 00 00 00 00 00 
[RECV_HDR #159] len=16: 00 00 00 00 00 00 00 00 48 02 00 00 01 02 00 00 
[RECV #160] len=584: 00 04 00 00 01 00 00 00 00 00 00 00 00 00 00 00 00 00 00 00 00 00 00 00 00 02 00 00 00 02 00 00 
[RECV_HDR #161] len=16: 01 00 00 00 00 00 00 00 48 00 00 00 01 00 00 00 
[RECV #162] len=72: 05 04 00 00 00 00 00 00 00 00 00 00 00 00 00 00 00 00 00 00 00 00 00 00 00 00 00 00 00 00 00 00 
[RECV_HDR #163] len=16: 01 00 00 00 00 00 00 00 56 02 00 00 10 00 00 00 
[RECV #164] len=598: 04 04 00 00 01 00 00 00 00 00 00 00 00 00 00 00 01 00 00 00 01 00 00 00 0e 02 00 00 00 00 00 00 
[RECV_HDR #165] len=16: 00 00 00 00 00 00 00 00 48 02 00 00 01 02 00 00 
[RECV #166] len=584: 00 04 00 00 01 00 00 00 00 00 00 00 00 00 00 00 00 00 00 00 00 00 00 00 00 02 00 00 00 02 00 00 
[RECV_HDR #167] len=16: 01 00 00 00 00 00 00 00 48 00 00 00 01 00 00 00 
[RECV #168] len=72: 05 04 00 00 00 00 00 00 00 00 00 00 00 00 00 00 00 00 00 00 00 00 00 00 00 00 00 00 00 00 00 00 
[RECV_HDR #169] len=16: 01 00 00 00 00 00 00 00 56 02 00 00 10 00 00 00 
[RECV #170] len=598: 04 04 00 00 01 00 00 00 00 00 00 00 00 00 00 00 01 00 00 00 01 00 00 00 0e 02 00 00 00 00 00 00 
[RECV_HDR #171] len=16: 00 00 00 00 00 00 00 00 48 02 00 00 01 02 00 00 
[RECV #172] len=584: 00 04 00 00 01 00 00 00 00 00 00 00 00 00 00 00 00 00 00 00 00 00 00 00 00 02 00 00 00 02 00 00 
[RECV_HDR #173] len=16: 01 00 00 00 00 00 00 00 48 00 00 00 01 00 00 00 
[RECV #174] len=72: 05 04 00 00 00 00 00 00 00 00 00 00 00 00 00 00 00 00 00 00 00 00 00 00 00 00 00 00 00 00 00 00 
[RECV_HDR #175] len=16: 01 00 00 00 00 00 00 00 56 02 00 00 10 00 00 00 
[RECV #176] len=598: 04 04 00 00 01 00 00 00 00 00 00 00 00 00 00 00 01 00 00 00 01 00 00 00 0e 02 00 00 00 00 00 00 
[RECV_HDR #177] len=16: 00 00 00 00 00 00 00 00 48 02 00 00 01 02 00 00 
[RECV #178] len=584: 00 04 00 00 01 00 00 00 00 00 00 00 00 00 00 00 00 00 00 00 00 00 00 00 00 02 00 00 00 02 00 00 
[RECV_HDR #179] len=16: 01 00 00 00 00 00 00 00 48 00 00 00 01 00 00 00 
[RECV #180] len=72: 05 04 00 00 00 00 00 00 00 00 00 00 00 00 00 00 00 00 00 00 00 00 00 00 00 00 00 00 00 00 00 00 
[RECV_HDR #181] len=16: 01 00 00 00 00 00 00 00 56 02 00 00 10 00 00 00 
[RECV #182] len=598: 04 04 00 00 01 00 00 00 00 00 00 00 00 00 00 00 01 00 00 00 01 00 00 00 0e 02 00 00 00 00 00 00 
[RECV_HDR #183] len=16: 00 00 00 00 00 00 00 00 48 02 00 00 01 02 00 00 
[RECV #184] len=584: 00 04 00 00 01 00 00 00 00 00 00 00 00 00 00 00 00 00 00 00 00 00 00 00 00 02 00 00 00 02 00 00 
[RECV_HDR #185] len=16: 01 00 00 00 00 00 00 00 48 00 00 00 01 00 00 00 
[RECV #186] len=72: 05 04 00 00 00 00 00 00 00 00 00 00 00 00 00 00 00 00 00 00 00 00 00 00 00 00 00 00 00 00 00 00 
[RECV_HDR #187] len=16: 01 00 00 00 00 00 00 00 56 02 00 00 10 00 00 00 
[RECV #188] len=598: 04 04 00 00 01 00 00 00 00 00 00 00 00 00 00 00 01 00 00 00 01 00 00 00 0e 02 00 00 00 00 00 00 
[RECV_HDR #189] len=16: 00 00 00 00 00 00 00 00 48 02 00 00 01 02 00 00 
[RECV #190] len=584: 00 04 00 00 01 00 00 00 00 00 00 00 00 00 00 00 00 00 00 00 00 00 00 00 00 02 00 00 00 02 00 00 
[RECV_HDR #191] len=16: 01 00 00 00 00 00 00 00 48 00 00 00 01 00 00 00 
[RECV #192] len=72: 05 04 00 00 00 00 00 00 00 00 00 00 00 00 00 00 00 00 00 00 00 00 00 00 00 00 00 00 00 00 00 00 
[RECV_HDR #193] len=16: 01 00 00 00 00 00 00 00 56 02 00 00 10 00 00 00 
[RECV #194] len=598: 04 04 00 00 01 00 00 00 00 00 00 00 00 00 00 00 01 00 00 00 01 00 00 00 0e 02 00 00 00 00 00 00 
[RECV_HDR #195] len=16: 00 00 00 00 00 00 00 00 48 02 00 00 01 02 00 00 
[RECV #196] len=584: 00 04 00 00 01 00 00 00 00 00 00 00 00 00 00 00 00 00 00 00 00 00 00 00 00 02 00 00 00 02 00 00 
[RECV_HDR #197] len=16: 01 00 00 00 00 00 00 00 48 00 00 00 01 00 00 00 
[RECV #198] len=72: 05 04 00 00 00 00 00 00 00 00 00 00 00 00 00 00 00 00 00 00 00 00 00 00 00 00 00 00 00 00 00 00 
[RECV_HDR #199] len=16: 01 00 00 00 00 00 00 00 56 02 00 00 10 00 00 00 
[RECV #200] len=598: 04 04 00 00 01 00 00 00 00 00 00 00 00 00 00 00 01 00 00 00 01 00 00 00 0e 02 00 00 00 00 00 00 
[RECV_HDR #201] len=16: 00 00 00 00 00 00 00 00 48 02 00 00 01 02 00 00 
[RECV #202] len=584: 00 04 00 00 01 00 00 00 00 00 00 00 00 00 00 00 00 00 00 00 00 00 00 00 00 02 00 00 00 02 00 00 
[RECV_HDR #203] len=16: 01 00 00 00 00 00 00 00 48 00 00 00 01 00 00 00 
[RECV #204] len=72: 05 04 00 00 00 00 00 00 00 00 00 00 00 00 00 00 00 00 00 00 00 00 00 00 00 00 00 00 00 00 00 00 
[RECV_HDR #205] len=16: 01 00 00 00 00 00 00 00 56 02 00 00 10 00 00 00 
[RECV #206] len=598: 04 04 00 00 01 00 00 00 00 00 00 00 00 00 00 00 01 00 00 00 01 00 00 00 0e 02 00 00 00 00 00 00 
[RECV_HDR #207] len=16: 00 00 00 00 00 00 00 00 48 02 00 00 01 02 00 00 
[RECV #208] len=584: 00 04 00 00 01 00 00 00 00 00 00 00 00 00 00 00 00 00 00 00 00 00 00 00 00 02 00 00 00 02 00 00 
[RECV_HDR #209] len=16: 01 00 00 00 00 00 00 00 48 00 00 00 01 00 00 00 
[RECV #210] len=72: 05 04 00 00 00 00 00 00 00 00 00 00 00 00 00 00 00 00 00 00 00 00 00 00 00 00 00 00 00 00 00 00 
[RECV_HDR #211] len=16: 01 00 00 00 00 00 00 00 56 01 00 00 10 00 00 00 
[RECV #212] len=342: 04 04 00 00 01 00 00 00 00 00 00 00 00 00 00 00 01 00 00 00 01 00 00 00 0e 01 00 00 00 00 00 00 
[RECV_HDR #213] len=16: 00 00 00 00 00 00 00 00 48 01 00 00 01 01 00 00 
[RECV #214] len=328: 00 04 00 00 01 00 00 00 00 00 00 00 00 00 00 00 00 00 00 00 00 00 00 00 00 01 00 00 00 01 00 00 
[RECV_HDR #215] len=16: 01 00 00 00 00 00 00 00 48 00 00 00 01 00 00 00 
[RECV #216] len=72: 05 04 00 00 00 00 00 00 00 00 00 00 00 00 00 00 00 00 00 00 00 00 00 00 00 00 00 00 00 00 00 00 
[RECV_HDR #217] len=16: 01 00 00 00 00 00 00 00 56 01 00 00 10 00 00 00 
[RECV #218] len=342: 04 04 00 00 01 00 00 00 00 00 00 00 00 00 00 00 01 00 00 00 01 00 00 00 0e 01 00 00 00 00 00 00 
[RECV_HDR #219] len=16: 00 00 00 00 00 00 00 00 48 01 00 00 01 01 00 00 
[RECV #220] len=328: 00 04 00 00 01 00 00 00 00 00 00 00 00 00 00 00 00 00 00 00 00 00 00 00 00 01 00 00 00 01 00 00 
[RECV_HDR #221] len=16: 01 00 00 00 00 00 00 00 48 00 00 00 01 00 00 00 
[RECV #222] len=72: 05 04 00 00 00 00 00 00 00 00 00 00 00 00 00 00 00 00 00 00 00 00 00 00 00 00 00 00 00 00 00 00 
[RECV_HDR #223] len=16: 01 00 00 00 00 00 00 00 56 01 00 00 10 00 00 00 
[RECV #224] len=342: 04 04 00 00 01 00 00 00 00 00 00 00 00 00 00 00 01 00 00 00 01 00 00 00 0e 01 00 00 00 00 00 00 
[RECV_HDR #225] len=16: 00 00 00 00 00 00 00 00 48 01 00 00 01 01 00 00 
[RECV #226] len=328: 00 04 00 00 01 00 00 00 00 00 00 00 00 00 00 00 00 00 00 00 00 00 00 00 00 01 00 00 00 01 00 00 
[RECV_HDR #227] len=16: 01 00 00 00 00 00 00 00 48 00 00 00 01 00 00 00 
[RECV #228] len=72: 05 04 00 00 00 00 00 00 00 00 00 00 00 00 00 00 00 00 00 00 00 00 00 00 00 00 00 00 00 00 00 00 
[RECV_HDR #229] len=16: 01 00 00 00 00 00 00 00 56 01 00 00 10 00 00 00 
[RECV #230] len=342: 04 04 00 00 01 00 00 00 00 00 00 00 00 00 00 00 01 00 00 00 01 00 00 00 0e 01 00 00 00 00 00 00 
[RECV_HDR #231] len=16: 00 00 00 00 00 00 00 00 48 01 00 00 01 01 00 00 
[RECV #232] len=328: 00 04 00 00 01 00 00 00 00 00 00 00 00 00 00 00 00 00 00 00 00 00 00 00 00 01 00 00 00 01 00 00 
[RECV_HDR #233] len=16: 01 00 00 00 00 00 00 00 48 00 00 00 01 00 00 00 
[RECV #234] len=72: 05 04 00 00 00 00 00 00 00 00 00 00 00 00 00 00 00 00 00 00 00 00 00 00 00 00 00 00 00 00 00 00 
[RECV_HDR #235] len=16: 01 00 00 00 00 00 00 00 56 01 00 00 10 00 00 00 
[RECV #236] len=342: 04 04 00 00 01 00 00 00 00 00 00 00 00 00 00 00 01 00 00 00 01 00 00 00 0e 01 00 00 00 00 00 00 
[RECV_HDR #237] len=16: 00 00 00 00 00 00 00 00 48 01 00 00 01 01 00 00 
[RECV #238] len=328: 00 04 00 00 01 00 00 00 00 00 00 00 00 00 00 00 00 00 00 00 00 00 00 00 00 01 00 00 00 01 00 00 
[RECV_HDR #239] len=16: 01 00 00 00 00 00 00 00 48 00 00 00 01 00 00 00 
[RECV #240] len=72: 05 04 00 00 00 00 00 00 00 00 00 00 00 00 00 00 00 00 00 00 00 00 00 00 00 00 00 00 00 00 00 00 
[RECV_HDR #241] len=16: 01 00 00 00 00 00 00 00 58 00 00 00 10 00 00 00 
[RECV #242] len=88: 02 00 00 00 03 00 00 00 00 00 00 00 00 00 00 00 03 00 00 00 10 00 00 00 01 00 00 00 00 00 00 00 
[RECV_HDR #243] len=16: 01 00 00 00 00 00 00 00 58 00 00 00 10 00 00 00 
[RECV #244] len=88: 02 00 00 00 03 00 00 00 00 00 00 00 00 00 00 00 03 00 00 00 10 00 00 00 02 00 00 00 00 00 00 00 
[RECV_HDR #245] len=16: 00 00 00 00 00 00 00 00 68 00 00 00 11 00 00 00 
[RECV #246] len=104: 00 00 00 00 00 00 00 00 00 00 00 00 00 00 00 00 00 00 00 00 00 00 00 00 10 00 00 00 10 00 00 00 
[RECV_HDR #247] len=16: 01 00 00 00 00 00 00 00 58 00 00 00 10 00 00 00 
[RECV #248] len=88: 02 00 00 00 03 00 00 00 00 00 00 00 00 00 00 00 03 00 00 00 10 00 00 00 01 00 00 00 00 00 00 00 
[RECV_HDR #249] len=16: 01 00 00 00 00 00 00 00 58 00 00 00 10 00 00 00 
[RECV #250] len=88: 02 00 00 00 03 00 00 00 00 00 00 00 00 00 00 00 03 00 00 00 10 00 00 00 02 00 00 00 00 00 00 00 
[RECV_HDR #251] len=16: 00 00 00 00 00 00 00 00 68 00 00 00 11 00 00 00 
[RECV #252] len=104: 00 00 00 00 00 00 00 00 02 00 00 00 00 00 00 00 00 00 00 00 00 00 00 00 10 00 00 00 10 00 00 00 
[RECV_HDR #253] len=16: 01 00 00 00 00 00 00 00 48 00 00 00 01 00 00 00 
[RECV #254] len=72: 03 00 00 00 00 00 00 00 00 00 00 00 00 00 00 00 02 00 00 00 00 00 00 00 00 00 00 00 00 00 00 00 
[RECV_HDR #255] len=16: 01 00 00 00 00 00 00 00 48 00 00 00 01 00 00 00 
[RECV #256] len=72: 03 00 00 00 00 00 00 00 00 00 00 00 00 00 00 00 03 00 00 00 00 00 00 00 00 00 00 00 00 00 00 00 
[RECV_HDR #257] len=16: 01 00 00 00 00 00 00 00 58 00 00 00 10 00 00 00 
[RECV #258] len=88: 02 00 00 00 03 00 00 00 00 00 00 00 00 00 00 00 03 00 00 00 10 00 00 00 01 00 00 00 00 00 00 00 
[RECV_HDR #259] len=16: 01 00 00 00 00 00 00 00 58 00 00 00 10 00 00 00 
[RECV #260] len=88: 02 00 00 00 03 00 00 00 00 00 00 00 00 00 00 00 03 00 00 00 10 00 00 00 02 00 00 00 00 00 00 00 
[RECV_HDR #261] len=16: 00 00 00 00 00 00 00 00 58 35 00 00 81 35 00 00 
[RECV #262] len=13656: 00 00 00 00 00 00 00 00 02 00 00 00 00 00 00 00 00 00 00 00 00 00 00 00 10 00 00 00 00 20 00 00 
[RECV_HDR #263] len=16: 01 00 00 00 00 00 00 00 48 00 00 00 01 00 00 00 
[RECV #264] len=72: 03 00 00 00 00 00 00 00 00 00 00 00 00 00 00 00 02 00 00 00 00 00 00 00 00 00 00 00 00 00 00 00 
[RECV_HDR #265] len=16: 01 00 00 00 00 00 00 00 48 00 00 00 01 00 00 00 
[RECV #266] len=72: 03 00 00 00 00 00 00 00 00 00 00 00 00 00 00 00 03 00 00 00 00 00 00 00 00 00 00 00 00 00 00 00 
[RECV_HDR #267] len=16: 01 00 00 00 00 00 00 00 58 00 00 00 10 00 00 00 
[RECV #268] len=88: 02 00 00 00 03 00 00 00 00 00 00 00 00 00 00 00 03 00 00 00 10 00 00 00 01 00 00 00 00 00 00 00 
[RECV_HDR #269] len=16: 01 00 00 00 00 00 00 00 58 00 00 00 10 00 00 00 
[RECV #270] len=88: 02 00 00 00 03 00 00 00 00 00 00 00 00 00 00 00 03 00 00 00 10 00 00 00 02 00 00 00 00 00 00 00 
[RECV_HDR #271] len=16: 00 00 00 00 00 00 00 00 d8 35 00 00 81 35 00 00 
[RECV #272] len=13784: 01 00 00 00 00 00 00 00 03 00 00 00 00 00 00 00 00 00 00 00 00 00 00 00 10 00 00 00 00 20 00 00 
[RECV_HDR #273] len=16: 01 00 00 00 00 00 00 00 48 00 00 00 01 00 00 00 
[RECV #274] len=72: 03 00 00 00 00 00 00 00 00 00 00 00 00 00 00 00 02 00 00 00 00 00 00 00 00 00 00 00 00 00 00 00 
[RECV_HDR #275] len=16: 01 00 00 00 00 00 00 00 48 00 00 00 01 00 00 00 
[RECV #276] len=72: 03 00 00 00 00 00 00 00 00 00 00 00 00 00 00 00 03 00 00 00 00 00 00 00 00 00 00 00 00 00 00 00 
[RECV_HDR #277] len=16: 01 00 00 00 00 00 00 00 48 00 00 00 01 00 00 00 
[RECV #278] len=72: 03 00 00 00 00 00 00 00 00 00 00 00 00 00 00 00 00 00 00 00 00 00 00 00 00 00 00 00 00 00 00 00 
[RECV_HDR #279] len=16: 01 00 00 00 00 00 00 00 48 00 00 00 01 00 00 00 
[RECV #280] len=72: 03 00 00 00 00 00 00 00 00 00 00 00 00 00 00 00 01 00 00 00 00 00 00 00 00 00 00 00 00 00 00 00 