[SEND_HDR #247] iov_cnt=1 total_len=12:
01 00 00 00 01 00 00 00 10 00 00 00 
[SEND #248] iov_cnt=1 total_len=16:
00 00 00 00 00 00 00 00 00 00 00 00 00 00 00 00 
[SEND_HDR #249] iov_cnt=1 total_len=12:
01 00 00 00 01 00 00 00 10 00 00 00 
[SEND #250] iov_cnt=1 total_len=16:
01 00 00 00 00 00 00 00 00 00 00 00 00 00 00 00 
[SEND_HDR #251] iov_cnt=1 total_len=12:
00 00 00 00 00 00 00 00 11 00 00 00 
[SEND #252] iov_cnt=1 total_len=17:
df 55 6a 33 43 8d b8 7b c4 1b 17 52 c5 5e 5e 49 00 
[SEND_HDR #253] iov_cnt=1 total_len=12:
01 00 00 00 01 00 00 00 10 00 00 00 
[SEND #254] iov_cnt=1 total_len=16:
02 00 00 00 00 00 00 00 00 00 00 00 00 00 00 00 
[SEND_HDR #255] iov_cnt=1 total_len=12:
01 00 00 00 01 00 00 00 10 00 00 00 
[SEND #256] iov_cnt=1 total_len=16:
03 00 00 00 00 00 00 00 00 00 00 00 00 00 00 00 
[SEND_HDR #257] iov_cnt=1 total_len=12:
00 00 00 00 00 00 00 00 11 00 00 00 
[SEND #258] iov_cnt=1 total_len=17:
b7 97 2b 39 41 c4 4b 90 af a7 b2 64 bf ba 73 87 00 
[SEND_HDR #259] iov_cnt=1 total_len=12:
01 00 00 00 01 00 00 00 01 00 00 00 
[SEND #260] iov_cnt=1 total_len=1:
00 
[SEND_HDR #261] iov_cnt=1 total_len=12:
01 00 00 00 01 00 00 00 01 00 00 00 
[SEND #262] iov_cnt=1 total_len=1:
00 
[SEND_HDR #263] iov_cnt=1 total_len=12:
01 00 00 00 01 00 00 00 10 00 00 00 
[SEND #264] iov_cnt=1 total_len=16:
02 00 00 00 00 00 00 00 00 00 00 00 00 00 00 00 
[SEND_HDR #265] iov_cnt=1 total_len=12:
01 00 00 00 01 00 00 00 10 00 00 00 
[SEND #266] iov_cnt=1 total_len=16:
03 00 00 00 00 00 00 00 00 00 00 00 00 00 00 00 
[SEND_HDR #267] iov_cnt=1 total_len=12:
00 00 00 00 00 00 00 00 01 04 00 00 
[SEND #268] iov_cnt=1 total_len=1025:
9c c6 99 24 11 eb 3c 12 4b 15 a8 65 09 b6 27 10 f1 83 9d 7f ab 7d f5 d6 88 14 c1 33 a3 56 75 23 
25 1d a9 f6 63 92 f0 42 4e 8b 58 38 5b 1c 5c 0f 4b ab fc 06 2d 78 97 79 1f dc 9c 7f bc 33 7a f8 
c4 76 34 d1 a2 9d 07 c8 7f e5 c0 4d ce ab 2f 05 11 ba 0d 9a d8 7c 7b eb 28 6f 39 ae 20 85 eb 8e 
51 b8 6e 6f 55 6e f4 94 b1 17 b9 92 6c 81 df 7c a7 80 92 0a ee fd ae 1a 74 80 e8 1c 94 f8 bf b6 
f1 54 19 e2 40 e0 67 d8 77 3b b4 ec 13 9b 40 91 b0 50 87 11 22 bf 04 5d 1b 0c 6b 3b ad 5f 1e 75 
a6 aa 60 75 4b ce c7 49 d4 d3 9e a3 9a ab 42 2a 2c 7f a1 a9 73 e3 89 95 2f cd 37 61 d1 c0 12 2a 
70 04 9f bd 13 4e 9a e9 04 5f 0d e3 e7 e2 e9 47 4b 76 5d f3 64 a0 18 c6 25 88 7c 84 44 90 ec 22 
61 7b 66 34 87 8a 64 d9 d1 00 69 89 4c eb b3 2e 5c e6 09 cb a1 38 6a 41 45 8f 23 4e 0e ac 8d 7e 
79 fd 92 c4 d6 4b c1 2f 6b 90 fb e5 13 13 cd 86 f0 15 7c 5d d4 17 bf 72 d5 b3 fd 8e ed af 77 2f 
25 5e 5f 17 01 69 62 5a a6 b2 e3 d9 13 11 a4 f8 53 29 78 b3 c3 9e 1f 77 a7 1e da 27 91 69 ab 33 
28 72 18 a2 6d 52 11 d4 31 8d 5a 7d 43 98 96 cc ee 71 8a 8b d0 d2 4f 02 88 f2 fa bf bf 2f 0d 9b 
de 6c 29 72 52 e0 c5 c2 db 72 85 57 48 77 a4 25 08 65 77 d7 b5 c8 65 c0 b3 2a 0d 1f 1b 57 b5 92 
f1 16 1d 79 94 ed b8 b6 02 f8 a6 91 a6 33 3a 1a 56 7f a8 ee fc 56 e4 1d e4 7a f2 9b dc e4 0f d2 
54 1c e6 aa f5 74 83 67 08 4a a1 99 a2 6d 20 9d e8 f8 ee c0 3c d5 6f 14 24 2d 06 7c f8 fb a5 e3 
e0 a0 5e 44 70 15 65 5c 7a 69 17 2e e2 ec 7d 06 29 f8 1d aa 0b a2 5b 58 2e 8a ab b4 2c cb ed 9d 
2a 75 35 77 f5 cf a4 65 4c 45 e9 49 26 db 3a 32 d9 a3 96 0b 64 eb 4e 42 86 25 8c 84 d5 6c c8 8d 
44 19 28 d6 85 40 04 e2 b2 fb d3 c5 1e 35 7d 22 81 5f 2d 44 9a 4c 65 52 4d 27 85 f4 07 3b d2 93 
c2 52 ad 9e 01 4f 38 a7 4b 0e 3b cc 33 b9 92 0c 01 d2 4a 8f 01 ab 72 52 34 6b 23 2b 00 8c 10 ef 
72 44 5d 5c 52 0d d7 48 05 b9 62 95 2f b1 57 33 63 da 55 66 8b 1e c1 be 7a 0f ef 29 de 10 1c f5 
7e 9f 51 50 35 61 87 8e ac 72 a6 80 f4 a7 b5 35 d0 08 dd 2d de 5c af ad 3f 44 db 7a 40 68 ef 1e 
89 2f b3 73 48 0f e7 04 d4 2f 8e 62 09 be 02 66 a2 ea 45 d6 5c 94 be 8d fe ab a5 04 7b 84 37 08 
22 02 9d 9e 5d 1c 0a 32 24 15 ac cf 82 96 08 5e c8 5d ae f0 4e 9a d5 16 e7 12 05 04 c2 9c cc da 
96 34 b6 0b 1e 43 4d e0 53 76 35 58 12 f3 62 d2 81 ff 71 e3 12 4d 57 3e 57 c6 d0 78 13 df 3e 6c 
fd e8 82 0f 68 e5 9d a2 cf fc fa d4 f6 bc 7e 26 50 75 c5 a7 54 2d 92 60 7c ce 0a 55 33 3f 36 34 
99 04 29 7f 13 3a ab c6 23 a5 e5 4a ab 9c 17 24 38 0f 43 4e c9 af 40 a0 e3 06 52 5e 09 3b 9c 5d 
d3 54 24 52 68 99 17 e4 df a8 b3 b3 17 15 c7 5f af f2 ee b5 05 70 ec c3 80 24 94 47 46 db 0a 7f 
93 de 69 f7 48 47 de f3 eb 61 c8 75 f5 3e 2e 4d a5 7d 14 7c 47 82 1c 01 8a 79 49 95 27 5e 00 73 
cf b6 bd bb 75 7c 68 34 ab a6 f3 e4 c5 9e 66 8d cc bd fd a7 93 db e2 7a b2 f8 11 db 20 65 b2 3c 
f0 da fc 66 67 02 0d 73 95 2a 86 24 50 3c ba 73 ed aa 09 07 72 77 79 39 c3 6f cd 52 bd 41 48 8e 
63 db 6c 10 0f e9 fa 6a 50 29 e0 7f ec 7e bf 53 b5 b4 f2 a2 ec 4e 7c 24 68 06 8d 22 07 84 31 27 
2a fb 9c a2 bc af 02 bd 69 20 fb 53 b3 35 b7 a9 45 3a 35 69 75 fb b4 82 31 69 41 56 68 a5 c4 f3 
e6 a3 1b 78 5e bb f7 b6 c7 77 63 a3 29 92 7b 6e 41 c5 ac 7a cd 5e 7a d5 a2 e9 ee e7 ee 2d a9 70 
00 
[SEND_HDR #269] iov_cnt=1 total_len=12:
01 00 00 00 01 00 00 00 01 00 00 00 
[SEND #270] iov_cnt=1 total_len=1:
00 
[SEND_HDR #271] iov_cnt=1 total_len=12:
01 00 00 00 01 00 00 00 01 00 00 00 
[SEND #272] iov_cnt=1 total_len=1:
00 
[SEND_HDR #273] iov_cnt=1 total_len=12:
01 00 00 00 01 00 00 00 10 00 00 00 
[SEND #274] iov_cnt=1 total_len=16:
02 00 00 00 00 00 00 00 00 00 00 00 00 00 00 00 
[SEND_HDR #275] iov_cnt=1 total_len=12:
01 00 00 00 01 00 00 00 10 00 00 00 
[SEND #276] iov_cnt=1 total_len=16:
03 00 00 00 00 00 00 00 00 00 00 00 00 00 00 00 
[SEND_HDR #277] iov_cnt=1 total_len=12:
00 00 00 00 00 00 00 00 01 04 00 00 
[SEND #278] iov_cnt=1 total_len=1025:
15 15 15 15 15 15 15 15 15 15 15 15 15 15 15 15 15 15 15 15 15 15 15 15 15 15 15 15 15 15 15 15 
15 15 15 15 15 15 15 15 15 15 15 15 15 15 15 15 15 15 15 15 15 15 15 15 15 15 15 15 15 15 15 15 
15 15 15 15 15 15 15 15 15 15 15 15 15 15 15 15 15 15 15 15 15 15 15 15 15 15 15 15 15 15 15 15 
15 15 15 15 15 15 15 15 15 15 15 15 15 15 15 15 15 15 15 15 15 15 15 15 15 15 15 15 15 15 15 15 
15 15 15 15 15 15 15 15 15 15 15 15 15 15 15 15 15 15 15 15 15 15 15 15 15 15 15 15 15 15 15 15 
15 15 15 15 15 15 15 15 15 15 15 15 15 15 15 15 15 15 15 15 15 15 15 15 15 15 15 15 15 15 15 15 
15 15 15 15 15 15 15 15 15 15 15 15 15 15 15 15 15 15 15 15 15 15 15 15 15 15 15 15 15 15 15 15 
15 15 15 15 15 15 15 15 15 15 15 15 15 15 15 15 15 15 15 15 15 15 15 15 15 15 15 15 15 15 15 15 
15 15 15 15 15 15 15 15 15 15 15 15 15 15 15 15 15 15 15 15 15 15 15 15 15 15 15 15 15 15 15 15 
15 15 15 15 15 15 15 15 15 15 15 15 15 15 15 15 15 15 15 15 15 15 15 15 15 15 15 15 15 15 15 15 
15 15 15 15 15 15 15 15 15 15 15 15 15 15 15 15 15 15 15 15 15 15 15 15 15 15 15 15 15 15 15 15 
15 15 15 15 15 15 15 15 15 15 15 15 15 15 15 15 15 15 15 15 15 15 15 15 15 15 15 15 15 15 15 15 
15 15 15 15 15 15 15 15 15 15 15 15 15 15 15 15 15 15 15 15 15 15 15 15 15 15 15 15 15 15 15 15 
15 15 15 15 15 15 15 15 15 15 15 15 15 15 15 15 15 15 15 15 15 15 15 15 15 15 15 15 15 15 15 15 
15 15 15 15 15 15 15 15 15 15 15 15 15 15 15 15 15 15 15 15 15 15 15 15 15 15 15 15 15 15 15 15 
15 15 15 15 15 15 15 15 15 15 15 15 15 15 15 15 15 15 15 15 15 15 15 15 15 15 15 15 15 15 15 15 
15 15 15 15 15 15 15 15 15 15 15 15 15 15 15 15 15 15 15 15 15 15 15 15 15 15 15 15 15 15 15 15 
15 15 15 15 15 15 15 15 15 15 15 15 15 15 15 15 15 15 15 15 15 15 15 15 15 15 15 15 15 15 15 15 
15 15 15 15 15 15 15 15 15 15 15 15 15 15 15 15 15 15 15 15 15 15 15 15 15 15 15 15 15 15 15 15 
15 15 15 15 15 15 15 15 15 15 15 15 15 15 15 15 15 15 15 15 15 15 15 15 15 15 15 15 15 15 15 15 
15 15 15 15 15 15 15 15 15 15 15 15 15 15 15 15 15 15 15 15 15 15 15 15 15 15 15 15 15 15 15 15 
15 15 15 15 15 15 15 15 15 15 15 15 15 15 15 15 15 15 15 15 15 15 15 15 15 15 15 15 15 15 15 15 
15 15 15 15 15 15 15 15 15 15 15 15 15 15 15 15 15 15 15 15 15 15 15 15 15 15 15 15 15 15 15 15 
15 15 15 15 15 15 15 15 15 15 15 15 15 15 15 15 15 15 15 15 15 15 15 15 15 15 15 15 15 15 15 15 
15 15 15 15 15 15 15 15 15 15 15 15 15 15 15 15 15 15 15 15 15 15 15 15 15 15 15 15 15 15 15 15 
15 15 15 15 15 15 15 15 15 15 15 15 15 15 15 15 15 15 15 15 15 15 15 15 15 15 15 15 15 15 15 15 
15 15 15 15 15 15 15 15 15 15 15 15 15 15 15 15 15 15 15 15 15 15 15 15 15 15 15 15 15 15 15 15 
15 15 15 15 15 15 15 15 15 15 15 15 15 15 15 15 15 15 15 15 15 15 15 15 15 15 15 15 15 15 15 15 
15 15 15 15 15 15 15 15 15 15 15 15 15 15 15 15 15 15 15 15 15 15 15 15 15 15 15 15 15 15 15 15 
15 15 15 15 15 15 15 15 15 15 15 15 15 15 15 15 15 15 15 15 15 15 15 15 15 15 15 15 15 15 15 15 
15 15 15 15 15 15 15 15 15 15 15 15 15 15 15 15 15 15 15 15 15 15 15 15 15 15 15 15 15 15 15 15 
15 15 15 15 15 15 15 15 15 15 15 15 15 15 15 15 15 15 15 15 15 15 15 15 15 15 15 15 15 15 15 15 
00 
[SEND_HDR #279] iov_cnt=1 total_len=12:
01 00 00 00 01 00 00 00 01 00 00 00 
[SEND #280] iov_cnt=1 total_len=1:
00 
[SEND_HDR #281] iov_cnt=1 total_len=12:
01 00 00 00 01 00 00 00 01 00 00 00 
[SEND #282] iov_cnt=1 total_len=1:
00 
[SEND_HDR #283] iov_cnt=1 total_len=12:
01 00 00 00 01 00 00 00 01 00 00 00 
[SEND #284] iov_cnt=1 total_len=1:
00 
[SEND_HDR #285] iov_cnt=1 total_len=12:
01 00 00 00 01 00 00 00 01 00 00 00 
[SEND #286] iov_cnt=1 total_len=1:
00 
[SEND_HDR #287] iov_cnt=1 total_len=12:
01 00 00 00 01 00 00 00 10 00 00 00 
[SEND #288] iov_cnt=1 total_len=16:
00 00 00 00 00 00 00 00 00 00 00 00 00 00 00 00 
[SEND_HDR #289] iov_cnt=1 total_len=12:
01 00 00 00 01 00 00 00 10 00 00 00 
[SEND #290] iov_cnt=1 total_len=16:
01 00 00 00 00 00 00 00 00 00 00 00 00 00 00 00 
[SEND_HDR #291] iov_cnt=1 total_len=12:
00 00 00 00 00 00 00 00 11 00 00 00 
[SEND #292] iov_cnt=1 total_len=17:
df 55 6a 33 43 8d b8 7b c4 1b 17 52 c5 5e 5e 49 00 
[SEND_HDR #293] iov_cnt=1 total_len=12:
01 00 00 00 01 00 00 00 10 00 00 00 
[SEND #294] iov_cnt=1 total_len=16:
02 00 00 00 00 00 00 00 00 00 00 00 00 00 00 00 
[SEND_HDR #295] iov_cnt=1 total_len=12:
01 00 00 00 01 00 00 00 10 00 00 00 
[SEND #296] iov_cnt=1 total_len=16:
03 00 00 00 00 00 00 00 00 00 00 00 00 00 00 00 
[SEND_HDR #297] iov_cnt=1 total_len=12:
00 00 00 00 00 00 00 00 11 00 00 00 
[SEND #298] iov_cnt=1 total_len=17:
b7 97 2b 39 41 c4 4b 90 af a7 b2 64 bf ba 73 87 00 
[SEND_HDR #299] iov_cnt=1 total_len=12:
01 00 00 00 01 00 00 00 01 00 00 00 
[SEND #300] iov_cnt=1 total_len=1:
00 
[SEND_HDR #301] iov_cnt=1 total_len=12:
01 00 00 00 01 00 00 00 01 00 00 00 
[SEND #302] iov_cnt=1 total_len=1:
00 
[SEND_HDR #303] iov_cnt=1 total_len=12:
01 00 00 00 01 00 00 00 10 00 00 00 
[SEND #304] iov_cnt=1 total_len=16:
02 00 00 00 00 00 00 00 00 00 00 00 00 00 00 00 
[SEND_HDR #305] iov_cnt=1 total_len=12:
01 00 00 00 01 00 00 00 10 00 00 00 
[SEND #306] iov_cnt=1 total_len=16:
03 00 00 00 00 00 00 00 00 00 00 00 00 00 00 00 
[SEND_HDR #307] iov_cnt=1 total_len=12:
00 00 00 00 00 00 00 00 01 04 00 00 
[SEND #308] iov_cnt=1 total_len=1025:
9c c6 99 24 11 eb 3c 12 4b 15 a8 65 09 b6 27 10 f1 83 9d 7f ab 7d f5 d6 88 14 c1 33 a3 56 75 23 
25 1d a9 f6 63 92 f0 42 4e 8b 58 38 5b 1c 5c 0f 4b ab fc 06 2d 78 97 79 1f dc 9c 7f bc 33 7a f8 
c4 76 34 d1 a2 9d 07 c8 7f e5 c0 4d ce ab 2f 05 11 ba 0d 9a d8 7c 7b eb 28 6f 39 ae 20 85 eb 8e 
51 b8 6e 6f 55 6e f4 94 b1 17 b9 92 6c 81 df 7c a7 80 92 0a ee fd ae 1a 74 80 e8 1c 94 f8 bf b6 
f1 54 19 e2 40 e0 67 d8 77 3b b4 ec 13 9b 40 91 b0 50 87 11 22 bf 04 5d 1b 0c 6b 3b ad 5f 1e 75 
a6 aa 60 75 4b ce c7 49 d4 d3 9e a3 9a ab 42 2a 2c 7f a1 a9 73 e3 89 95 2f cd 37 61 d1 c0 12 2a 
70 04 9f bd 13 4e 9a e9 04 5f 0d e3 e7 e2 e9 47 4b 76 5d f3 64 a0 18 c6 25 88 7c 84 44 90 ec 22 
61 7b 66 34 87 8a 64 d9 d1 00 69 89 4c eb b3 2e 5c e6 09 cb a1 38 6a 41 45 8f 23 4e 0e ac 8d 7e 
79 fd 92 c4 d6 4b c1 2f 6b 90 fb e5 13 13 cd 86 f0 15 7c 5d d4 17 bf 72 d5 b3 fd 8e ed af 77 2f 
25 5e 5f 17 01 69 62 5a a6 b2 e3 d9 13 11 a4 f8 53 29 78 b3 c3 9e 1f 77 a7 1e da 27 91 69 ab 33 
28 72 18 a2 6d 52 11 d4 31 8d 5a 7d 43 98 96 cc ee 71 8a 8b d0 d2 4f 02 88 f2 fa bf bf 2f 0d 9b 
de 6c 29 72 52 e0 c5 c2 db 72 85 57 48 77 a4 25 08 65 77 d7 b5 c8 65 c0 b3 2a 0d 1f 1b 57 b5 92 
f1 16 1d 79 94 ed b8 b6 02 f8 a6 91 a6 33 3a 1a 56 7f a8 ee fc 56 e4 1d e4 7a f2 9b dc e4 0f d2 
54 1c e6 aa f5 74 83 67 08 4a a1 99 a2 6d 20 9d e8 f8 ee c0 3c d5 6f 14 24 2d 06 7c f8 fb a5 e3 
e0 a0 5e 44 70 15 65 5c 7a 69 17 2e e2 ec 7d 06 29 f8 1d aa 0b a2 5b 58 2e 8a ab b4 2c cb ed 9d 
2a 75 35 77 f5 cf a4 65 4c 45 e9 49 26 db 3a 32 d9 a3 96 0b 64 eb 4e 42 86 25 8c 84 d5 6c c8 8d 
44 19 28 d6 85 40 04 e2 b2 fb d3 c5 1e 35 7d 22 81 5f 2d 44 9a 4c 65 52 4d 27 85 f4 07 3b d2 93 
c2 52 ad 9e 01 4f 38 a7 4b 0e 3b cc 33 b9 92 0c 01 d2 4a 8f 01 ab 72 52 34 6b 23 2b 00 8c 10 ef 
72 44 5d 5c 52 0d d7 48 05 b9 62 95 2f b1 57 33 63 da 55 66 8b 1e c1 be 7a 0f ef 29 de 10 1c f5 
7e 9f 51 50 35 61 87 8e ac 72 a6 80 f4 a7 b5 35 d0 08 dd 2d de 5c af ad 3f 44 db 7a 40 68 ef 1e 
89 2f b3 73 48 0f e7 04 d4 2f 8e 62 09 be 02 66 a2 ea 45 d6 5c 94 be 8d fe ab a5 04 7b 84 37 08 
22 02 9d 9e 5d 1c 0a 32 24 15 ac cf 82 96 08 5e c8 5d ae f0 4e 9a d5 16 e7 12 05 04 c2 9c cc da 
96 34 b6 0b 1e 43 4d e0 53 76 35 58 12 f3 62 d2 81 ff 71 e3 12 4d 57 3e 57 c6 d0 78 13 df 3e 6c 
fd e8 82 0f 68 e5 9d a2 cf fc fa d4 f6 bc 7e 26 50 75 c5 a7 54 2d 92 60 7c ce 0a 55 33 3f 36 34 
99 04 29 7f 13 3a ab c6 23 a5 e5 4a ab 9c 17 24 38 0f 43 4e c9 af 40 a0 e3 06 52 5e 09 3b 9c 5d 
d3 54 24 52 68 99 17 e4 df a8 b3 b3 17 15 c7 5f af f2 ee b5 05 70 ec c3 80 24 94 47 46 db 0a 7f 
93 de 69 f7 48 47 de f3 eb 61 c8 75 f5 3e 2e 4d a5 7d 14 7c 47 82 1c 01 8a 79 49 95 27 5e 00 73 
cf b6 bd bb 75 7c 68 34 ab a6 f3 e4 c5 9e 66 8d cc bd fd a7 93 db e2 7a b2 f8 11 db 20 65 b2 3c 
f0 da fc 66 67 02 0d 73 95 2a 86 24 50 3c ba 73 ed aa 09 07 72 77 79 39 c3 6f cd 52 bd 41 48 8e 
63 db 6c 10 0f e9 fa 6a 50 29 e0 7f ec 7e bf 53 b5 b4 f2 a2 ec 4e 7c 24 68 06 8d 22 07 84 31 27 
2a fb 9c a2 bc af 02 bd 69 20 fb 53 b3 35 b7 a9 45 3a 35 69 75 fb b4 82 31 69 41 56 68 a5 c4 f3 
e6 a3 1b 78 5e bb f7 b6 c7 77 63 a3 29 92 7b 6e 41 c5 ac 7a cd 5e 7a d5 a2 e9 ee e7 ee 2d a9 70 
00 
[SEND_HDR #309] iov_cnt=1 total_len=12:
01 00 00 00 01 00 00 00 01 00 00 00 
[SEND #310] iov_cnt=1 total_len=1:
00 
[SEND_HDR #311] iov_cnt=1 total_len=12:
01 00 00 00 01 00 00 00 01 00 00 00 
[SEND #312] iov_cnt=1 total_len=1:
00 
[SEND_HDR #313] iov_cnt=1 total_len=12:
01 00 00 00 01 00 00 00 10 00 00 00 
[SEND #314] iov_cnt=1 total_len=16:
02 00 00 00 00 00 00 00 00 00 00 00 00 00 00 00 
[SEND_HDR #315] iov_cnt=1 total_len=12:
01 00 00 00 01 00 00 00 10 00 00 00 
[SEND #316] iov_cnt=1 total_len=16:
03 00 00 00 00 00 00 00 00 00 00 00 00 00 00 00 
[SEND_HDR #317] iov_cnt=1 total_len=12:
00 00 00 00 00 00 00 00 01 04 00 00 
[SEND #318] iov_cnt=1 total_len=1025:
15 15 15 15 15 15 15 15 15 15 15 15 15 15 15 15 15 15 15 15 15 15 15 15 15 15 15 15 15 15 15 15 
15 15 15 15 15 15 15 15 15 15 15 15 15 15 15 15 15 15 15 15 15 15 15 15 15 15 15 15 15 15 15 15 
15 15 15 15 15 15 15 15 15 15 15 15 15 15 15 15 15 15 15 15 15 15 15 15 15 15 15 15 15 15 15 15 
15 15 15 15 15 15 15 15 15 15 15 15 15 15 15 15 15 15 15 15 15 15 15 15 15 15 15 15 15 15 15 15 
15 15 15 15 15 15 15 15 15 15 15 15 15 15 15 15 15 15 15 15 15 15 15 15 15 15 15 15 15 15 15 15 
15 15 15 15 15 15 15 15 15 15 15 15 15 15 15 15 15 15 15 15 15 15 15 15 15 15 15 15 15 15 15 15 
15 15 15 15 15 15 15 15 15 15 15 15 15 15 15 15 15 15 15 15 15 15 15 15 15 15 15 15 15 15 15 15 
15 15 15 15 15 15 15 15 15 15 15 15 15 15 15 15 15 15 15 15 15 15 15 15 15 15 15 15 15 15 15 15 
15 15 15 15 15 15 15 15 15 15 15 15 15 15 15 15 15 15 15 15 15 15 15 15 15 15 15 15 15 15 15 15 
15 15 15 15 15 15 15 15 15 15 15 15 15 15 15 15 15 15 15 15 15 15 15 15 15 15 15 15 15 15 15 15 
15 15 15 15 15 15 15 15 15 15 15 15 15 15 15 15 15 15 15 15 15 15 15 15 15 15 15 15 15 15 15 15 
15 15 15 15 15 15 15 15 15 15 15 15 15 15 15 15 15 15 15 15 15 15 15 15 15 15 15 15 15 15 15 15 
15 15 15 15 15 15 15 15 15 15 15 15 15 15 15 15 15 15 15 15 15 15 15 15 15 15 15 15 15 15 15 15 
15 15 15 15 15 15 15 15 15 15 15 15 15 15 15 15 15 15 15 15 15 15 15 15 15 15 15 15 15 15 15 15 
15 15 15 15 15 15 15 15 15 15 15 15 15 15 15 15 15 15 15 15 15 15 15 15 15 15 15 15 15 15 15 15 
15 15 15 15 15 15 15 15 15 15 15 15 15 15 15 15 15 15 15 15 15 15 15 15 15 15 15 15 15 15 15 15 
15 15 15 15 15 15 15 15 15 15 15 15 15 15 15 15 15 15 15 15 15 15 15 15 15 15 15 15 15 15 15 15 
15 15 15 15 15 15 15 15 15 15 15 15 15 15 15 15 15 15 15 15 15 15 15 15 15 15 15 15 15 15 15 15 
15 15 15 15 15 15 15 15 15 15 15 15 15 15 15 15 15 15 15 15 15 15 15 15 15 15 15 15 15 15 15 15 
15 15 15 15 15 15 15 15 15 15 15 15 15 15 15 15 15 15 15 15 15 15 15 15 15 15 15 15 15 15 15 15 
15 15 15 15 15 15 15 15 15 15 15 15 15 15 15 15 15 15 15 15 15 15 15 15 15 15 15 15 15 15 15 15 
15 15 15 15 15 15 15 15 15 15 15 15 15 15 15 15 15 15 15 15 15 15 15 15 15 15 15 15 15 15 15 15 
15 15 15 15 15 15 15 15 15 15 15 15 15 15 15 15 15 15 15 15 15 15 15 15 15 15 15 15 15 15 15 15 
15 15 15 15 15 15 15 15 15 15 15 15 15 15 15 15 15 15 15 15 15 15 15 15 15 15 15 15 15 15 15 15 
15 15 15 15 15 15 15 15 15 15 15 15 15 15 15 15 15 15 15 15 15 15 15 15 15 15 15 15 15 15 15 15 
15 15 15 15 15 15 15 15 15 15 15 15 15 15 15 15 15 15 15 15 15 15 15 15 15 15 15 15 15 15 15 15 
15 15 15 15 15 15 15 15 15 15 15 15 15 15 15 15 15 15 15 15 15 15 15 15 15 15 15 15 15 15 15 15 
15 15 15 15 15 15 15 15 15 15 15 15 15 15 15 15 15 15 15 15 15 15 15 15 15 15 15 15 15 15 15 15 
15 15 15 15 15 15 15 15 15 15 15 15 15 15 15 15 15 15 15 15 15 15 15 15 15 15 15 15 15 15 15 15 
15 15 15 15 15 15 15 15 15 15 15 15 15 15 15 15 15 15 15 15 15 15 15 15 15 15 15 15 15 15 15 15 
15 15 15 15 15 15 15 15 15 15 15 15 15 15 15 15 15 15 15 15 15 15 15 15 15 15 15 15 15 15 15 15 
15 15 15 15 15 15 15 15 15 15 15 15 15 15 15 15 15 15 15 15 15 15 15 15 15 15 15 15 15 15 15 15 
00 
[SEND_HDR #319] iov_cnt=1 total_len=12:
01 00 00 00 01 00 00 00 01 00 00 00 
[SEND #320] iov_cnt=1 total_len=1:
00 
[SEND_HDR #321] iov_cnt=1 total_len=12:
01 00 00 00 01 00 00 00 01 00 00 00 
[SEND #322] iov_cnt=1 total_len=1:
00 
[SEND_HDR #323] iov_cnt=1 total_len=12:
01 00 00 00 01 00 00 00 01 00 00 00 
[SEND #324] iov_cnt=1 total_len=1:
00 
[SEND_HDR #325] iov_cnt=1 total_len=12:
01 00 00 00 01 00 00 00 01 00 00 00 
[SEND #326] iov_cnt=1 total_len=1:
00 
[SEND_HDR #327] iov_cnt=1 total_len=12:
01 00 00 00 01 00 00 00 10 00 00 00 
[SEND #328] iov_cnt=1 total_len=16:
00 00 00 00 00 00 00 00 00 00 00 00 00 00 00 00 
[SEND_HDR #329] iov_cnt=1 total_len=12:
01 00 00 00 01 00 00 00 10 00 00 00 
[SEND #330] iov_cnt=1 total_len=16:
01 00 00 00 00 00 00 00 00 00 00 00 00 00 00 00 
[SEND_HDR #331] iov_cnt=1 total_len=12:
00 00 00 00 00 00 00 00 11 00 00 00 
[SEND #332] iov_cnt=1 total_len=17:
df 55 6a 33 43 8d b8 7b c4 1b 17 52 c5 5e 5e 49 00 
[SEND_HDR #333] iov_cnt=1 total_len=12:
01 00 00 00 01 00 00 00 10 00 00 00 
[SEND #334] iov_cnt=1 total_len=16:
02 00 00 00 00 00 00 00 00 00 00 00 00 00 00 00 
[SEND_HDR #335] iov_cnt=1 total_len=12:
01 00 00 00 01 00 00 00 10 00 00 00 
[SEND #336] iov_cnt=1 total_len=16:
03 00 00 00 00 00 00 00 00 00 00 00 00 00 00 00 
[SEND_HDR #337] iov_cnt=1 total_len=12:
00 00 00 00 00 00 00 00 11 00 00 00 
[SEND #338] iov_cnt=1 total_len=17:
b7 97 2b 39 41 c4 4b 90 af a7 b2 64 bf ba 73 87 00 
[SEND_HDR #339] iov_cnt=1 total_len=12:
01 00 00 00 01 00 00 00 01 00 00 00 
[SEND #340] iov_cnt=1 total_len=1:
00 
[SEND_HDR #341] iov_cnt=1 total_len=12:
01 00 00 00 01 00 00 00 01 00 00 00 
[SEND #342] iov_cnt=1 total_len=1:
00 
[SEND_HDR #343] iov_cnt=1 total_len=12:
01 00 00 00 01 00 00 00 10 00 00 00 
[SEND #344] iov_cnt=1 total_len=16:
02 00 00 00 00 00 00 00 00 00 00 00 00 00 00 00 
[SEND_HDR #345] iov_cnt=1 total_len=12:
01 00 00 00 01 00 00 00 10 00 00 00 
[SEND #346] iov_cnt=1 total_len=16:
03 00 00 00 00 00 00 00 00 00 00 00 00 00 00 00 
[SEND_HDR #347] iov_cnt=1 total_len=12:
00 00 00 00 00 00 00 00 01 04 00 00 
[SEND #348] iov_cnt=1 total_len=1025:
9c c6 99 24 11 eb 3c 12 4b 15 a8 65 09 b6 27 10 f1 83 9d 7f ab 7d f5 d6 88 14 c1 33 a3 56 75 23 
25 1d a9 f6 63 92 f0 42 4e 8b 58 38 5b 1c 5c 0f 4b ab fc 06 2d 78 97 79 1f dc 9c 7f bc 33 7a f8 
c4 76 34 d1 a2 9d 07 c8 7f e5 c0 4d ce ab 2f 05 11 ba 0d 9a d8 7c 7b eb 28 6f 39 ae 20 85 eb 8e 
51 b8 6e 6f 55 6e f4 94 b1 17 b9 92 6c 81 df 7c a7 80 92 0a ee fd ae 1a 74 80 e8 1c 94 f8 bf b6 
f1 54 19 e2 40 e0 67 d8 77 3b b4 ec 13 9b 40 91 b0 50 87 11 22 bf 04 5d 1b 0c 6b 3b ad 5f 1e 75 
a6 aa 60 75 4b ce c7 49 d4 d3 9e a3 9a ab 42 2a 2c 7f a1 a9 73 e3 89 95 2f cd 37 61 d1 c0 12 2a 
70 04 9f bd 13 4e 9a e9 04 5f 0d e3 e7 e2 e9 47 4b 76 5d f3 64 a0 18 c6 25 88 7c 84 44 90 ec 22 
61 7b 66 34 87 8a 64 d9 d1 00 69 89 4c eb b3 2e 5c e6 09 cb a1 38 6a 41 45 8f 23 4e 0e ac 8d 7e 
79 fd 92 c4 d6 4b c1 2f 6b 90 fb e5 13 13 cd 86 f0 15 7c 5d d4 17 bf 72 d5 b3 fd 8e ed af 77 2f 
25 5e 5f 17 01 69 62 5a a6 b2 e3 d9 13 11 a4 f8 53 29 78 b3 c3 9e 1f 77 a7 1e da 27 91 69 ab 33 
28 72 18 a2 6d 52 11 d4 31 8d 5a 7d 43 98 96 cc ee 71 8a 8b d0 d2 4f 02 88 f2 fa bf bf 2f 0d 9b 
de 6c 29 72 52 e0 c5 c2 db 72 85 57 48 77 a4 25 08 65 77 d7 b5 c8 65 c0 b3 2a 0d 1f 1b 57 b5 92 
f1 16 1d 79 94 ed b8 b6 02 f8 a6 91 a6 33 3a 1a 56 7f a8 ee fc 56 e4 1d e4 7a f2 9b dc e4 0f d2 
54 1c e6 aa f5 74 83 67 08 4a a1 99 a2 6d 20 9d e8 f8 ee c0 3c d5 6f 14 24 2d 06 7c f8 fb a5 e3 
e0 a0 5e 44 70 15 65 5c 7a 69 17 2e e2 ec 7d 06 29 f8 1d aa 0b a2 5b 58 2e 8a ab b4 2c cb ed 9d 
2a 75 35 77 f5 cf a4 65 4c 45 e9 49 26 db 3a 32 d9 a3 96 0b 64 eb 4e 42 86 25 8c 84 d5 6c c8 8d 
44 19 28 d6 85 40 04 e2 b2 fb d3 c5 1e 35 7d 22 81 5f 2d 44 9a 4c 65 52 4d 27 85 f4 07 3b d2 93 
c2 52 ad 9e 01 4f 38 a7 4b 0e 3b cc 33 b9 92 0c 01 d2 4a 8f 01 ab 72 52 34 6b 23 2b 00 8c 10 ef 
72 44 5d 5c 52 0d d7 48 05 b9 62 95 2f b1 57 33 63 da 55 66 8b 1e c1 be 7a 0f ef 29 de 10 1c f5 
7e 9f 51 50 35 61 87 8e ac 72 a6 80 f4 a7 b5 35 d0 08 dd 2d de 5c af ad 3f 44 db 7a 40 68 ef 1e 
89 2f b3 73 48 0f e7 04 d4 2f 8e 62 09 be 02 66 a2 ea 45 d6 5c 94 be 8d fe ab a5 04 7b 84 37 08 
22 02 9d 9e 5d 1c 0a 32 24 15 ac cf 82 96 08 5e c8 5d ae f0 4e 9a d5 16 e7 12 05 04 c2 9c cc da 
96 34 b6 0b 1e 43 4d e0 53 76 35 58 12 f3 62 d2 81 ff 71 e3 12 4d 57 3e 57 c6 d0 78 13 df 3e 6c 
fd e8 82 0f 68 e5 9d a2 cf fc fa d4 f6 bc 7e 26 50 75 c5 a7 54 2d 92 60 7c ce 0a 55 33 3f 36 34 
99 04 29 7f 13 3a ab c6 23 a5 e5 4a ab 9c 17 24 38 0f 43 4e c9 af 40 a0 e3 06 52 5e 09 3b 9c 5d 
d3 54 24 52 68 99 17 e4 df a8 b3 b3 17 15 c7 5f af f2 ee b5 05 70 ec c3 80 24 94 47 46 db 0a 7f 
93 de 69 f7 48 47 de f3 eb 61 c8 75 f5 3e 2e 4d a5 7d 14 7c 47 82 1c 01 8a 79 49 95 27 5e 00 73 
cf b6 bd bb 75 7c 68 34 ab a6 f3 e4 c5 9e 66 8d cc bd fd a7 93 db e2 7a b2 f8 11 db 20 65 b2 3c 
f0 da fc 66 67 02 0d 73 95 2a 86 24 50 3c ba 73 ed aa 09 07 72 77 79 39 c3 6f cd 52 bd 41 48 8e 
63 db 6c 10 0f e9 fa 6a 50 29 e0 7f ec 7e bf 53 b5 b4 f2 a2 ec 4e 7c 24 68 06 8d 22 07 84 31 27 
2a fb 9c a2 bc af 02 bd 69 20 fb 53 b3 35 b7 a9 45 3a 35 69 75 fb b4 82 31 69 41 56 68 a5 c4 f3 
e6 a3 1b 78 5e bb f7 b6 c7 77 63 a3 29 92 7b 6e 41 c5 ac 7a cd 5e 7a d5 a2 e9 ee e7 ee 2d a9 70 
00 
[SEND_HDR #349] iov_cnt=1 total_len=12:
01 00 00 00 01 00 00 00 01 00 00 00 
[SEND #350] iov_cnt=1 total_len=1:
00 
[SEND_HDR #351] iov_cnt=1 total_len=12:
01 00 00 00 01 00 00 00 01 00 00 00 
[SEND #352] iov_cnt=1 total_len=1:
00 
[SEND_HDR #353] iov_cnt=1 total_len=12:
01 00 00 00 01 00 00 00 10 00 00 00 
[SEND #354] iov_cnt=1 total_len=16:
02 00 00 00 00 00 00 00 00 00 00 00 00 00 00 00 
[SEND_HDR #355] iov_cnt=1 total_len=12:
01 00 00 00 01 00 00 00 10 00 00 00 
[SEND #356] iov_cnt=1 total_len=16:
03 00 00 00 00 00 00 00 00 00 00 00 00 00 00 00 
[SEND_HDR #357] iov_cnt=1 total_len=12:
00 00 00 00 00 00 00 00 01 04 00 00 
[SEND #358] iov_cnt=1 total_len=1025:
15 15 15 15 15 15 15 15 15 15 15 15 15 15 15 15 15 15 15 15 15 15 15 15 15 15 15 15 15 15 15 15 
15 15 15 15 15 15 15 15 15 15 15 15 15 15 15 15 15 15 15 15 15 15 15 15 15 15 15 15 15 15 15 15 
15 15 15 15 15 15 15 15 15 15 15 15 15 15 15 15 15 15 15 15 15 15 15 15 15 15 15 15 15 15 15 15 
15 15 15 15 15 15 15 15 15 15 15 15 15 15 15 15 15 15 15 15 15 15 15 15 15 15 15 15 15 15 15 15 
15 15 15 15 15 15 15 15 15 15 15 15 15 15 15 15 15 15 15 15 15 15 15 15 15 15 15 15 15 15 15 15 
15 15 15 15 15 15 15 15 15 15 15 15 15 15 15 15 15 15 15 15 15 15 15 15 15 15 15 15 15 15 15 15 
15 15 15 15 15 15 15 15 15 15 15 15 15 15 15 15 15 15 15 15 15 15 15 15 15 15 15 15 15 15 15 15 
15 15 15 15 15 15 15 15 15 15 15 15 15 15 15 15 15 15 15 15 15 15 15 15 15 15 15 15 15 15 15 15 
15 15 15 15 15 15 15 15 15 15 15 15 15 15 15 15 15 15 15 15 15 15 15 15 15 15 15 15 15 15 15 15 
15 15 15 15 15 15 15 15 15 15 15 15 15 15 15 15 15 15 15 15 15 15 15 15 15 15 15 15 15 15 15 15 
15 15 15 15 15 15 15 15 15 15 15 15 15 15 15 15 15 15 15 15 15 15 15 15 15 15 15 15 15 15 15 15 
15 15 15 15 15 15 15 15 15 15 15 15 15 15 15 15 15 15 15 15 15 15 15 15 15 15 15 15 15 15 15 15 
15 15 15 15 15 15 15 15 15 15 15 15 15 15 15 15 15 15 15 15 15 15 15 15 15 15 15 15 15 15 15 15 
15 15 15 15 15 15 15 15 15 15 15 15 15 15 15 15 15 15 15 15 15 15 15 15 15 15 15 15 15 15 15 15 
15 15 15 15 15 15 15 15 15 15 15 15 15 15 15 15 15 15 15 15 15 15 15 15 15 15 15 15 15 15 15 15 
15 15 15 15 15 15 15 15 15 15 15 15 15 15 15 15 15 15 15 15 15 15 15 15 15 15 15 15 15 15 15 15 
15 15 15 15 15 15 15 15 15 15 15 15 15 15 15 15 15 15 15 15 15 15 15 15 15 15 15 15 15 15 15 15 
15 15 15 15 15 15 15 15 15 15 15 15 15 15 15 15 15 15 15 15 15 15 15 15 15 15 15 15 15 15 15 15 
15 15 15 15 15 15 15 15 15 15 15 15 15 15 15 15 15 15 15 15 15 15 15 15 15 15 15 15 15 15 15 15 
15 15 15 15 15 15 15 15 15 15 15 15 15 15 15 15 15 15 15 15 15 15 15 15 15 15 15 15 15 15 15 15 
15 15 15 15 15 15 15 15 15 15 15 15 15 15 15 15 15 15 15 15 15 15 15 15 15 15 15 15 15 15 15 15 
15 15 15 15 15 15 15 15 15 15 15 15 15 15 15 15 15 15 15 15 15 15 15 15 15 15 15 15 15 15 15 15 
15 15 15 15 15 15 15 15 15 15 15 15 15 15 15 15 15 15 15 15 15 15 15 15 15 15 15 15 15 15 15 15 
15 15 15 15 15 15 15 15 15 15 15 15 15 15 15 15 15 15 15 15 15 15 15 15 15 15 15 15 15 15 15 15 
15 15 15 15 15 15 15 15 15 15 15 15 15 15 15 15 15 15 15 15 15 15 15 15 15 15 15 15 15 15 15 15 
15 15 15 15 15 15 15 15 15 15 15 15 15 15 15 15 15 15 15 15 15 15 15 15 15 15 15 15 15 15 15 15 
15 15 15 15 15 15 15 15 15 15 15 15 15 15 15 15 15 15 15 15 15 15 15 15 15 15 15 15 15 15 15 15 
15 15 15 15 15 15 15 15 15 15 15 15 15 15 15 15 15 15 15 15 15 15 15 15 15 15 15 15 15 15 15 15 
15 15 15 15 15 15 15 15 15 15 15 15 15 15 15 15 15 15 15 15 15 15 15 15 15 15 15 15 15 15 15 15 
15 15 15 15 15 15 15 15 15 15 15 15 15 15 15 15 15 15 15 15 15 15 15 15 15 15 15 15 15 15 15 15 
15 15 15 15 15 15 15 15 15 15 15 15 15 15 15 15 15 15 15 15 15 15 15 15 15 15 15 15 15 15 15 15 
15 15 15 15 15 15 15 15 15 15 15 15 15 15 15 15 15 15 15 15 15 15 15 15 15 15 15 15 15 15 15 15 
00 
[SEND_HDR #359] iov_cnt=1 total_len=12:
01 00 00 00 01 00 00 00 01 00 00 00 
[SEND #360] iov_cnt=1 total_len=1:
00 
[SEND_HDR #361] iov_cnt=1 total_len=12:
01 00 00 00 01 00 00 00 01 00 00 00 
[SEND #362] iov_cnt=1 total_len=1:
00 
[SEND_HDR #363] iov_cnt=1 total_len=12:
01 00 00 00 01 00 00 00 01 00 00 00 
[SEND #364] iov_cnt=1 total_len=1:
00 
[SEND_HDR #365] iov_cnt=1 total_len=12:
01 00 00 00 01 00 00 00 01 00 00 00 
[SEND #366] iov_cnt=1 total_len=1:
00 
[SEND_HDR #367] iov_cnt=1 total_len=12:
01 00 00 00 01 00 00 00 10 00 00 00 
[SEND #368] iov_cnt=1 total_len=16:
00 00 00 00 00 00 00 00 00 00 00 00 00 00 00 00 
[SEND_HDR #369] iov_cnt=1 total_len=12:
01 00 00 00 01 00 00 00 10 00 00 00 
[SEND #370] iov_cnt=1 total_len=16:
01 00 00 00 00 00 00 00 00 00 00 00 00 00 00 00 
[SEND_HDR #371] iov_cnt=1 total_len=12:
00 00 00 00 00 00 00 00 11 00 00 00 
[SEND #372] iov_cnt=1 total_len=17:
df 55 6a 33 43 8d b8 7b c4 1b 17 52 c5 5e 5e 49 00 
[SEND_HDR #373] iov_cnt=1 total_len=12:
01 00 00 00 01 00 00 00 10 00 00 00 
[SEND #374] iov_cnt=1 total_len=16:
02 00 00 00 00 00 00 00 00 00 00 00 00 00 00 00 
[SEND_HDR #375] iov_cnt=1 total_len=12:
01 00 00 00 01 00 00 00 10 00 00 00 
[SEND #376] iov_cnt=1 total_len=16:
03 00 00 00 00 00 00 00 00 00 00 00 00 00 00 00 
[SEND_HDR #377] iov_cnt=1 total_len=12:
00 00 00 00 00 00 00 00 11 00 00 00 
[SEND #378] iov_cnt=1 total_len=17:
b7 97 2b 39 41 c4 4b 90 af a7 b2 64 bf ba 73 87 00 
[SEND_HDR #379] iov_cnt=1 total_len=12:
01 00 00 00 01 00 00 00 01 00 00 00 
[SEND #380] iov_cnt=1 total_len=1:
00 
[SEND_HDR #381] iov_cnt=1 total_len=12:
01 00 00 00 01 00 00 00 01 00 00 00 
[SEND #382] iov_cnt=1 total_len=1:
00 
[SEND_HDR #383] iov_cnt=1 total_len=12:
01 00 00 00 01 00 00 00 10 00 00 00 
[SEND #384] iov_cnt=1 total_len=16:
02 00 00 00 00 00 00 00 00 00 00 00 00 00 00 00 
[SEND_HDR #385] iov_cnt=1 total_len=12:
01 00 00 00 01 00 00 00 10 00 00 00 
[SEND #386] iov_cnt=1 total_len=16:
03 00 00 00 00 00 00 00 00 00 00 00 00 00 00 00 
[SEND_HDR #387] iov_cnt=1 total_len=12:
00 00 00 00 00 00 00 00 a1 07 00 00 
[SEND #388] iov_cnt=1 total_len=1953:
9c c6 99 24 11 eb 3c 12 4b 15 a8 65 09 b6 27 10 f1 83 9d 7f ab 7d f5 d6 88 14 c1 33 a3 56 75 23 
25 1d a9 f6 63 92 f0 42 4e 8b 58 38 5b 1c 5c 0f 4b ab fc 06 2d 78 97 79 1f dc 9c 7f bc 33 7a f8 
c4 76 34 d1 a2 9d 07 c8 7f e5 c0 4d ce ab 2f 05 11 ba 0d 9a d8 7c 7b eb 28 6f 39 ae 20 85 eb 8e 
51 b8 6e 6f 55 6e f4 94 b1 17 b9 92 6c 81 df 7c a7 80 92 0a ee fd ae 1a 74 80 e8 1c 94 f8 bf b6 
f1 54 19 e2 40 e0 67 d8 77 3b b4 ec 13 9b 40 91 b0 50 87 11 22 bf 04 5d 1b 0c 6b 3b ad 5f 1e 75 
a6 aa 60 75 4b ce c7 49 d4 d3 9e a3 9a ab 42 2a 2c 7f a1 a9 73 e3 89 95 2f cd 37 61 d1 c0 12 2a 
70 04 9f bd 13 4e 9a e9 04 5f 0d e3 e7 e2 e9 47 4b 76 5d f3 64 a0 18 c6 25 88 7c 84 44 90 ec 22 
61 7b 66 34 87 8a 64 d9 d1 00 69 89 4c eb b3 2e 5c e6 09 cb a1 38 6a 41 45 8f 23 4e 0e ac 8d 7e 
79 fd 92 c4 d6 4b c1 2f 6b 90 fb e5 13 13 cd 86 f0 15 7c 5d d4 17 bf 72 d5 b3 fd 8e ed af 77 2f 
25 5e 5f 17 01 69 62 5a a6 b2 e3 d9 13 11 a4 f8 53 29 78 b3 c3 9e 1f 77 a7 1e da 27 91 69 ab 33 
28 72 18 a2 6d 52 11 d4 31 8d 5a 7d 43 98 96 cc ee 71 8a 8b d0 d2 4f 02 88 f2 fa bf bf 2f 0d 9b 
de 6c 29 72 52 e0 c5 c2 db 72 85 57 48 77 a4 25 08 65 77 d7 b5 c8 65 c0 b3 2a 0d 1f 1b 57 b5 92 
f1 16 1d 79 94 ed b8 b6 02 f8 a6 91 a6 33 3a 1a 56 7f a8 ee fc 56 e4 1d e4 7a f2 9b dc e4 0f d2 
54 1c e6 aa f5 74 83 67 08 4a a1 99 a2 6d 20 9d e8 f8 ee c0 3c d5 6f 14 24 2d 06 7c f8 fb a5 e3 
e0 a0 5e 44 70 15 65 5c 7a 69 17 2e e2 ec 7d 06 29 f8 1d aa 0b a2 5b 58 2e 8a ab b4 2c cb ed 9d 
2a 75 35 77 f5 cf a4 65 4c 45 e9 49 26 db 3a 32 d9 a3 96 0b 64 eb 4e 42 86 25 8c 84 d5 6c c8 8d 
44 19 28 d6 85 40 04 e2 b2 fb d3 c5 1e 35 7d 22 81 5f 2d 44 9a 4c 65 52 4d 27 85 f4 07 3b d2 93 
c2 52 ad 9e 01 4f 38 a7 4b 0e 3b cc 33 b9 92 0c 01 d2 4a 8f 01 ab 72 52 34 6b 23 2b 00 8c 10 ef 
72 44 5d 5c 52 0d d7 48 05 b9 62 95 2f b1 57 33 63 da 55 66 8b 1e c1 be 7a 0f ef 29 de 10 1c f5 
7e 9f 51 50 35 61 87 8e ac 72 a6 80 f4 a7 b5 35 d0 08 dd 2d de 5c af ad 3f 44 db 7a 40 68 ef 1e 
89 2f b3 73 48 0f e7 04 d4 2f 8e 62 09 be 02 66 a2 ea 45 d6 5c 94 be 8d fe ab a5 04 7b 84 37 08 
22 02 9d 9e 5d 1c 0a 32 24 15 ac cf 82 96 08 5e c8 5d ae f0 4e 9a d5 16 e7 12 05 04 c2 9c cc da 
96 34 b6 0b 1e 43 4d e0 53 76 35 58 12 f3 62 d2 81 ff 71 e3 12 4d 57 3e 57 c6 d0 78 13 df 3e 6c 
fd e8 82 0f 68 e5 9d a2 cf fc fa d4 f6 bc 7e 26 50 75 c5 a7 54 2d 92 60 7c ce 0a 55 33 3f 36 34 
99 04 29 7f 13 3a ab c6 23 a5 e5 4a ab 9c 17 24 38 0f 43 4e c9 af 40 a0 e3 06 52 5e 09 3b 9c 5d 
d3 54 24 52 68 99 17 e4 df a8 b3 b3 17 15 c7 5f af f2 ee b5 05 70 ec c3 80 24 94 47 46 db 0a 7f 
93 de 69 f7 48 47 de f3 eb 61 c8 75 f5 3e 2e 4d a5 7d 14 7c 47 82 1c 01 8a 79 49 95 27 5e 00 73 
cf b6 bd bb 75 7c 68 34 ab a6 f3 e4 c5 9e 66 8d cc bd fd a7 93 db e2 7a b2 f8 11 db 20 65 b2 3c 
f0 da fc 66 67 02 0d 73 95 2a 86 24 50 3c ba 73 ed aa 09 07 72 77 79 39 c3 6f cd 52 bd 41 48 8e 
63 db 6c 10 0f e9 fa 6a 50 29 e0 7f ec 7e bf 53 b5 b4 f2 a2 ec 4e 7c 24 68 06 8d 22 07 84 31 27 
2a fb 9c a2 bc af 02 bd 69 20 fb 53 b3 35 b7 a9 45 3a 35 69 75 fb b4 82 31 69 41 56 68 a5 c4 f3 
e6 a3 1b 78 5e bb f7 b6 c7 77 63 a3 29 92 7b 6e 41 c5 ac 7a cd 5e 7a d5 a2 e9 ee e7 ee 2d a9 70 
00 00 00 00 00 00 00 00 00 00 00 00 00 00 00 00 00 00 00 00 00 00 00 00 00 00 00 00 00 00 00 00 
00 00 00 00 00 00 00 00 00 00 00 00 00 00 00 00 00 00 00 00 00 00 00 00 00 00 00 00 00 00 00 00 
00 00 00 00 00 00 00 00 00 00 00 00 00 00 00 00 00 00 00 00 00 00 00 00 00 00 00 00 00 00 00 00 
00 00 00 00 00 00 00 00 00 00 00 00 00 00 00 00 00 00 00 00 00 00 00 00 00 00 00 00 00 00 00 00 
00 00 00 00 00 00 00 00 00 00 00 00 00 00 00 00 00 00 00 00 00 00 00 00 00 00 00 00 00 00 00 00 
00 00 00 00 00 00 00 00 00 00 00 00 00 00 00 00 00 00 00 00 00 00 00 00 00 00 00 00 00 00 00 00 
00 00 00 00 00 00 00 00 00 00 00 00 00 00 00 00 00 00 00 00 00 00 00 00 00 00 00 00 00 00 00 00 
00 00 00 00 00 00 00 00 00 00 00 00 00 00 00 00 00 00 00 00 00 00 00 00 00 00 00 00 00 00 00 00 
00 00 00 00 00 00 00 00 00 00 00 00 00 00 00 00 00 00 00 00 00 00 00 00 00 00 00 00 00 00 00 00 
00 00 00 00 00 00 00 00 00 00 00 00 00 00 00 00 00 00 00 00 00 00 00 00 00 00 00 00 00 00 00 00 
00 00 00 00 00 00 00 00 00 00 00 00 00 00 00 00 00 00 00 00 00 00 00 00 00 00 00 00 00 00 00 00 
00 00 00 00 00 00 00 00 00 00 00 00 00 00 00 00 00 00 00 00 00 00 00 00 00 00 00 00 00 00 00 00 
00 00 00 00 00 00 00 00 00 00 00 00 00 00 00 00 00 00 00 00 00 00 00 00 00 00 00 00 00 00 00 00 
00 00 00 00 00 00 00 00 00 00 00 00 00 00 00 00 00 00 00 00 00 00 00 00 00 00 00 00 00 00 00 00 
00 00 00 00 00 00 00 00 00 00 00 00 00 00 00 00 00 00 00 00 00 00 00 00 00 00 00 00 00 00 00 00 
00 00 00 00 00 00 00 00 00 00 00 00 00 00 00 00 00 00 00 00 00 00 00 00 00 00 00 00 00 00 00 00 
00 00 00 00 00 00 00 00 00 00 00 00 00 00 00 00 00 00 00 00 00 00 00 00 00 00 00 00 00 00 00 00 
00 00 00 00 00 00 00 00 00 00 00 00 00 00 00 00 00 00 00 00 00 00 00 00 00 00 00 00 00 00 00 00 
00 00 00 00 00 00 00 00 00 00 00 00 00 00 00 00 00 00 00 00 00 00 00 00 00 00 00 00 00 00 00 00 
00 00 00 00 00 00 00 00 00 00 00 00 00 00 00 00 00 00 00 00 00 00 00 00 00 00 00 00 00 00 00 00 
00 00 00 00 00 00 00 00 00 00 00 00 00 00 00 00 00 00 00 00 00 00 00 00 00 00 00 00 00 00 00 00 
00 00 00 00 00 00 00 00 00 00 00 00 00 00 00 00 00 00 00 00 00 00 00 00 00 00 00 00 00 00 00 00 
00 00 00 00 00 00 00 00 00 00 00 00 00 00 00 00 00 00 00 00 00 00 00 00 00 00 00 00 00 00 00 00 
00 00 00 00 00 00 00 00 00 00 00 00 00 00 00 00 00 00 00 00 00 00 00 00 00 00 00 00 00 00 00 00 
00 00 00 00 00 00 00 00 00 00 00 00 00 00 00 00 00 00 00 00 00 00 00 00 00 00 00 00 00 00 00 00 
00 00 00 00 00 00 00 00 00 00 00 00 00 00 00 00 00 00 00 00 00 00 00 00 00 00 00 00 00 00 00 00 
00 00 00 00 00 00 00 00 00 00 00 00 00 00 00 00 00 00 00 00 00 00 00 00 00 00 00 00 00 00 00 00 
00 00 00 00 00 00 00 00 00 00 00 00 00 00 00 00 00 00 00 00 00 00 00 00 00 00 00 00 00 00 00 00 
00 00 00 00 00 00 00 00 00 00 00 00 00 00 00 00 00 00 00 00 00 00 00 00 00 00 00 00 00 00 00 00 
00 
[SEND_HDR #389] iov_cnt=1 total_len=12:
01 00 00 00 01 00 00 00 01 00 00 00 
[SEND #390] iov_cnt=1 total_len=1:
00 
[SEND_HDR #391] iov_cnt=1 total_len=12:
01 00 00 00 01 00 00 00 01 00 00 00 
[SEND #392] iov_cnt=1 total_len=1:
00 
[SEND_HDR #393] iov_cnt=1 total_len=12:
01 00 00 00 01 00 00 00 10 00 00 00 
[SEND #394] iov_cnt=1 total_len=16:
02 00 00 00 00 00 00 00 00 00 00 00 00 00 00 00 
[SEND_HDR #395] iov_cnt=1 total_len=12:
01 00 00 00 01 00 00 00 10 00 00 00 
[SEND #396] iov_cnt=1 total_len=16:
03 00 00 00 00 00 00 00 00 00 00 00 00 00 00 00 
[SEND_HDR #397] iov_cnt=1 total_len=12:
00 00 00 00 00 00 00 00 a1 07 00 00 
[SEND #398] iov_cnt=1 total_len=1953:
15 15 15 15 15 15 15 15 15 15 15 15 15 15 15 15 15 15 15 15 15 15 15 15 15 15 15 15 15 15 15 15 
15 15 15 15 15 15 15 15 15 15 15 15 15 15 15 15 15 15 15 15 15 15 15 15 15 15 15 15 15 15 15 15 
15 15 15 15 15 15 15 15 15 15 15 15 15 15 15 15 15 15 15 15 15 15 15 15 15 15 15 15 15 15 15 15 
5b 9e 21 11 ef 9c cc 03 12 c6 10 80 8d 0b 23 67 4a 24 2c 8b 37 e0 b7 e8 3a a9 29 2e ad 8e c8 e9 
4a 24 2c 8b 37 e0 b7 e8 3a a9 29 2e ad 8e c8 e9 4a 24 2c 8b 37 e0 b7 e8 3a a9 29 2e ad 8e c8 e9 
4a 24 2c 8b 37 e0 b7 e8 3a a9 29 2e ad 8e c8 e9 4a 24 2c 8b 37 e0 b7 e8 3a a9 29 2e ad 8e c8 e9 
4a 24 2c 8b 37 e0 b7 e8 3a a9 29 2e ad 8e c8 e9 4a 24 2c 8b 37 e0 b7 e8 3a a9 29 2e ad 8e c8 e9 
4a 24 2c 8b 37 e0 b7 e8 3a a9 29 2e ad 8e c8 e9 4a 24 2c 8b 37 e0 b7 e8 3a a9 29 2e ad 8e c8 e9 
4a 24 2c 8b 37 e0 b7 e8 3a a9 29 2e ad 8e c8 e9 4a 24 2c 8b 37 e0 b7 e8 3a a9 29 2e ad 8e c8 e9 
4a 24 2c 8b 37 e0 b7 e8 3a a9 29 2e ad 8e c8 e9 4a 24 2c 8b 37 e0 b7 e8 3a a9 29 2e ad 8e c8 e9 
4a 24 2c 8b 37 e0 b7 e8 3a a9 29 2e ad 8e c8 e9 4a 24 2c 8b 37 e0 b7 e8 3a a9 29 2e ad 8e c8 e9 
4a 24 2c 8b 37 e0 b7 e8 3a a9 29 2e ad 8e c8 e9 4a 24 2c 8b 37 e0 b7 e8 3a a9 29 2e ad 8e c8 e9 
4a 24 2c 8b 37 e0 b7 e8 3a a9 29 2e ad 8e c8 e9 4a 24 2c 8b 37 e0 b7 e8 3a a9 29 2e ad 8e c8 e9 
4a 24 2c 8b 37 e0 b7 e8 3a a9 29 2e ad 8e c8 e9 4a 24 2c 8b 37 e0 b7 e8 3a a9 29 2e ad 8e c8 e9 
4a 24 2c 8b 37 e0 b7 e8 3a a9 29 2e ad 8e c8 e9 4a 24 2c 8b 37 e0 b7 e8 3a a9 29 2e ad 8e c8 e9 
4a 24 2c 8b 37 e0 b7 e8 3a a9 29 2e ad 8e c8 e9 4a 24 2c 8b 37 e0 b7 e8 3a a9 29 2e ad 8e c8 e9 
4a 24 2c 8b 37 e0 b7 e8 3a a9 29 2e ad 8e c8 e9 4a 24 2c 8b 37 e0 b7 e8 3a a9 29 2e ad 8e c8 e9 
4a 24 2c 8b 37 e0 b7 e8 3a a9 29 2e ad 8e c8 e9 4a 24 2c 8b 37 e0 b7 e8 3a a9 29 2e ad 8e c8 e9 
4a 24 2c 8b 37 e0 b7 e8 3a a9 29 2e ad 8e c8 e9 4a 24 2c 8b 37 e0 b7 e8 3a a9 29 2e ad 8e c8 e9 
4a 24 2c 8b 37 e0 b7 e8 3a a9 29 2e ad 8e c8 e9 4a 24 2c 8b 37 e0 b7 e8 3a a9 29 2e ad 8e c8 e9 
4a 24 2c 8b 37 e0 b7 e8 3a a9 29 2e ad 8e c8 e9 4a 24 2c 8b 37 e0 b7 e8 3a a9 29 2e ad 8e c8 e9 
4a 24 2c 8b 37 e0 b7 e8 3a a9 29 2e ad 8e c8 e9 4a 24 2c 8b 37 e0 b7 e8 3a a9 29 2e ad 8e c8 e9 
4a 24 2c 8b 37 e0 b7 e8 3a a9 29 2e ad 8e c8 e9 4a 24 2c 8b 37 e0 b7 e8 3a a9 29 2e ad 8e c8 e9 
4a 24 2c 8b 37 e0 b7 e8 3a a9 29 2e ad 8e c8 e9 4a 24 2c 8b 37 e0 b7 e8 3a a9 29 2e ad 8e c8 e9 
4a 24 2c 8b 37 e0 b7 e8 3a a9 29 2e ad 8e c8 e9 4a 24 2c 8b 37 e0 b7 e8 3a a9 29 2e ad 8e c8 e9 
4a 24 2c 8b 37 e0 b7 e8 3a a9 29 2e ad 8e c8 e9 4a 24 2c 8b 37 e0 b7 e8 3a a9 29 2e ad 8e c8 e9 
4a 24 2c 8b 37 e0 b7 e8 3a a9 29 2e ad 8e c8 e9 4a 24 2c 8b 37 e0 b7 e8 3a a9 29 2e ad 8e c8 e9 
4a 24 2c 8b 37 e0 b7 e8 3a a9 29 2e ad 8e c8 e9 4a 24 2c 8b 37 e0 b7 e8 3a a9 29 2e ad 8e c8 e9 
4a 24 2c 8b 37 e0 b7 e8 3a a9 29 2e ad 8e c8 e9 4a 24 2c 8b 37 e0 b7 e8 3a a9 29 2e ad 8e c8 e9 
4a 24 2c 8b 37 e0 b7 e8 3a a9 29 2e ad 8e c8 e9 4a 24 2c 8b 37 e0 b7 e8 3a a9 29 2e ad 8e c8 e9 
4a 24 2c 8b 37 e0 b7 e8 3a a9 29 2e ad 8e c8 e9 4a 24 2c 8b 37 e0 b7 e8 3a a9 29 2e ad 8e c8 e9 
4a 24 2c 8b 37 e0 b7 e8 3a a9 29 2e ad 8e c8 e9 4a 24 2c 8b 37 e0 b7 e8 3a a9 29 2e ad 8e c8 e9 
00 00 00 00 00 00 00 00 00 00 00 00 00 00 00 00 00 00 00 00 00 00 00 00 00 00 00 00 00 00 00 00 
00 00 00 00 00 00 00 00 00 00 00 00 00 00 00 00 00 00 00 00 00 00 00 00 00 00 00 00 00 00 00 00 
00 00 00 00 00 00 00 00 00 00 00 00 00 00 00 00 00 00 00 00 00 00 00 00 00 00 00 00 00 00 00 00 
00 00 00 00 00 00 00 00 00 00 00 00 00 00 00 00 00 00 00 00 00 00 00 00 00 00 00 00 00 00 00 00 
00 00 00 00 00 00 00 00 00 00 00 00 00 00 00 00 00 00 00 00 00 00 00 00 00 00 00 00 00 00 00 00 
00 00 00 00 00 00 00 00 00 00 00 00 00 00 00 00 00 00 00 00 00 00 00 00 00 00 00 00 00 00 00 00 
00 00 00 00 00 00 00 00 00 00 00 00 00 00 00 00 00 00 00 00 00 00 00 00 00 00 00 00 00 00 00 00 
00 00 00 00 00 00 00 00 00 00 00 00 00 00 00 00 00 00 00 00 00 00 00 00 00 00 00 00 00 00 00 00 
00 00 00 00 00 00 00 00 00 00 00 00 00 00 00 00 00 00 00 00 00 00 00 00 00 00 00 00 00 00 00 00 
00 00 00 00 00 00 00 00 00 00 00 00 00 00 00 00 00 00 00 00 00 00 00 00 00 00 00 00 00 00 00 00 
00 00 00 00 00 00 00 00 00 00 00 00 00 00 00 00 00 00 00 00 00 00 00 00 00 00 00 00 00 00 00 00 
00 00 00 00 00 00 00 00 00 00 00 00 00 00 00 00 00 00 00 00 00 00 00 00 00 00 00 00 00 00 00 00 
00 00 00 00 00 00 00 00 00 00 00 00 00 00 00 00 00 00 00 00 00 00 00 00 00 00 00 00 00 00 00 00 
00 00 00 00 00 00 00 00 00 00 00 00 00 00 00 00 00 00 00 00 00 00 00 00 00 00 00 00 00 00 00 00 
00 00 00 00 00 00 00 00 00 00 00 00 00 00 00 00 00 00 00 00 00 00 00 00 00 00 00 00 00 00 00 00 
00 00 00 00 00 00 00 00 00 00 00 00 00 00 00 00 00 00 00 00 00 00 00 00 00 00 00 00 00 00 00 00 
00 00 00 00 00 00 00 00 00 00 00 00 00 00 00 00 00 00 00 00 00 00 00 00 00 00 00 00 00 00 00 00 
00 00 00 00 00 00 00 00 00 00 00 00 00 00 00 00 00 00 00 00 00 00 00 00 00 00 00 00 00 00 00 00 
00 00 00 00 00 00 00 00 00 00 00 00 00 00 00 00 00 00 00 00 00 00 00 00 00 00 00 00 00 00 00 00 
00 00 00 00 00 00 00 00 00 00 00 00 00 00 00 00 00 00 00 00 00 00 00 00 00 00 00 00 00 00 00 00 
00 00 00 00 00 00 00 00 00 00 00 00 00 00 00 00 00 00 00 00 00 00 00 00 00 00 00 00 00 00 00 00 
00 00 00 00 00 00 00 00 00 00 00 00 00 00 00 00 00 00 00 00 00 00 00 00 00 00 00 00 00 00 00 00 
00 00 00 00 00 00 00 00 00 00 00 00 00 00 00 00 00 00 00 00 00 00 00 00 00 00 00 00 00 00 00 00 
00 00 00 00 00 00 00 00 00 00 00 00 00 00 00 00 00 00 00 00 00 00 00 00 00 00 00 00 00 00 00 00 
00 00 00 00 00 00 00 00 00 00 00 00 00 00 00 00 00 00 00 00 00 00 00 00 00 00 00 00 00 00 00 00 
00 00 00 00 00 00 00 00 00 00 00 00 00 00 00 00 00 00 00 00 00 00 00 00 00 00 00 00 00 00 00 00 
00 00 00 00 00 00 00 00 00 00 00 00 00 00 00 00 00 00 00 00 00 00 00 00 00 00 00 00 00 00 00 00 
00 00 00 00 00 00 00 00 00 00 00 00 00 00 00 00 00 00 00 00 00 00 00 00 00 00 00 00 00 00 00 00 
00 00 00 00 00 00 00 00 00 00 00 00 00 00 00 00 00 00 00 00 00 00 00 00 00 00 00 00 00 00 00 00 
00 
[SEND_HDR #399] iov_cnt=1 total_len=12:
01 00 00 00 01 00 00 00 01 00 00 00 
[SEND #400] iov_cnt=1 total_len=1:
00 
[SEND_HDR #401] iov_cnt=1 total_len=12:
01 00 00 00 01 00 00 00 01 00 00 00 
[SEND #402] iov_cnt=1 total_len=1:
00 
[SEND_HDR #403] iov_cnt=1 total_len=12:
01 00 00 00 01 00 00 00 01 00 00 00 
[SEND #404] iov_cnt=1 total_len=1:
00 
[SEND_HDR #405] iov_cnt=1 total_len=12:
01 00 00 00 01 00 00 00 01 00 00 00 
[SEND #406] iov_cnt=1 total_len=1:
00 
