[SEND #1] iov_cnt=2 total_len=28:
  iov[0](12): 01 00 00 00 00 00 00 00 10 00 00 00 
  iov[1](16): 00 00 00 00 00 00 00 00 00 00 00 00 00 00 00 00 
[SEND #2] iov_cnt=2 total_len=525:
  iov[0](12): 00 00 00 00 00 00 00 00 01 02 00 00 
  iov[1](513): 00 01 ff ff ff ff ff ff ff ff ff ff ff ff ff ff ff ff ff ff 
[SEND #3] iov_cnt=2 total_len=13:
  iov[0](12): 01 00 00 00 00 00 00 00 01 00 00 00 
  iov[1](1): 00 
[SEND #4] iov_cnt=2 total_len=28:
  iov[0](12): 01 00 00 00 00 00 00 00 10 00 00 00 
  iov[1](16): 00 00 00 00 00 00 00 00 00 00 00 00 00 00 00 00 
[SEND #5] iov_cnt=2 total_len=525:
  iov[0](12): 00 00 00 00 00 00 00 00 01 02 00 00 
  iov[1](513): 00 01 ff ff ff ff ff ff ff ff ff ff ff ff ff ff ff ff ff ff 
[SEND #6] iov_cnt=2 total_len=13:
  iov[0](12): 01 00 00 00 00 00 00 00 01 00 00 00 
  iov[1](1): 00 
[SEND #7] iov_cnt=2 total_len=28:
  iov[0](12): 01 00 00 00 00 00 00 00 10 00 00 00 
  iov[1](16): 00 00 00 00 00 00 00 00 00 00 00 00 00 00 00 00 
[SEND #8] iov_cnt=2 total_len=525:
  iov[0](12): 00 00 00 00 00 00 00 00 01 02 00 00 
  iov[1](513): 00 01 ff ff ff ff ff ff ff ff ff ff ff ff ff ff ff ff ff ff 
[SEND #9] iov_cnt=2 total_len=13:
  iov[0](12): 01 00 00 00 00 00 00 00 01 00 00 00 
  iov[1](1): 00 
[SEND #10] iov_cnt=2 total_len=28:
  iov[0](12): 01 00 00 00 00 00 00 00 10 00 00 00 
  iov[1](16): 00 00 00 00 00 00 00 00 00 00 00 00 00 00 00 00 
[SEND #11] iov_cnt=2 total_len=525:
  iov[0](12): 00 00 00 00 00 00 00 00 01 02 00 00 
  iov[1](513): 00 01 ff ff ff ff ff ff ff ff ff ff ff ff ff ff ff ff ff ff 
[SEND #12] iov_cnt=2 total_len=13:
  iov[0](12): 01 00 00 00 00 00 00 00 01 00 00 00 
  iov[1](1): 00 
[SEND #13] iov_cnt=2 total_len=28:
  iov[0](12): 01 00 00 00 00 00 00 00 10 00 00 00 
  iov[1](16): 00 00 00 00 00 00 00 00 00 00 00 00 00 00 00 00 
[SEND #14] iov_cnt=2 total_len=525:
  iov[0](12): 00 00 00 00 00 00 00 00 01 02 00 00 
  iov[1](513): 00 01 ff ff ff ff ff ff ff ff ff ff ff ff ff ff ff ff ff ff 
[SEND #15] iov_cnt=2 total_len=13:
  iov[0](12): 01 00 00 00 00 00 00 00 01 00 00 00 
  iov[1](1): 00 
[SEND #16] iov_cnt=2 total_len=28:
  iov[0](12): 01 00 00 00 00 00 00 00 10 00 00 00 
  iov[1](16): 00 00 00 00 00 00 00 00 00 00 00 00 00 00 00 00 
[SEND #17] iov_cnt=2 total_len=525:
  iov[0](12): 00 00 00 00 00 00 00 00 01 02 00 00 
  iov[1](513): 00 01 ff ff ff ff ff ff ff ff ff ff ff ff ff ff ff ff ff ff 
[SEND #18] iov_cnt=2 total_len=28:
  iov[0](12): 01 00 00 00 00 00 00 00 10 00 00 00 
  iov[1](16): 01 00 00 00 00 00 00 00 00 00 00 00 00 00 00 00 
[SEND #19] iov_cnt=2 total_len=13:
  iov[0](12): 01 00 00 00 00 00 00 00 01 00 00 00 
  iov[1](1): 00 
[SEND #20] iov_cnt=2 total_len=525:
  iov[0](12): 00 00 00 00 00 00 00 00 01 02 00 00 
  iov[1](513): 00 01 ff ff ff ff ff ff ff ff ff ff ff ff ff ff ff ff ff ff 
[SEND #21] iov_cnt=2 total_len=13:
  iov[0](12): 01 00 00 00 00 00 00 00 01 00 00 00 
  iov[1](1): 00 
[SEND #22] iov_cnt=2 total_len=28:
  iov[0](12): 01 00 00 00 00 00 00 00 10 00 00 00 
  iov[1](16): 00 00 00 00 00 00 00 00 00 00 00 00 00 00 00 00 
[SEND #23] iov_cnt=2 total_len=525:
  iov[0](12): 00 00 00 00 00 00 00 00 01 02 00 00 
  iov[1](513): 00 01 ff ff ff ff ff ff ff ff ff ff ff ff ff ff ff ff ff ff 
[SEND #24] iov_cnt=2 total_len=13:
  iov[0](12): 01 00 00 00 00 00 00 00 01 00 00 00 
  iov[1](1): 00 
[SEND #25] iov_cnt=2 total_len=28:
  iov[0](12): 01 00 00 00 00 00 00 00 10 00 00 00 
  iov[1](16): 00 00 00 00 00 00 00 00 00 00 00 00 00 00 00 00 
[SEND #26] iov_cnt=2 total_len=525:
  iov[0](12): 00 00 00 00 00 00 00 00 01 02 00 00 
  iov[1](513): 00 01 ff ff ff ff ff ff ff ff ff ff ff ff ff ff ff ff ff ff 
[SEND #27] iov_cnt=2 total_len=13:
  iov[0](12): 01 00 00 00 00 00 00 00 01 00 00 00 
  iov[1](1): 00 
[SEND #28] iov_cnt=2 total_len=28:
  iov[0](12): 01 00 00 00 00 00 00 00 10 00 00 00 
  iov[1](16): 00 00 00 00 00 00 00 00 00 00 00 00 00 00 00 00 
[SEND #29] iov_cnt=2 total_len=525:
  iov[0](12): 00 00 00 00 00 00 00 00 01 02 00 00 
  iov[1](513): 00 01 ff ff ff ff ff ff ff ff ff ff ff ff ff ff ff ff ff ff 
[SEND #30] iov_cnt=2 total_len=13:
  iov[0](12): 01 00 00 00 00 00 00 00 01 00 00 00 
  iov[1](1): 00 
[SEND #31] iov_cnt=2 total_len=28:
  iov[0](12): 01 00 00 00 00 00 00 00 10 00 00 00 
  iov[1](16): 00 00 00 00 00 00 00 00 00 00 00 00 00 00 00 00 
[SEND #32] iov_cnt=2 total_len=525:
  iov[0](12): 00 00 00 00 00 00 00 00 01 02 00 00 
  iov[1](513): 00 01 ff ff ff ff ff ff ff ff ff ff ff ff ff ff ff ff ff ff 
[SEND #33] iov_cnt=2 total_len=13:
  iov[0](12): 01 00 00 00 00 00 00 00 01 00 00 00 
  iov[1](1): 00 
[SEND #34] iov_cnt=2 total_len=28:
  iov[0](12): 01 00 00 00 00 00 00 00 10 00 00 00 
  iov[1](16): 00 00 00 00 00 00 00 00 00 00 00 00 00 00 00 00 
[SEND #35] iov_cnt=2 total_len=525:
  iov[0](12): 00 00 00 00 00 00 00 00 01 02 00 00 
  iov[1](513): 00 01 ff ff ff ff ff ff ff ff ff ff ff ff ff ff ff ff ff ff 
[SEND #36] iov_cnt=2 total_len=13:
  iov[0](12): 01 00 00 00 00 00 00 00 01 00 00 00 
  iov[1](1): 00 
[SEND #37] iov_cnt=2 total_len=28:
  iov[0](12): 01 00 00 00 00 00 00 00 10 00 00 00 
  iov[1](16): 00 00 00 00 00 00 00 00 00 00 00 00 00 00 00 00 
[SEND #38] iov_cnt=2 total_len=525:
  iov[0](12): 00 00 00 00 00 00 00 00 01 02 00 00 
  iov[1](513): 00 01 ff ff ff ff ff ff ff ff ff ff ff ff ff ff ff ff ff ff 
[SEND #39] iov_cnt=2 total_len=13:
  iov[0](12): 01 00 00 00 00 00 00 00 01 00 00 00 
  iov[1](1): 00 
[SEND #40] iov_cnt=2 total_len=28:
  iov[0](12): 01 00 00 00 00 00 00 00 10 00 00 00 
  iov[1](16): 00 00 00 00 00 00 00 00 00 00 00 00 00 00 00 00 
[SEND #41] iov_cnt=2 total_len=525:
  iov[0](12): 00 00 00 00 00 00 00 00 01 02 00 00 
  iov[1](513): 00 01 ff ff ff ff ff ff ff ff ff ff ff ff ff ff ff ff ff ff 
[SEND #42] iov_cnt=2 total_len=13:
  iov[0](12): 01 00 00 00 00 00 00 00 01 00 00 00 
  iov[1](1): 00 
[SEND #43] iov_cnt=2 total_len=28:
  iov[0](12): 01 00 00 00 00 00 00 00 10 00 00 00 
  iov[1](16): 00 00 00 00 00 00 00 00 00 00 00 00 00 00 00 00 
[SEND #44] iov_cnt=2 total_len=525:
  iov[0](12): 00 00 00 00 00 00 00 00 01 02 00 00 
  iov[1](513): 00 01 ff ff ff ff ff ff ff ff ff ff ff ff ff ff ff ff ff ff 
[SEND #45] iov_cnt=2 total_len=13:
  iov[0](12): 01 00 00 00 00 00 00 00 01 00 00 00 
  iov[1](1): 00 
[SEND #46] iov_cnt=2 total_len=28:
  iov[0](12): 01 00 00 00 00 00 00 00 10 00 00 00 
  iov[1](16): 00 00 00 00 00 00 00 00 00 00 00 00 00 00 00 00 
[SEND #47] iov_cnt=2 total_len=525:
  iov[0](12): 00 00 00 00 00 00 00 00 01 02 00 00 
  iov[1](513): 00 01 ff ff ff ff ff ff ff ff ff ff ff ff ff ff ff ff ff ff 
[SEND #48] iov_cnt=2 total_len=13:
  iov[0](12): 01 00 00 00 00 00 00 00 01 00 00 00 
  iov[1](1): 00 
[SEND #49] iov_cnt=2 total_len=28:
  iov[0](12): 01 00 00 00 00 00 00 00 10 00 00 00 
  iov[1](16): 00 00 00 00 00 00 00 00 00 00 00 00 00 00 00 00 
[SEND #50] iov_cnt=2 total_len=525:
  iov[0](12): 00 00 00 00 00 00 00 00 01 02 00 00 
  iov[1](513): 00 01 ff ff ff ff ff ff ff ff ff ff ff ff ff ff ff ff ff ff 
[SEND #51] iov_cnt=2 total_len=13:
  iov[0](12): 01 00 00 00 00 00 00 00 01 00 00 00 
  iov[1](1): 00 
[SEND #52] iov_cnt=2 total_len=28:
  iov[0](12): 01 00 00 00 00 00 00 00 10 00 00 00 
  iov[1](16): 00 00 00 00 00 00 00 00 00 00 00 00 00 00 00 00 
[SEND #53] iov_cnt=2 total_len=525:
  iov[0](12): 00 00 00 00 00 00 00 00 01 02 00 00 
  iov[1](513): 00 01 ff ff ff ff ff ff ff ff ff ff ff ff ff ff ff ff ff ff 
[SEND #54] iov_cnt=2 total_len=13:
  iov[0](12): 01 00 00 00 00 00 00 00 01 00 00 00 
  iov[1](1): 00 
[SEND #55] iov_cnt=2 total_len=28:
  iov[0](12): 01 00 00 00 00 00 00 00 10 00 00 00 
  iov[1](16): 00 00 00 00 00 00 00 00 00 00 00 00 00 00 00 00 
[SEND #56] iov_cnt=2 total_len=525:
  iov[0](12): 00 00 00 00 00 00 00 00 01 02 00 00 
  iov[1](513): 00 01 ff ff ff ff ff ff ff ff ff ff ff ff ff ff ff ff ff ff 
[SEND #57] iov_cnt=2 total_len=13:
  iov[0](12): 01 00 00 00 00 00 00 00 01 00 00 00 
  iov[1](1): 00 
[SEND #58] iov_cnt=2 total_len=28:
  iov[0](12): 01 00 00 00 00 00 00 00 10 00 00 00 
  iov[1](16): 00 00 00 00 00 00 00 00 00 00 00 00 00 00 00 00 
[SEND #59] iov_cnt=2 total_len=525:
  iov[0](12): 00 00 00 00 00 00 00 00 01 02 00 00 
  iov[1](513): 00 01 ff ff ff ff ff ff ff ff ff ff ff ff ff ff ff ff ff ff 
[SEND #60] iov_cnt=2 total_len=13:
  iov[0](12): 01 00 00 00 00 00 00 00 01 00 00 00 
  iov[1](1): 00 
[SEND #61] iov_cnt=2 total_len=28:
  iov[0](12): 01 00 00 00 00 00 00 00 10 00 00 00 
  iov[1](16): 00 00 00 00 00 00 00 00 00 00 00 00 00 00 00 00 
[SEND #62] iov_cnt=2 total_len=525:
  iov[0](12): 00 00 00 00 00 00 00 00 01 02 00 00 
  iov[1](513): 00 01 ff ff ff ff ff ff ff ff ff ff ff ff ff ff ff ff ff ff 
[SEND #63] iov_cnt=2 total_len=13:
  iov[0](12): 01 00 00 00 00 00 00 00 01 00 00 00 
  iov[1](1): 00 
[SEND #64] iov_cnt=2 total_len=28:
  iov[0](12): 01 00 00 00 00 00 00 00 10 00 00 00 
  iov[1](16): 00 00 00 00 00 00 00 00 00 00 00 00 00 00 00 00 
[SEND #65] iov_cnt=2 total_len=525:
  iov[0](12): 00 00 00 00 00 00 00 00 01 02 00 00 
  iov[1](513): 00 01 ff ff ff ff ff ff ff ff ff ff ff ff ff ff ff ff ff ff 
[SEND #66] iov_cnt=2 total_len=13:
  iov[0](12): 01 00 00 00 00 00 00 00 01 00 00 00 
  iov[1](1): 00 
[SEND #67] iov_cnt=2 total_len=28:
  iov[0](12): 01 00 00 00 00 00 00 00 10 00 00 00 
  iov[1](16): 00 00 00 00 00 00 00 00 00 00 00 00 00 00 00 00 
[SEND #68] iov_cnt=2 total_len=525:
  iov[0](12): 00 00 00 00 00 00 00 00 01 02 00 00 
  iov[1](513): 00 01 ff ff ff ff ff ff ff ff ff ff ff ff ff ff ff ff ff ff 
[SEND #69] iov_cnt=2 total_len=13:
  iov[0](12): 01 00 00 00 00 00 00 00 01 00 00 00 
  iov[1](1): 00 
[SEND #70] iov_cnt=2 total_len=28:
  iov[0](12): 01 00 00 00 00 00 00 00 10 00 00 00 
  iov[1](16): 00 00 00 00 00 00 00 00 00 00 00 00 00 00 00 00 
[SEND #71] iov_cnt=2 total_len=525:
  iov[0](12): 00 00 00 00 00 00 00 00 01 02 00 00 
  iov[1](513): 00 01 ff ff ff ff ff ff ff ff ff ff ff ff ff ff ff ff ff ff 
[SEND #72] iov_cnt=2 total_len=13:
  iov[0](12): 01 00 00 00 00 00 00 00 01 00 00 00 
  iov[1](1): 00 
[SEND #73] iov_cnt=2 total_len=28:
  iov[0](12): 01 00 00 00 00 00 00 00 10 00 00 00 
  iov[1](16): 00 00 00 00 00 00 00 00 00 00 00 00 00 00 00 00 
[SEND #74] iov_cnt=2 total_len=525:
  iov[0](12): 00 00 00 00 00 00 00 00 01 02 00 00 
  iov[1](513): 00 01 ff ff ff ff ff ff ff ff ff ff ff ff ff ff ff ff ff ff 
[SEND #75] iov_cnt=2 total_len=13:
  iov[0](12): 01 00 00 00 00 00 00 00 01 00 00 00 
  iov[1](1): 00 
[SEND #76] iov_cnt=2 total_len=28:
  iov[0](12): 01 00 00 00 00 00 00 00 10 00 00 00 
  iov[1](16): 00 00 00 00 00 00 00 00 00 00 00 00 00 00 00 00 
[SEND #77] iov_cnt=2 total_len=525:
  iov[0](12): 00 00 00 00 00 00 00 00 01 02 00 00 
  iov[1](513): 00 01 ff ff ff ff ff ff ff ff ff ff ff ff ff ff ff ff ff ff 
[SEND #78] iov_cnt=2 total_len=13:
  iov[0](12): 01 00 00 00 00 00 00 00 01 00 00 00 
  iov[1](1): 00 
[SEND #79] iov_cnt=2 total_len=28:
  iov[0](12): 01 00 00 00 00 00 00 00 10 00 00 00 
  iov[1](16): 00 00 00 00 00 00 00 00 00 00 00 00 00 00 00 00 
[SEND #80] iov_cnt=2 total_len=525:
  iov[0](12): 00 00 00 00 00 00 00 00 01 02 00 00 
  iov[1](513): 00 01 ff ff ff ff ff ff ff ff ff ff ff ff ff ff ff ff ff ff 
[SEND #81] iov_cnt=2 total_len=13:
  iov[0](12): 01 00 00 00 00 00 00 00 01 00 00 00 
  iov[1](1): 00 
[SEND #82] iov_cnt=2 total_len=28:
  iov[0](12): 01 00 00 00 00 00 00 00 10 00 00 00 
  iov[1](16): 00 00 00 00 00 00 00 00 00 00 00 00 00 00 00 00 
[SEND #83] iov_cnt=2 total_len=525:
  iov[0](12): 00 00 00 00 00 00 00 00 01 02 00 00 
  iov[1](513): 00 01 ff ff ff ff ff ff ff ff ff ff ff ff ff ff ff ff ff ff 
[SEND #84] iov_cnt=2 total_len=13:
  iov[0](12): 01 00 00 00 00 00 00 00 01 00 00 00 
  iov[1](1): 00 
[SEND #85] iov_cnt=2 total_len=28:
  iov[0](12): 01 00 00 00 00 00 00 00 10 00 00 00 
  iov[1](16): 00 00 00 00 00 00 00 00 00 00 00 00 00 00 00 00 
[SEND #86] iov_cnt=2 total_len=525:
  iov[0](12): 00 00 00 00 00 00 00 00 01 02 00 00 
  iov[1](513): 00 01 ff ff ff ff ff ff ff ff ff ff ff ff ff ff ff ff ff ff 
[SEND #87] iov_cnt=2 total_len=13:
  iov[0](12): 01 00 00 00 00 00 00 00 01 00 00 00 
  iov[1](1): 00 
[SEND #88] iov_cnt=2 total_len=28:
  iov[0](12): 01 00 00 00 00 00 00 00 10 00 00 00 
  iov[1](16): 00 00 00 00 00 00 00 00 00 00 00 00 00 00 00 00 
[SEND #89] iov_cnt=2 total_len=525:
  iov[0](12): 00 00 00 00 00 00 00 00 01 02 00 00 
  iov[1](513): 00 01 ff ff ff ff ff ff ff ff ff ff ff ff ff ff ff ff ff ff 
[SEND #90] iov_cnt=2 total_len=13:
  iov[0](12): 01 00 00 00 00 00 00 00 01 00 00 00 
  iov[1](1): 00 
[SEND #91] iov_cnt=2 total_len=28:
  iov[0](12): 01 00 00 00 00 00 00 00 10 00 00 00 
  iov[1](16): 00 00 00 00 00 00 00 00 00 00 00 00 00 00 00 00 
[SEND #92] iov_cnt=2 total_len=525:
  iov[0](12): 00 00 00 00 00 00 00 00 01 02 00 00 
  iov[1](513): 00 01 ff ff ff ff ff ff ff ff ff ff ff ff ff ff ff ff ff ff 
[SEND #93] iov_cnt=2 total_len=13:
  iov[0](12): 01 00 00 00 00 00 00 00 01 00 00 00 
  iov[1](1): 00 
[SEND #94] iov_cnt=2 total_len=28:
  iov[0](12): 01 00 00 00 00 00 00 00 10 00 00 00 
  iov[1](16): 00 00 00 00 00 00 00 00 00 00 00 00 00 00 00 00 
[SEND #95] iov_cnt=2 total_len=525:
  iov[0](12): 00 00 00 00 00 00 00 00 01 02 00 00 
  iov[1](513): 00 01 ff ff ff ff ff ff ff ff ff ff ff ff ff ff ff ff ff ff 
[SEND #96] iov_cnt=2 total_len=13:
  iov[0](12): 01 00 00 00 00 00 00 00 01 00 00 00 
  iov[1](1): 00 
[SEND #97] iov_cnt=2 total_len=28:
  iov[0](12): 01 00 00 00 00 00 00 00 10 00 00 00 
  iov[1](16): 00 00 00 00 00 00 00 00 00 00 00 00 00 00 00 00 
[SEND #98] iov_cnt=2 total_len=525:
  iov[0](12): 00 00 00 00 00 00 00 00 01 02 00 00 
  iov[1](513): 00 01 ff ff ff ff ff ff ff ff ff ff ff ff ff ff ff ff ff ff 
[SEND #99] iov_cnt=2 total_len=13:
  iov[0](12): 01 00 00 00 00 00 00 00 01 00 00 00 
  iov[1](1): 00 
[SEND #100] iov_cnt=2 total_len=28:
  iov[0](12): 01 00 00 00 00 00 00 00 10 00 00 00 
  iov[1](16): 00 00 00 00 00 00 00 00 00 00 00 00 00 00 00 00 
[SEND #101] iov_cnt=2 total_len=525:
  iov[0](12): 00 00 00 00 00 00 00 00 01 02 00 00 
  iov[1](513): 00 01 ff ff ff ff ff ff ff ff ff ff ff ff ff ff ff ff ff ff 
[SEND #102] iov_cnt=2 total_len=13:
  iov[0](12): 01 00 00 00 00 00 00 00 01 00 00 00 
  iov[1](1): 00 
[SEND #103] iov_cnt=2 total_len=28:
  iov[0](12): 01 00 00 00 00 00 00 00 10 00 00 00 
  iov[1](16): 00 00 00 00 00 00 00 00 00 00 00 00 00 00 00 00 
[SEND #104] iov_cnt=2 total_len=525:
  iov[0](12): 00 00 00 00 00 00 00 00 01 02 00 00 
  iov[1](513): 00 01 ff ff ff ff ff ff ff ff ff ff ff ff ff ff ff ff ff ff 
[SEND #105] iov_cnt=2 total_len=13:
  iov[0](12): 01 00 00 00 00 00 00 00 01 00 00 00 
  iov[1](1): 00 
[SEND #106] iov_cnt=2 total_len=28:
  iov[0](12): 01 00 00 00 00 00 00 00 10 00 00 00 
  iov[1](16): 00 00 00 00 00 00 00 00 00 00 00 00 00 00 00 00 
[SEND #107] iov_cnt=2 total_len=269:
  iov[0](12): 00 00 00 00 00 00 00 00 01 01 00 00 
  iov[1](257): 00 01 ff ff ff ff ff ff ff ff ff ff ff ff ff ff ff ff ff ff 
[SEND #108] iov_cnt=2 total_len=13:
  iov[0](12): 01 00 00 00 00 00 00 00 01 00 00 00 
  iov[1](1): 00 
[SEND #109] iov_cnt=2 total_len=28:
  iov[0](12): 01 00 00 00 00 00 00 00 10 00 00 00 
  iov[1](16): 00 00 00 00 00 00 00 00 00 00 00 00 00 00 00 00 
[SEND #110] iov_cnt=2 total_len=269:
  iov[0](12): 00 00 00 00 00 00 00 00 01 01 00 00 
  iov[1](257): 00 01 ff ff ff ff ff ff ff ff ff ff ff ff ff ff ff ff ff ff 
[SEND #111] iov_cnt=2 total_len=13:
  iov[0](12): 01 00 00 00 00 00 00 00 01 00 00 00 
  iov[1](1): 00 
[SEND #112] iov_cnt=2 total_len=28:
  iov[0](12): 01 00 00 00 00 00 00 00 10 00 00 00 
  iov[1](16): 00 00 00 00 00 00 00 00 00 00 00 00 00 00 00 00 
[SEND #113] iov_cnt=2 total_len=269:
  iov[0](12): 00 00 00 00 00 00 00 00 01 01 00 00 
  iov[1](257): 00 01 ff ff ff ff ff ff ff ff ff ff ff ff ff ff ff ff ff ff 
[SEND #114] iov_cnt=2 total_len=13:
  iov[0](12): 01 00 00 00 00 00 00 00 01 00 00 00 
  iov[1](1): 00 
[SEND #115] iov_cnt=2 total_len=28:
  iov[0](12): 01 00 00 00 00 00 00 00 10 00 00 00 
  iov[1](16): 00 00 00 00 00 00 00 00 00 00 00 00 00 00 00 00 
[SEND #116] iov_cnt=2 total_len=269:
  iov[0](12): 00 00 00 00 00 00 00 00 01 01 00 00 
  iov[1](257): 00 01 ff ff ff ff ff ff ff ff ff ff ff ff ff ff ff ff ff ff 
[SEND #117] iov_cnt=2 total_len=13:
  iov[0](12): 01 00 00 00 00 00 00 00 01 00 00 00 
  iov[1](1): 00 
[SEND #118] iov_cnt=2 total_len=28:
  iov[0](12): 01 00 00 00 00 00 00 00 10 00 00 00 
  iov[1](16): 00 00 00 00 00 00 00 00 00 00 00 00 00 00 00 00 
[SEND #119] iov_cnt=2 total_len=269:
  iov[0](12): 00 00 00 00 00 00 00 00 01 01 00 00 
  iov[1](257): 00 01 ff ff ff ff ff ff ff ff ff ff ff ff ff ff ff ff ff ff 
[SEND #120] iov_cnt=2 total_len=13:
  iov[0](12): 01 00 00 00 00 00 00 00 01 00 00 00 
  iov[1](1): 00 
[SEND #121] iov_cnt=2 total_len=28:
  iov[0](12): 01 00 00 00 00 00 00 00 10 00 00 00 
  iov[1](16): 00 00 00 00 00 00 00 00 00 00 00 00 00 00 00 00 
[SEND #122] iov_cnt=2 total_len=28:
  iov[0](12): 01 00 00 00 00 00 00 00 10 00 00 00 
  iov[1](16): 01 00 00 00 00 00 00 00 00 00 00 00 00 00 00 00 
[SEND #123] iov_cnt=2 total_len=29:
  iov[0](12): 00 00 00 00 00 00 00 00 11 00 00 00 
  iov[1](17): df 55 6a 33 43 8d b8 7b c4 1b 17 52 c5 5e 5e 49 00 
[SEND #124] iov_cnt=2 total_len=28:
  iov[0](12): 01 00 00 00 00 00 00 00 10 00 00 00 
  iov[1](16): 02 00 00 00 00 00 00 00 00 00 00 00 00 00 00 00 
[SEND #125] iov_cnt=2 total_len=28:
  iov[0](12): 01 00 00 00 00 00 00 00 10 00 00 00 
  iov[1](16): 03 00 00 00 00 00 00 00 00 00 00 00 00 00 00 00 
[SEND #126] iov_cnt=2 total_len=29:
  iov[0](12): 00 00 00 00 00 00 00 00 11 00 00 00 
  iov[1](17): b7 97 2b 39 41 c4 4b 90 af a7 b2 64 bf ba 73 87 00 
[SEND #127] iov_cnt=2 total_len=13:
  iov[0](12): 01 00 00 00 00 00 00 00 01 00 00 00 
  iov[1](1): 00 
[SEND #128] iov_cnt=2 total_len=13:
  iov[0](12): 01 00 00 00 00 00 00 00 01 00 00 00 
  iov[1](1): 00 
[SEND #129] iov_cnt=2 total_len=28:
  iov[0](12): 01 00 00 00 00 00 00 00 10 00 00 00 
  iov[1](16): 02 00 00 00 00 00 00 00 00 00 00 00 00 00 00 00 
[SEND #130] iov_cnt=2 total_len=28:
  iov[0](12): 01 00 00 00 00 00 00 00 10 00 00 00 
  iov[1](16): 03 00 00 00 00 00 00 00 00 00 00 00 00 00 00 00 
[SEND #131] iov_cnt=2 total_len=19885:
  iov[0](12): 00 00 00 00 00 00 00 00 a1 4d 00 00 
  iov[1](19873): 9c c6 99 24 11 eb 3c 12 4b 15 a8 65 09 b6 27 10 f1 83 9d 7f 
[SEND #132] iov_cnt=2 total_len=13:
  iov[0](12): 01 00 00 00 00 00 00 00 01 00 00 00 
  iov[1](1): 00 
[SEND #133] iov_cnt=2 total_len=13:
  iov[0](12): 01 00 00 00 00 00 00 00 01 00 00 00 
  iov[1](1): 00 
[SEND #134] iov_cnt=2 total_len=28:
  iov[0](12): 01 00 00 00 00 00 00 00 10 00 00 00 
  iov[1](16): 02 00 00 00 00 00 00 00 00 00 00 00 00 00 00 00 
[SEND #135] iov_cnt=2 total_len=28:
  iov[0](12): 01 00 00 00 00 00 00 00 10 00 00 00 
  iov[1](16): 03 00 00 00 00 00 00 00 00 00 00 00 00 00 00 00 
[SEND #136] iov_cnt=2 total_len=19885:
  iov[0](12): 00 00 00 00 00 00 00 00 a1 4d 00 00 
  iov[1](19873): 15 15 15 15 15 15 15 15 15 15 15 15 15 15 15 15 15 15 15 15 
[SEND #137] iov_cnt=2 total_len=13:
  iov[0](12): 01 00 00 00 00 00 00 00 01 00 00 00 
  iov[1](1): 00 
[SEND #138] iov_cnt=2 total_len=13:
  iov[0](12): 01 00 00 00 00 00 00 00 01 00 00 00 
  iov[1](1): 00 
[SEND #139] iov_cnt=2 total_len=13:
  iov[0](12): 01 00 00 00 00 00 00 00 01 00 00 00 
  iov[1](1): 00 
[SEND #140] iov_cnt=2 total_len=13:
  iov[0](12): 01 00 00 00 00 00 00 00 01 00 00 00 
  iov[1](1): 00 
[SEND #1] iov_cnt=2 total_len=28:
  iov[0](12): 01 00 00 00 00 00 00 00 10 00 00 00 
  iov[1](16): 00 00 00 00 00 00 00 00 00 00 00 00 00 00 00 00 
[SEND #2] iov_cnt=2 total_len=525:
  iov[0](12): 00 00 00 00 00 00 00 00 01 02 00 00 
  iov[1](513): 00 01 ff ff ff ff ff ff ff ff ff ff ff ff ff ff ff ff ff ff 
[SEND #3] iov_cnt=2 total_len=13:
  iov[0](12): 01 00 00 00 00 00 00 00 01 00 00 00 
  iov[1](1): 00 
[SEND #4] iov_cnt=2 total_len=28:
  iov[0](12): 01 00 00 00 00 00 00 00 10 00 00 00 
  iov[1](16): 00 00 00 00 00 00 00 00 00 00 00 00 00 00 00 00 
[SEND #5] iov_cnt=2 total_len=525:
  iov[0](12): 00 00 00 00 00 00 00 00 01 02 00 00 
  iov[1](513): 00 01 ff ff ff ff ff ff ff ff ff ff ff ff ff ff ff ff ff ff 
[SEND #6] iov_cnt=2 total_len=13:
  iov[0](12): 01 00 00 00 00 00 00 00 01 00 00 00 
  iov[1](1): 00 
[SEND #7] iov_cnt=2 total_len=28:
  iov[0](12): 01 00 00 00 00 00 00 00 10 00 00 00 
  iov[1](16): 00 00 00 00 00 00 00 00 00 00 00 00 00 00 00 00 
[SEND #8] iov_cnt=2 total_len=525:
  iov[0](12): 00 00 00 00 00 00 00 00 01 02 00 00 
  iov[1](513): 00 01 ff ff ff ff ff ff ff ff ff ff ff ff ff ff ff ff ff ff 
[SEND #9] iov_cnt=2 total_len=13:
  iov[0](12): 01 00 00 00 00 00 00 00 01 00 00 00 
  iov[1](1): 00 
[SEND #10] iov_cnt=2 total_len=28:
  iov[0](12): 01 00 00 00 00 00 00 00 10 00 00 00 
  iov[1](16): 00 00 00 00 00 00 00 00 00 00 00 00 00 00 00 00 
[SEND #11] iov_cnt=2 total_len=525:
  iov[0](12): 00 00 00 00 00 00 00 00 01 02 00 00 
  iov[1](513): 00 01 ff ff ff ff ff ff ff ff ff ff ff ff ff ff ff ff ff ff 
[SEND #12] iov_cnt=2 total_len=13:
  iov[0](12): 01 00 00 00 00 00 00 00 01 00 00 00 
  iov[1](1): 00 
[SEND #13] iov_cnt=2 total_len=28:
  iov[0](12): 01 00 00 00 00 00 00 00 10 00 00 00 
  iov[1](16): 00 00 00 00 00 00 00 00 00 00 00 00 00 00 00 00 
[SEND #14] iov_cnt=2 total_len=525:
  iov[0](12): 00 00 00 00 00 00 00 00 01 02 00 00 
  iov[1](513): 00 01 ff ff ff ff ff ff ff ff ff ff ff ff ff ff ff ff ff ff 
[SEND #15] iov_cnt=2 total_len=13:
  iov[0](12): 01 00 00 00 00 00 00 00 01 00 00 00 
  iov[1](1): 00 
[SEND #16] iov_cnt=2 total_len=28:
  iov[0](12): 01 00 00 00 00 00 00 00 10 00 00 00 
  iov[1](16): 00 00 00 00 00 00 00 00 00 00 00 00 00 00 00 00 
[SEND #17] iov_cnt=2 total_len=525:
  iov[0](12): 00 00 00 00 00 00 00 00 01 02 00 00 
  iov[1](513): 00 01 ff ff ff ff ff ff ff ff ff ff ff ff ff ff ff ff ff ff 
[SEND #18] iov_cnt=2 total_len=13:
  iov[0](12): 01 00 00 00 00 00 00 00 01 00 00 00 
  iov[1](1): 00 
[SEND #19] iov_cnt=2 total_len=28:
  iov[0](12): 01 00 00 00 00 00 00 00 10 00 00 00 
  iov[1](16): 00 00 00 00 00 00 00 00 00 00 00 00 00 00 00 00 
[SEND #20] iov_cnt=2 total_len=525:
  iov[0](12): 00 00 00 00 00 00 00 00 01 02 00 00 
  iov[1](513): 00 01 ff ff ff ff ff ff ff ff ff ff ff ff ff ff ff ff ff ff 
[SEND #21] iov_cnt=2 total_len=13:
  iov[0](12): 01 00 00 00 00 00 00 00 01 00 00 00 
  iov[1](1): 00 
[SEND #22] iov_cnt=2 total_len=28:
  iov[0](12): 01 00 00 00 00 00 00 00 10 00 00 00 
  iov[1](16): 00 00 00 00 00 00 00 00 00 00 00 00 00 00 00 00 
[SEND #23] iov_cnt=2 total_len=525:
  iov[0](12): 00 00 00 00 00 00 00 00 01 02 00 00 
  iov[1](513): 00 01 ff ff ff ff ff ff ff ff ff ff ff ff ff ff ff ff ff ff 
[SEND #24] iov_cnt=2 total_len=13:
  iov[0](12): 01 00 00 00 00 00 00 00 01 00 00 00 
  iov[1](1): 00 
[SEND #25] iov_cnt=2 total_len=28:
  iov[0](12): 01 00 00 00 00 00 00 00 10 00 00 00 
  iov[1](16): 00 00 00 00 00 00 00 00 00 00 00 00 00 00 00 00 
[SEND #26] iov_cnt=2 total_len=525:
  iov[0](12): 00 00 00 00 00 00 00 00 01 02 00 00 
  iov[1](513): 00 01 ff ff ff ff ff ff ff ff ff ff ff ff ff ff ff ff ff ff 
[SEND #27] iov_cnt=2 total_len=13:
  iov[0](12): 01 00 00 00 00 00 00 00 01 00 00 00 
  iov[1](1): 00 
[SEND #28] iov_cnt=2 total_len=28:
  iov[0](12): 01 00 00 00 00 00 00 00 10 00 00 00 
  iov[1](16): 00 00 00 00 00 00 00 00 00 00 00 00 00 00 00 00 
[SEND #29] iov_cnt=2 total_len=525:
  iov[0](12): 00 00 00 00 00 00 00 00 01 02 00 00 
  iov[1](513): 00 01 ff ff ff ff ff ff ff ff ff ff ff ff ff ff ff ff ff ff 
[SEND #30] iov_cnt=2 total_len=28:
  iov[0](12): 01 00 00 00 00 00 00 00 10 00 00 00 
  iov[1](16): 01 00 00 00 00 00 00 00 00 00 00 00 00 00 00 00 
[SEND #31] iov_cnt=2 total_len=13:
  iov[0](12): 01 00 00 00 01 00 00 00 01 00 00 00 
  iov[1](1): 00 
[SEND #32] iov_cnt=2 total_len=525:
  iov[0](12): 00 00 00 00 00 00 00 00 01 02 00 00 
  iov[1](513): 00 01 ff ff ff ff ff ff ff ff ff ff ff ff ff ff ff ff ff ff 
[SEND #33] iov_cnt=2 total_len=13:
  iov[0](12): 01 00 00 00 01 00 00 00 01 00 00 00 
  iov[1](1): 00 
[SEND #34] iov_cnt=2 total_len=28:
  iov[0](12): 01 00 00 00 01 00 00 00 10 00 00 00 
  iov[1](16): 00 00 00 00 00 00 00 00 00 00 00 00 00 00 00 00 
[SEND #35] iov_cnt=2 total_len=28:
  iov[0](12): 01 00 00 00 00 00 00 00 10 00 00 00 
  iov[1](16): 01 00 00 00 00 00 00 00 00 00 00 00 00 00 00 00 
[SEND #36] iov_cnt=2 total_len=525:
  iov[0](12): 00 00 00 00 00 00 00 00 01 02 00 00 
  iov[1](513): 00 01 ff ff ff ff ff ff ff ff ff ff ff ff ff ff ff ff ff ff 
[SEND #37] iov_cnt=2 total_len=525:
  iov[0](12): 00 00 00 00 00 00 00 00 01 02 00 00 
  iov[1](513): 00 01 ff ff ff ff ff ff ff ff ff ff ff ff ff ff ff ff ff ff 
[SEND #38] iov_cnt=2 total_len=13:
  iov[0](12): 01 00 00 00 00 00 00 00 01 00 00 00 
  iov[1](1): 00 
[SEND #39] iov_cnt=2 total_len=13:
  iov[0](12): 01 00 00 00 00 00 00 00 01 00 00 00 
  iov[1](1): 00 
[SEND #40] iov_cnt=2 total_len=28:
  iov[0](12): 01 00 00 00 00 00 00 00 10 00 00 00 
  iov[1](16): 00 00 00 00 00 00 00 00 00 00 00 00 00 00 00 00 
[SEND #41] iov_cnt=2 total_len=525:
  iov[0](12): 00 00 00 00 00 00 00 00 01 02 00 00 
  iov[1](513): 00 01 ff ff ff ff ff ff ff ff ff ff ff ff ff ff ff ff ff ff 
[SEND #42] iov_cnt=2 total_len=13:
  iov[0](12): 01 00 00 00 00 00 00 00 01 00 00 00 
  iov[1](1): 00 
[SEND #43] iov_cnt=2 total_len=28:
  iov[0](12): 01 00 00 00 00 00 00 00 10 00 00 00 
  iov[1](16): 00 00 00 00 00 00 00 00 00 00 00 00 00 00 00 00 
[SEND #44] iov_cnt=2 total_len=525:
  iov[0](12): 00 00 00 00 00 00 00 00 01 02 00 00 
  iov[1](513): 00 01 ff ff ff ff ff ff ff ff ff ff ff ff ff ff ff ff ff ff 
[SEND #45] iov_cnt=2 total_len=13:
  iov[0](12): 01 00 00 00 00 00 00 00 01 00 00 00 
  iov[1](1): 00 
[SEND #46] iov_cnt=2 total_len=28:
  iov[0](12): 01 00 00 00 00 00 00 00 10 00 00 00 
  iov[1](16): 00 00 00 00 00 00 00 00 00 00 00 00 00 00 00 00 
[SEND #47] iov_cnt=2 total_len=525:
  iov[0](12): 00 00 00 00 00 00 00 00 01 02 00 00 
  iov[1](513): 00 01 ff ff ff ff ff ff ff ff ff ff ff ff ff ff ff ff ff ff 
[SEND #48] iov_cnt=2 total_len=13:
  iov[0](12): 01 00 00 00 00 00 00 00 01 00 00 00 
  iov[1](1): 00 
[SEND #49] iov_cnt=2 total_len=28:
  iov[0](12): 01 00 00 00 00 00 00 00 10 00 00 00 
  iov[1](16): 00 00 00 00 00 00 00 00 00 00 00 00 00 00 00 00 
[SEND #50] iov_cnt=2 total_len=525:
  iov[0](12): 00 00 00 00 00 00 00 00 01 02 00 00 
  iov[1](513): 00 01 ff ff ff ff ff ff ff ff ff ff ff ff ff ff ff ff ff ff 
[SEND #51] iov_cnt=2 total_len=13:
  iov[0](12): 01 00 00 00 00 00 00 00 01 00 00 00 
  iov[1](1): 00 
[SEND #52] iov_cnt=2 total_len=28:
  iov[0](12): 01 00 00 00 00 00 00 00 10 00 00 00 
  iov[1](16): 00 00 00 00 00 00 00 00 00 00 00 00 00 00 00 00 
[SEND #53] iov_cnt=2 total_len=525:
  iov[0](12): 00 00 00 00 00 00 00 00 01 02 00 00 
  iov[1](513): 00 01 ff ff ff ff ff ff ff ff ff ff ff ff ff ff ff ff ff ff 
[SEND #54] iov_cnt=2 total_len=13:
  iov[0](12): 01 00 00 00 00 00 00 00 01 00 00 00 
  iov[1](1): 00 
[SEND #55] iov_cnt=2 total_len=28:
  iov[0](12): 01 00 00 00 00 00 00 00 10 00 00 00 
  iov[1](16): 00 00 00 00 00 00 00 00 00 00 00 00 00 00 00 00 
[SEND #56] iov_cnt=2 total_len=525:
  iov[0](12): 00 00 00 00 00 00 00 00 01 02 00 00 
  iov[1](513): 00 01 ff ff ff ff ff ff ff ff ff ff ff ff ff ff ff ff ff ff 
[SEND #57] iov_cnt=2 total_len=13:
  iov[0](12): 01 00 00 00 00 00 00 00 01 00 00 00 
  iov[1](1): 00 
[SEND #58] iov_cnt=2 total_len=28:
  iov[0](12): 01 00 00 00 00 00 00 00 10 00 00 00 
  iov[1](16): 00 00 00 00 00 00 00 00 00 00 00 00 00 00 00 00 
[SEND #59] iov_cnt=2 total_len=525:
  iov[0](12): 00 00 00 00 00 00 00 00 01 02 00 00 
  iov[1](513): 00 01 ff ff ff ff ff ff ff ff ff ff ff ff ff ff ff ff ff ff 
[SEND #60] iov_cnt=2 total_len=13:
  iov[0](12): 01 00 00 00 00 00 00 00 01 00 00 00 
  iov[1](1): 00 
[SEND #61] iov_cnt=2 total_len=28:
  iov[0](12): 01 00 00 00 00 00 00 00 10 00 00 00 
  iov[1](16): 00 00 00 00 00 00 00 00 00 00 00 00 00 00 00 00 
[SEND #62] iov_cnt=2 total_len=525:
  iov[0](12): 00 00 00 00 00 00 00 00 01 02 00 00 
  iov[1](513): 00 01 ff ff ff ff ff ff ff ff ff ff ff ff ff ff ff ff ff ff 
[SEND #63] iov_cnt=2 total_len=13:
  iov[0](12): 01 00 00 00 00 00 00 00 01 00 00 00 
  iov[1](1): 00 
[SEND #64] iov_cnt=2 total_len=28:
  iov[0](12): 01 00 00 00 00 00 00 00 10 00 00 00 
  iov[1](16): 00 00 00 00 00 00 00 00 00 00 00 00 00 00 00 00 
[SEND #65] iov_cnt=2 total_len=525:
  iov[0](12): 00 00 00 00 00 00 00 00 01 02 00 00 
  iov[1](513): 00 01 ff ff ff ff ff ff ff ff ff ff ff ff ff ff ff ff ff ff 
[SEND #66] iov_cnt=2 total_len=13:
  iov[0](12): 01 00 00 00 00 00 00 00 01 00 00 00 
  iov[1](1): 00 
[SEND #67] iov_cnt=2 total_len=28:
  iov[0](12): 01 00 00 00 00 00 00 00 10 00 00 00 
  iov[1](16): 00 00 00 00 00 00 00 00 00 00 00 00 00 00 00 00 
[SEND #68] iov_cnt=2 total_len=525:
  iov[0](12): 00 00 00 00 00 00 00 00 01 02 00 00 
  iov[1](513): 00 01 ff ff ff ff ff ff ff ff ff ff ff ff ff ff ff ff ff ff 
[SEND #69] iov_cnt=2 total_len=13:
  iov[0](12): 01 00 00 00 00 00 00 00 01 00 00 00 
  iov[1](1): 00 
[SEND #70] iov_cnt=2 total_len=28:
  iov[0](12): 01 00 00 00 00 00 00 00 10 00 00 00 
  iov[1](16): 00 00 00 00 00 00 00 00 00 00 00 00 00 00 00 00 
[SEND #71] iov_cnt=2 total_len=525:
  iov[0](12): 00 00 00 00 00 00 00 00 01 02 00 00 
  iov[1](513): 00 01 ff ff ff ff ff ff ff ff ff ff ff ff ff ff ff ff ff ff 
[SEND #72] iov_cnt=2 total_len=13:
  iov[0](12): 01 00 00 00 00 00 00 00 01 00 00 00 
  iov[1](1): 00 
[SEND #73] iov_cnt=2 total_len=28:
  iov[0](12): 01 00 00 00 00 00 00 00 10 00 00 00 
  iov[1](16): 00 00 00 00 00 00 00 00 00 00 00 00 00 00 00 00 
[SEND #74] iov_cnt=2 total_len=525:
  iov[0](12): 00 00 00 00 00 00 00 00 01 02 00 00 
  iov[1](513): 00 01 ff ff ff ff ff ff ff ff ff ff ff ff ff ff ff ff ff ff 
[SEND #75] iov_cnt=2 total_len=13:
  iov[0](12): 01 00 00 00 00 00 00 00 01 00 00 00 
  iov[1](1): 00 
[SEND #76] iov_cnt=2 total_len=28:
  iov[0](12): 01 00 00 00 00 00 00 00 10 00 00 00 
  iov[1](16): 00 00 00 00 00 00 00 00 00 00 00 00 00 00 00 00 
[SEND #77] iov_cnt=2 total_len=525:
  iov[0](12): 00 00 00 00 00 00 00 00 01 02 00 00 
  iov[1](513): 00 01 ff ff ff ff ff ff ff ff ff ff ff ff ff ff ff ff ff ff 
[SEND #78] iov_cnt=2 total_len=13:
  iov[0](12): 01 00 00 00 00 00 00 00 01 00 00 00 
  iov[1](1): 00 
[SEND #79] iov_cnt=2 total_len=28:
  iov[0](12): 01 00 00 00 00 00 00 00 10 00 00 00 
  iov[1](16): 00 00 00 00 00 00 00 00 00 00 00 00 00 00 00 00 
[SEND #80] iov_cnt=2 total_len=525:
  iov[0](12): 00 00 00 00 00 00 00 00 01 02 00 00 
  iov[1](513): 00 01 ff ff ff ff ff ff ff ff ff ff ff ff ff ff ff ff ff ff 
[SEND #81] iov_cnt=2 total_len=13:
  iov[0](12): 01 00 00 00 00 00 00 00 01 00 00 00 
  iov[1](1): 00 
[SEND #82] iov_cnt=2 total_len=28:
  iov[0](12): 01 00 00 00 00 00 00 00 10 00 00 00 
  iov[1](16): 00 00 00 00 00 00 00 00 00 00 00 00 00 00 00 00 
[SEND #83] iov_cnt=2 total_len=525:
  iov[0](12): 00 00 00 00 00 00 00 00 01 02 00 00 
  iov[1](513): 00 01 ff ff ff ff ff ff ff ff ff ff ff ff ff ff ff ff ff ff 
[SEND #84] iov_cnt=2 total_len=13:
  iov[0](12): 01 00 00 00 00 00 00 00 01 00 00 00 
  iov[1](1): 00 
[SEND #85] iov_cnt=2 total_len=28:
  iov[0](12): 01 00 00 00 00 00 00 00 10 00 00 00 
  iov[1](16): 00 00 00 00 00 00 00 00 00 00 00 00 00 00 00 00 
[SEND #86] iov_cnt=2 total_len=525:
  iov[0](12): 00 00 00 00 00 00 00 00 01 02 00 00 
  iov[1](513): 00 01 ff ff ff ff ff ff ff ff ff ff ff ff ff ff ff ff ff ff 
[SEND #87] iov_cnt=2 total_len=13:
  iov[0](12): 01 00 00 00 00 00 00 00 01 00 00 00 
  iov[1](1): 00 
[SEND #88] iov_cnt=2 total_len=28:
  iov[0](12): 01 00 00 00 00 00 00 00 10 00 00 00 
  iov[1](16): 00 00 00 00 00 00 00 00 00 00 00 00 00 00 00 00 
[SEND #89] iov_cnt=2 total_len=525:
  iov[0](12): 00 00 00 00 00 00 00 00 01 02 00 00 
  iov[1](513): 00 01 ff ff ff ff ff ff ff ff ff ff ff ff ff ff ff ff ff ff 
[SEND #90] iov_cnt=2 total_len=13:
  iov[0](12): 01 00 00 00 00 00 00 00 01 00 00 00 
  iov[1](1): 00 
[SEND #91] iov_cnt=2 total_len=28:
  iov[0](12): 01 00 00 00 00 00 00 00 10 00 00 00 
  iov[1](16): 00 00 00 00 00 00 00 00 00 00 00 00 00 00 00 00 
[SEND #92] iov_cnt=2 total_len=525:
  iov[0](12): 00 00 00 00 00 00 00 00 01 02 00 00 
  iov[1](513): 00 01 ff ff ff ff ff ff ff ff ff ff ff ff ff ff ff ff ff ff 
[SEND #93] iov_cnt=2 total_len=13:
  iov[0](12): 01 00 00 00 00 00 00 00 01 00 00 00 
  iov[1](1): 00 
[SEND #94] iov_cnt=2 total_len=28:
  iov[0](12): 01 00 00 00 00 00 00 00 10 00 00 00 
  iov[1](16): 00 00 00 00 00 00 00 00 00 00 00 00 00 00 00 00 
[SEND #95] iov_cnt=2 total_len=525:
  iov[0](12): 00 00 00 00 00 00 00 00 01 02 00 00 
  iov[1](513): 00 01 ff ff ff ff ff ff ff ff ff ff ff ff ff ff ff ff ff ff 
[SEND #96] iov_cnt=2 total_len=13:
  iov[0](12): 01 00 00 00 00 00 00 00 01 00 00 00 
  iov[1](1): 00 
[SEND #97] iov_cnt=2 total_len=28:
  iov[0](12): 01 00 00 00 00 00 00 00 10 00 00 00 
  iov[1](16): 00 00 00 00 00 00 00 00 00 00 00 00 00 00 00 00 
[SEND #98] iov_cnt=2 total_len=525:
  iov[0](12): 00 00 00 00 00 00 00 00 01 02 00 00 
  iov[1](513): 00 01 ff ff ff ff ff ff ff ff ff ff ff ff ff ff ff ff ff ff 
[SEND #99] iov_cnt=2 total_len=13:
  iov[0](12): 01 00 00 00 00 00 00 00 01 00 00 00 
  iov[1](1): 00 
[SEND #100] iov_cnt=2 total_len=28:
  iov[0](12): 01 00 00 00 00 00 00 00 10 00 00 00 
  iov[1](16): 00 00 00 00 00 00 00 00 00 00 00 00 00 00 00 00 
[SEND #101] iov_cnt=2 total_len=525:
  iov[0](12): 00 00 00 00 00 00 00 00 01 02 00 00 
  iov[1](513): 00 01 ff ff ff ff ff ff ff ff ff ff ff ff ff ff ff ff ff ff 
[SEND #102] iov_cnt=2 total_len=13:
  iov[0](12): 01 00 00 00 00 00 00 00 01 00 00 00 
  iov[1](1): 00 
[SEND #103] iov_cnt=2 total_len=28:
  iov[0](12): 01 00 00 00 00 00 00 00 10 00 00 00 
  iov[1](16): 00 00 00 00 00 00 00 00 00 00 00 00 00 00 00 00 
[SEND #104] iov_cnt=2 total_len=525:
  iov[0](12): 00 00 00 00 00 00 00 00 01 02 00 00 
  iov[1](513): 00 01 ff ff ff ff ff ff ff ff ff ff ff ff ff ff ff ff ff ff 
[SEND #105] iov_cnt=2 total_len=13:
  iov[0](12): 01 00 00 00 00 00 00 00 01 00 00 00 
  iov[1](1): 00 
[SEND #106] iov_cnt=2 total_len=28:
  iov[0](12): 01 00 00 00 00 00 00 00 10 00 00 00 
  iov[1](16): 00 00 00 00 00 00 00 00 00 00 00 00 00 00 00 00 
[SEND #107] iov_cnt=2 total_len=269:
  iov[0](12): 00 00 00 00 00 00 00 00 01 01 00 00 
  iov[1](257): 00 01 ff ff ff ff ff ff ff ff ff ff ff ff ff ff ff ff ff ff 
[SEND #108] iov_cnt=2 total_len=13:
  iov[0](12): 01 00 00 00 00 00 00 00 01 00 00 00 
  iov[1](1): 00 
[SEND #109] iov_cnt=2 total_len=28:
  iov[0](12): 01 00 00 00 00 00 00 00 10 00 00 00 
  iov[1](16): 00 00 00 00 00 00 00 00 00 00 00 00 00 00 00 00 
[SEND #110] iov_cnt=2 total_len=269:
  iov[0](12): 00 00 00 00 00 00 00 00 01 01 00 00 
  iov[1](257): 00 01 ff ff ff ff ff ff ff ff ff ff ff ff ff ff ff ff ff ff 
[SEND #111] iov_cnt=2 total_len=13:
  iov[0](12): 01 00 00 00 00 00 00 00 01 00 00 00 
  iov[1](1): 00 
[SEND #112] iov_cnt=2 total_len=28:
  iov[0](12): 01 00 00 00 00 00 00 00 10 00 00 00 
  iov[1](16): 00 00 00 00 00 00 00 00 00 00 00 00 00 00 00 00 
[SEND #113] iov_cnt=2 total_len=269:
  iov[0](12): 00 00 00 00 00 00 00 00 01 01 00 00 
  iov[1](257): 00 01 ff ff ff ff ff ff ff ff ff ff ff ff ff ff ff ff ff ff 
[SEND #114] iov_cnt=2 total_len=13:
  iov[0](12): 01 00 00 00 00 00 00 00 01 00 00 00 
  iov[1](1): 00 
[SEND #115] iov_cnt=2 total_len=28:
  iov[0](12): 01 00 00 00 00 00 00 00 10 00 00 00 
  iov[1](16): 00 00 00 00 00 00 00 00 00 00 00 00 00 00 00 00 
[SEND #116] iov_cnt=2 total_len=269:
  iov[0](12): 00 00 00 00 00 00 00 00 01 01 00 00 
  iov[1](257): 00 01 ff ff ff ff ff ff ff ff ff ff ff ff ff ff ff ff ff ff 
[SEND #117] iov_cnt=2 total_len=13:
  iov[0](12): 01 00 00 00 00 00 00 00 01 00 00 00 
  iov[1](1): 00 
[SEND #118] iov_cnt=2 total_len=28:
  iov[0](12): 01 00 00 00 00 00 00 00 10 00 00 00 
  iov[1](16): 00 00 00 00 00 00 00 00 00 00 00 00 00 00 00 00 
[SEND #119] iov_cnt=2 total_len=269:
  iov[0](12): 00 00 00 00 00 00 00 00 01 01 00 00 
  iov[1](257): 00 01 ff ff ff ff ff ff ff ff ff ff ff ff ff ff ff ff ff ff 
[SEND #120] iov_cnt=2 total_len=13:
  iov[0](12): 01 00 00 00 00 00 00 00 01 00 00 00 
  iov[1](1): 00 
[SEND #121] iov_cnt=2 total_len=28:
  iov[0](12): 01 00 00 00 00 00 00 00 10 00 00 00 
  iov[1](16): 00 00 00 00 00 00 00 00 00 00 00 00 00 00 00 00 
[SEND #122] iov_cnt=2 total_len=28:
  iov[0](12): 01 00 00 00 00 00 00 00 10 00 00 00 
  iov[1](16): 01 00 00 00 00 00 00 00 00 00 00 00 00 00 00 00 
[SEND #123] iov_cnt=2 total_len=29:
  iov[0](12): 00 00 00 00 00 00 00 00 11 00 00 00 
  iov[1](17): df 55 6a 33 43 8d b8 7b c4 1b 17 52 c5 5e 5e 49 00 
[SEND #124] iov_cnt=2 total_len=28:
  iov[0](12): 01 00 00 00 00 00 00 00 10 00 00 00 
  iov[1](16): 02 00 00 00 00 00 00 00 00 00 00 00 00 00 00 00 
[SEND #125] iov_cnt=2 total_len=28:
  iov[0](12): 01 00 00 00 00 00 00 00 10 00 00 00 
  iov[1](16): 03 00 00 00 00 00 00 00 00 00 00 00 00 00 00 00 
[SEND #126] iov_cnt=2 total_len=29:
  iov[0](12): 00 00 00 00 00 00 00 00 11 00 00 00 
  iov[1](17): b7 97 2b 39 41 c4 4b 90 af a7 b2 64 bf ba 73 87 00 
[SEND #127] iov_cnt=2 total_len=13:
  iov[0](12): 01 00 00 00 00 00 00 00 01 00 00 00 
  iov[1](1): 00 
[SEND #128] iov_cnt=2 total_len=13:
  iov[0](12): 01 00 00 00 00 00 00 00 01 00 00 00 
  iov[1](1): 00 
[SEND #129] iov_cnt=2 total_len=28:
  iov[0](12): 01 00 00 00 00 00 00 00 10 00 00 00 
  iov[1](16): 02 00 00 00 00 00 00 00 00 00 00 00 00 00 00 00 
[SEND #130] iov_cnt=2 total_len=28:
  iov[0](12): 01 00 00 00 00 00 00 00 10 00 00 00 
  iov[1](16): 03 00 00 00 00 00 00 00 00 00 00 00 00 00 00 00 
[SEND #131] iov_cnt=2 total_len=13709:
  iov[0](12): 00 00 00 00 00 00 00 00 81 35 00 00 
  iov[1](13697): 9c c6 99 24 11 eb 3c 12 4b 15 a8 65 09 b6 27 10 f1 83 9d 7f 
[SEND #132] iov_cnt=2 total_len=13:
  iov[0](12): 01 00 00 00 00 00 00 00 01 00 00 00 
  iov[1](1): 00 
[SEND #133] iov_cnt=2 total_len=13:
  iov[0](12): 01 00 00 00 00 00 00 00 01 00 00 00 
  iov[1](1): 00 
[SEND #134] iov_cnt=2 total_len=28:
  iov[0](12): 01 00 00 00 00 00 00 00 10 00 00 00 
  iov[1](16): 02 00 00 00 00 00 00 00 00 00 00 00 00 00 00 00 
[SEND #135] iov_cnt=2 total_len=28:
  iov[0](12): 01 00 00 00 00 00 00 00 10 00 00 00 
  iov[1](16): 03 00 00 00 00 00 00 00 00 00 00 00 00 00 00 00 
[SEND #136] iov_cnt=2 total_len=13709:
  iov[0](12): 00 00 00 00 00 00 00 00 81 35 00 00 
  iov[1](13697): 15 15 15 15 15 15 15 15 15 15 15 15 15 15 15 15 15 15 15 15 
[SEND #137] iov_cnt=2 total_len=13:
  iov[0](12): 01 00 00 00 00 00 00 00 01 00 00 00 
  iov[1](1): 00 
[SEND #138] iov_cnt=2 total_len=13:
  iov[0](12): 01 00 00 00 00 00 00 00 01 00 00 00 
  iov[1](1): 00 
[SEND #139] iov_cnt=2 total_len=13:
  iov[0](12): 01 00 00 00 00 00 00 00 01 00 00 00 
  iov[1](1): 00 
[SEND #140] iov_cnt=2 total_len=13:
  iov[0](12): 01 00 00 00 00 00 00 00 01 00 00 00 
  iov[1](1): 00 